Archive member included to satisfy reference by file (symbol)

d:/st/stm32cubeide_1.7.0/stm32cubeide/plugins/com.st.stm32cube.ide.mcu.externaltools.gnu-tools-for-stm32.9-2020-q2-update.win32_2.0.0.202105311346/tools/bin/../lib/gcc/arm-none-eabi/9.3.1/../../../../arm-none-eabi/lib/thumb/v7-m/nofp\libc_nano.a(lib_a-errno.o)
                              ./Core/Src/syscalls.o (__errno)
d:/st/stm32cubeide_1.7.0/stm32cubeide/plugins/com.st.stm32cube.ide.mcu.externaltools.gnu-tools-for-stm32.9-2020-q2-update.win32_2.0.0.202105311346/tools/bin/../lib/gcc/arm-none-eabi/9.3.1/../../../../arm-none-eabi/lib/thumb/v7-m/nofp\libc_nano.a(lib_a-exit.o)
                              d:/st/stm32cubeide_1.7.0/stm32cubeide/plugins/com.st.stm32cube.ide.mcu.externaltools.gnu-tools-for-stm32.9-2020-q2-update.win32_2.0.0.202105311346/tools/bin/../lib/gcc/arm-none-eabi/9.3.1/../../../../arm-none-eabi/lib/thumb/v7-m/nofp/crt0.o (exit)
d:/st/stm32cubeide_1.7.0/stm32cubeide/plugins/com.st.stm32cube.ide.mcu.externaltools.gnu-tools-for-stm32.9-2020-q2-update.win32_2.0.0.202105311346/tools/bin/../lib/gcc/arm-none-eabi/9.3.1/../../../../arm-none-eabi/lib/thumb/v7-m/nofp\libc_nano.a(lib_a-impure.o)
                              d:/st/stm32cubeide_1.7.0/stm32cubeide/plugins/com.st.stm32cube.ide.mcu.externaltools.gnu-tools-for-stm32.9-2020-q2-update.win32_2.0.0.202105311346/tools/bin/../lib/gcc/arm-none-eabi/9.3.1/../../../../arm-none-eabi/lib/thumb/v7-m/nofp\libc_nano.a(lib_a-exit.o) (_global_impure_ptr)
d:/st/stm32cubeide_1.7.0/stm32cubeide/plugins/com.st.stm32cube.ide.mcu.externaltools.gnu-tools-for-stm32.9-2020-q2-update.win32_2.0.0.202105311346/tools/bin/../lib/gcc/arm-none-eabi/9.3.1/../../../../arm-none-eabi/lib/thumb/v7-m/nofp\libc_nano.a(lib_a-init.o)
                              d:/st/stm32cubeide_1.7.0/stm32cubeide/plugins/com.st.stm32cube.ide.mcu.externaltools.gnu-tools-for-stm32.9-2020-q2-update.win32_2.0.0.202105311346/tools/bin/../lib/gcc/arm-none-eabi/9.3.1/../../../../arm-none-eabi/lib/thumb/v7-m/nofp/crt0.o (__libc_init_array)
d:/st/stm32cubeide_1.7.0/stm32cubeide/plugins/com.st.stm32cube.ide.mcu.externaltools.gnu-tools-for-stm32.9-2020-q2-update.win32_2.0.0.202105311346/tools/bin/../lib/gcc/arm-none-eabi/9.3.1/../../../../arm-none-eabi/lib/thumb/v7-m/nofp\libc_nano.a(lib_a-memcpy-stub.o)
                              ./Core/can/user_can.o (memcpy)
d:/st/stm32cubeide_1.7.0/stm32cubeide/plugins/com.st.stm32cube.ide.mcu.externaltools.gnu-tools-for-stm32.9-2020-q2-update.win32_2.0.0.202105311346/tools/bin/../lib/gcc/arm-none-eabi/9.3.1/../../../../arm-none-eabi/lib/thumb/v7-m/nofp\libc_nano.a(lib_a-memset.o)
                              d:/st/stm32cubeide_1.7.0/stm32cubeide/plugins/com.st.stm32cube.ide.mcu.externaltools.gnu-tools-for-stm32.9-2020-q2-update.win32_2.0.0.202105311346/tools/bin/../lib/gcc/arm-none-eabi/9.3.1/../../../../arm-none-eabi/lib/thumb/v7-m/nofp/crt0.o (memset)
d:/st/stm32cubeide_1.7.0/stm32cubeide/plugins/com.st.stm32cube.ide.mcu.externaltools.gnu-tools-for-stm32.9-2020-q2-update.win32_2.0.0.202105311346/tools/bin/../lib/gcc/arm-none-eabi/9.3.1/../../../../arm-none-eabi/lib/thumb/v7-m/nofp\libc_nano.a(lib_a-printf.o)
                              ./Core/module/uart_module.o (printf)
d:/st/stm32cubeide_1.7.0/stm32cubeide/plugins/com.st.stm32cube.ide.mcu.externaltools.gnu-tools-for-stm32.9-2020-q2-update.win32_2.0.0.202105311346/tools/bin/../lib/gcc/arm-none-eabi/9.3.1/../../../../arm-none-eabi/lib/thumb/v7-m/nofp\libc_nano.a(lib_a-findfp.o)
                              d:/st/stm32cubeide_1.7.0/stm32cubeide/plugins/com.st.stm32cube.ide.mcu.externaltools.gnu-tools-for-stm32.9-2020-q2-update.win32_2.0.0.202105311346/tools/bin/../lib/gcc/arm-none-eabi/9.3.1/../../../../arm-none-eabi/lib/thumb/v7-m/nofp\libc_nano.a(lib_a-printf.o) (__sinit)
d:/st/stm32cubeide_1.7.0/stm32cubeide/plugins/com.st.stm32cube.ide.mcu.externaltools.gnu-tools-for-stm32.9-2020-q2-update.win32_2.0.0.202105311346/tools/bin/../lib/gcc/arm-none-eabi/9.3.1/../../../../arm-none-eabi/lib/thumb/v7-m/nofp\libc_nano.a(lib_a-fwalk.o)
                              d:/st/stm32cubeide_1.7.0/stm32cubeide/plugins/com.st.stm32cube.ide.mcu.externaltools.gnu-tools-for-stm32.9-2020-q2-update.win32_2.0.0.202105311346/tools/bin/../lib/gcc/arm-none-eabi/9.3.1/../../../../arm-none-eabi/lib/thumb/v7-m/nofp\libc_nano.a(lib_a-findfp.o) (_fwalk)
d:/st/stm32cubeide_1.7.0/stm32cubeide/plugins/com.st.stm32cube.ide.mcu.externaltools.gnu-tools-for-stm32.9-2020-q2-update.win32_2.0.0.202105311346/tools/bin/../lib/gcc/arm-none-eabi/9.3.1/../../../../arm-none-eabi/lib/thumb/v7-m/nofp\libc_nano.a(lib_a-lock.o)
                              d:/st/stm32cubeide_1.7.0/stm32cubeide/plugins/com.st.stm32cube.ide.mcu.externaltools.gnu-tools-for-stm32.9-2020-q2-update.win32_2.0.0.202105311346/tools/bin/../lib/gcc/arm-none-eabi/9.3.1/../../../../arm-none-eabi/lib/thumb/v7-m/nofp\libc_nano.a(lib_a-findfp.o) (__retarget_lock_init_recursive)
[...]
Memory Configuration

Name             Origin             Length             Attributes
RAM              0x0000000020000000 0x0000000000002800 xrw
FLASH            0x0000000008000000 0x0000000000008000 xr
*default*        0x0000000000000000 0xffffffffffffffff

Linker script and memory map

LOAD d:/st/stm32cubeide_1.7.0/stm32cubeide/plugins/com.st.stm32cube.ide.mcu.externaltools.gnu-tools-for-stm32.9-2020-q2-update.win32_2.0.0.202105311346/tools/bin/../lib/gcc/arm-none-eabi/9.3.1/thumb/v7-m/nofp/crti.o
LOAD d:/st/stm32cubeide_1.7.0/stm32cubeide/plugins/com.st.stm32cube.ide.mcu.externaltools.gnu-tools-for-stm32.9-2020-q2-update.win32_2.0.0.202105311346/tools/bin/../lib/gcc/arm-none-eabi/9.3.1/thumb/v7-m/nofp/crtbegin.o
LOAD d:/st/stm32cubeide_1.7.0/stm32cubeide/plugins/com.st.stm32cube.ide.mcu.externaltools.gnu-tools-for-stm32.9-2020-q2-update.win32_2.0.0.202105311346/tools/bin/../lib/gcc/arm-none-eabi/9.3.1/../../../../arm-none-eabi/lib/thumb/v7-m/nofp/crt0.o
LOAD ./Core/Src/can.o
LOAD ./Core/Src/dma.o
LOAD ./Core/Src/gpio.o
LOAD ./Core/Src/iwdg.o
LOAD ./Core/Src/main.o
LOAD ./Core/Src/stm32f1xx_hal_msp.o
LOAD ./Core/Src/stm32f1xx_it.o
LOAD ./Core/Src/syscalls.o
LOAD ./Core/Src/sysmem.o
LOAD ./Core/Src/system_stm32f1xx.o
LOAD ./Core/Src/tim.o
LOAD ./Core/Src/usart.o
LOAD ./Core/Startup/startup_stm32f103c6tx.o
LOAD ./Core/can/user_can.o
LOAD ./Core/module/timmer_model.o
LOAD ./Core/module/uart_module.o
LOAD ./Core/protocol/bat_can.o
LOAD ./Core/protocol/single_wire.o
LOAD ./Drivers/STM32F1xx_HAL_Driver/Src/stm32f1xx_hal.o
LOAD ./Drivers/STM32F1xx_HAL_Driver/Src/stm32f1xx_hal_can.o
LOAD ./Drivers/STM32F1xx_HAL_Driver/Src/stm32f1xx_hal_cortex.o
LOAD ./Drivers/STM32F1xx_HAL_Driver/Src/stm32f1xx_hal_dma.o
LOAD ./Drivers/STM32F1xx_HAL_Driver/Src/stm32f1xx_hal_exti.o
LOAD ./Drivers/STM32F1xx_HAL_Driver/Src/stm32f1xx_hal_flash.o
LOAD ./Drivers/STM32F1xx_HAL_Driver/Src/stm32f1xx_hal_flash_ex.o
LOAD ./Drivers/STM32F1xx_HAL_Driver/Src/stm32f1xx_hal_gpio.o
LOAD ./Drivers/STM32F1xx_HAL_Driver/Src/stm32f1xx_hal_gpio_ex.o
LOAD ./Drivers/STM32F1xx_HAL_Driver/Src/stm32f1xx_hal_iwdg.o
LOAD ./Drivers/STM32F1xx_HAL_Driver/Src/stm32f1xx_hal_pwr.o
LOAD ./Drivers/STM32F1xx_HAL_Driver/Src/stm32f1xx_hal_rcc.o
LOAD ./Drivers/STM32F1xx_HAL_Driver/Src/stm32f1xx_hal_rcc_ex.o
LOAD ./Drivers/STM32F1xx_HAL_Driver/Src/stm32f1xx_hal_tim.o
LOAD ./Drivers/STM32F1xx_HAL_Driver/Src/stm32f1xx_hal_tim_ex.o
LOAD ./Drivers/STM32F1xx_HAL_Driver/Src/stm32f1xx_hal_uart.o
START GROUP
LOAD d:/st/stm32cubeide_1.7.0/stm32cubeide/plugins/com.st.stm32cube.ide.mcu.externaltools.gnu-tools-for-stm32.9-2020-q2-update.win32_2.0.0.202105311346/tools/bin/../lib/gcc/arm-none-eabi/9.3.1/../../../../arm-none-eabi/lib/thumb/v7-m/nofp\libc_nano.a
LOAD d:/st/stm32cubeide_1.7.0/stm32cubeide/plugins/com.st.stm32cube.ide.mcu.externaltools.gnu-tools-for-stm32.9-2020-q2-update.win32_2.0.0.202105311346/tools/bin/../lib/gcc/arm-none-eabi/9.3.1/../../../../arm-none-eabi/lib/thumb/v7-m/nofp\libm.a
END GROUP
START GROUP
LOAD d:/st/stm32cubeide_1.7.0/stm32cubeide/plugins/com.st.stm32cube.ide.mcu.externaltools.gnu-tools-for-stm32.9-2020-q2-update.win32_2.0.0.202105311346/tools/bin/../lib/gcc/arm-none-eabi/9.3.1/thumb/v7-m/nofp\libgcc.a
LOAD d:/st/stm32cubeide_1.7.0/stm32cubeide/plugins/com.st.stm32cube.ide.mcu.externaltools.gnu-tools-for-stm32.9-2020-q2-update.win32_2.0.0.202105311346/tools/bin/../lib/gcc/arm-none-eabi/9.3.1/../../../../arm-none-eabi/lib/thumb/v7-m/nofp\libc_nano.a
END GROUP
START GROUP
LOAD d:/st/stm32cubeide_1.7.0/stm32cubeide/plugins/com.st.stm32cube.ide.mcu.externaltools.gnu-tools-for-stm32.9-2020-q2-update.win32_2.0.0.202105311346/tools/bin/../lib/gcc/arm-none-eabi/9.3.1/thumb/v7-m/nofp\libgcc.a
LOAD d:/st/stm32cubeide_1.7.0/stm32cubeide/plugins/com.st.stm32cube.ide.mcu.externaltools.gnu-tools-for-stm32.9-2020-q2-update.win32_2.0.0.202105311346/tools/bin/../lib/gcc/arm-none-eabi/9.3.1/../../../../arm-none-eabi/lib/thumb/v7-m/nofp\libc_nano.a
LOAD d:/st/stm32cubeide_1.7.0/stm32cubeide/plugins/com.st.stm32cube.ide.mcu.externaltools.gnu-tools-for-stm32.9-2020-q2-update.win32_2.0.0.202105311346/tools/bin/../lib/gcc/arm-none-eabi/9.3.1/../../../../arm-none-eabi/lib/thumb/v7-m/nofp\libnosys.a
END GROUP
START GROUP
LOAD d:/st/stm32cubeide_1.7.0/stm32cubeide/plugins/com.st.stm32cube.ide.mcu.externaltools.gnu-tools-for-stm32.9-2020-q2-update.win32_2.0.0.202105311346/tools/bin/../lib/gcc/arm-none-eabi/9.3.1/thumb/v7-m/nofp\libgcc.a
LOAD d:/st/stm32cubeide_1.7.0/stm32cubeide/plugins/com.st.stm32cube.ide.mcu.externaltools.gnu-tools-for-stm32.9-2020-q2-update.win32_2.0.0.202105311346/tools/bin/../lib/gcc/arm-none-eabi/9.3.1/../../../../arm-none-eabi/lib/thumb/v7-m/nofp\libc_nano.a
LOAD d:/st/stm32cubeide_1.7.0/stm32cubeide/plugins/com.st.stm32cube.ide.mcu.externaltools.gnu-tools-for-stm32.9-2020-q2-update.win32_2.0.0.202105311346/tools/bin/../lib/gcc/arm-none-eabi/9.3.1/../../../../arm-none-eabi/lib/thumb/v7-m/nofp\libnosys.a
END GROUP
LOAD d:/st/stm32cubeide_1.7.0/stm32cubeide/plugins/com.st.stm32cube.ide.mcu.externaltools.gnu-tools-for-stm32.9-2020-q2-update.win32_2.0.0.202105311346/tools/bin/../lib/gcc/arm-none-eabi/9.3.1/thumb/v7-m/nofp/crtend.o
LOAD d:/st/stm32cubeide_1.7.0/stm32cubeide/plugins/com.st.stm32cube.ide.mcu.externaltools.gnu-tools-for-stm32.9-2020-q2-update.win32_2.0.0.202105311346/tools/bin/../lib/gcc/arm-none-eabi/9.3.1/thumb/v7-m/nofp/crtn.o
                0x0000000020002800                _estack = (ORIGIN (RAM) + LENGTH (RAM))
                0x0000000000000200                _Min_Heap_Size = 0x200
                0x0000000000000400                _Min_Stack_Size = 0x400

.isr_vector     0x0000000008000000      0x10c
                0x0000000008000000                . = ALIGN (0x4)
 *(.isr_vector)
 .isr_vector    0x0000000008000000      0x10c ./Core/Startup/startup_stm32f103c6tx.o
                0x0000000008000000                g_pfnVectors
                0x000000000800010c                . = ALIGN (0x4)

.text           0x000000000800010c     0x5014
                0x000000000800010c                . = ALIGN (0x4)
 *(.text)
 .text          0x000000000800010c       0x40 d:/st/stm32cubeide_1.7.0/stm32cubeide/plugins/com.st.stm32cube.ide.mcu.externaltools.gnu-tools-for-stm32.9-2020-q2-update.win32_2.0.0.202105311346/tools/bin/../lib/gcc/arm-none-eabi/9.3.1/thumb/v7-m/nofp/crtbegin.o
 *(.text*)
 .text.MX_CAN_Init
                0x000000000800014c       0x6c ./Core/Src/can.o
                0x000000000800014c                MX_CAN_Init
 .text.HAL_CAN_MspInit
                0x00000000080001b8       0xa8 ./Core/Src/can.o
                0x00000000080001b8                HAL_CAN_MspInit
 .text.HAL_CAN_MspDeInit
                0x0000000008000260       0x44 ./Core/Src/can.o
                0x0000000008000260                HAL_CAN_MspDeInit
 .text.MX_DMA_Init
                0x00000000080002a4       0x3c ./Core/Src/dma.o
                0x00000000080002a4                MX_DMA_Init
 .text.MX_GPIO_Init
                0x00000000080002e0       0x98 ./Core/Src/gpio.o
                0x00000000080002e0                MX_GPIO_Init
 .text.MX_IWDG_Init
                0x0000000008000378       0x34 ./Core/Src/iwdg.o
                0x0000000008000378                MX_IWDG_Init
 .text.main     0x00000000080003ac       0x6c ./Core/Src/main.o
                0x00000000080003ac                main
 .text.SystemClock_Config
                0x0000000008000418       0x8e ./Core/Src/main.o
                0x0000000008000418                SystemClock_Config
 .text.Error_Handler
                0x00000000080004a6        0xa ./Core/Src/main.o
                0x00000000080004a6                Error_Handler
 .text.HAL_MspInit
                0x00000000080004b0       0x64 ./Core/Src/stm32f1xx_hal_msp.o
                0x00000000080004b0                HAL_MspInit
 .text.NMI_Handler
                0x0000000008000514        0x6 ./Core/Src/stm32f1xx_it.o
                0x0000000008000514                NMI_Handler
 .text.HardFault_Handler
                0x000000000800051a        0x6 ./Core/Src/stm32f1xx_it.o
                0x000000000800051a                HardFault_Handler
 .text.MemManage_Handler
                0x0000000008000520        0x6 ./Core/Src/stm32f1xx_it.o
                0x0000000008000520                MemManage_Handler
 .text.BusFault_Handler
                0x0000000008000526        0x6 ./Core/Src/stm32f1xx_it.o
                0x0000000008000526                BusFault_Handler
 .text.UsageFault_Handler
                0x000000000800052c        0x6 ./Core/Src/stm32f1xx_it.o
                0x000000000800052c                UsageFault_Handler
 .text.SVC_Handler
                0x0000000008000532        0xc ./Core/Src/stm32f1xx_it.o
                0x0000000008000532                SVC_Handler
 .text.DebugMon_Handler
                0x000000000800053e        0xc ./Core/Src/stm32f1xx_it.o
                0x000000000800053e                DebugMon_Handler
 .text.PendSV_Handler
                0x000000000800054a        0xc ./Core/Src/stm32f1xx_it.o
                0x000000000800054a                PendSV_Handler
 .text.SysTick_Handler
                0x0000000008000556        0xc ./Core/Src/stm32f1xx_it.o
                0x0000000008000556                SysTick_Handler
 *fill*         0x0000000008000562        0x2 
 .text.DMA1_Channel6_IRQHandler
                0x0000000008000564       0x14 ./Core/Src/stm32f1xx_it.o
                0x0000000008000564                DMA1_Channel6_IRQHandler
 .text.USB_LP_CAN1_RX0_IRQHandler
                0x0000000008000578       0x14 ./Core/Src/stm32f1xx_it.o
                0x0000000008000578                USB_LP_CAN1_RX0_IRQHandler
 .text.TIM2_IRQHandler
                0x000000000800058c       0x14 ./Core/Src/stm32f1xx_it.o
                0x000000000800058c                TIM2_IRQHandler
 .text.USART2_IRQHandler
                0x00000000080005a0       0x1c ./Core/Src/stm32f1xx_it.o
                0x00000000080005a0                USART2_IRQHandler
 .text.SystemInit
                0x00000000080005bc        0xc ./Core/Src/system_stm32f1xx.o
                0x00000000080005bc                SystemInit
 .text.MX_TIM2_Init
                0x00000000080005c8       0x9c ./Core/Src/tim.o
                0x00000000080005c8                MX_TIM2_Init
 .text.HAL_TIM_Base_MspInit
                0x0000000008000664       0x48 ./Core/Src/tim.o
                0x0000000008000664                HAL_TIM_Base_MspInit
 .text.MX_USART2_UART_Init
                0x00000000080006ac       0x54 ./Core/Src/usart.o
                0x00000000080006ac                MX_USART2_UART_Init
 .text.HAL_UART_MspInit
                0x0000000008000700       0xf8 ./Core/Src/usart.o
                0x0000000008000700                HAL_UART_MspInit
 .text.Reset_Handler
                0x00000000080007f8       0x48 ./Core/Startup/startup_stm32f103c6tx.o
                0x00000000080007f8                Reset_Handler
 .text.Default_Handler
                0x0000000008000840        0x2 ./Core/Startup/startup_stm32f103c6tx.o
                0x0000000008000840                RTC_Alarm_IRQHandler
                0x0000000008000840                EXTI2_IRQHandler
                0x0000000008000840                TIM1_CC_IRQHandler
                0x0000000008000840                PVD_IRQHandler
                0x0000000008000840                EXTI3_IRQHandler
                0x0000000008000840                EXTI0_IRQHandler
                0x0000000008000840                ADC1_2_IRQHandler
                0x0000000008000840                SPI1_IRQHandler
                0x0000000008000840                TAMPER_IRQHandler
                0x0000000008000840                DMA1_Channel4_IRQHandler
                0x0000000008000840                RTC_IRQHandler
                0x0000000008000840                DMA1_Channel7_IRQHandler
                0x0000000008000840                CAN1_RX1_IRQHandler
                0x0000000008000840                I2C1_EV_IRQHandler
                0x0000000008000840                TIM3_IRQHandler
                0x0000000008000840                RCC_IRQHandler
                0x0000000008000840                TIM1_TRG_COM_IRQHandler
                0x0000000008000840                DMA1_Channel1_IRQHandler
                0x0000000008000840                Default_Handler
                0x0000000008000840                EXTI15_10_IRQHandler
                0x0000000008000840                EXTI9_5_IRQHandler
                0x0000000008000840                DMA1_Channel5_IRQHandler
                0x0000000008000840                EXTI4_IRQHandler
                0x0000000008000840                USB_HP_CAN1_TX_IRQHandler
                0x0000000008000840                DMA1_Channel3_IRQHandler
                0x0000000008000840                TIM1_UP_IRQHandler
                0x0000000008000840                WWDG_IRQHandler
                0x0000000008000840                TIM1_BRK_IRQHandler
                0x0000000008000840                EXTI1_IRQHandler
                0x0000000008000840                DMA1_Channel2_IRQHandler
                0x0000000008000840                CAN1_SCE_IRQHandler
                0x0000000008000840                FLASH_IRQHandler
                0x0000000008000840                USART1_IRQHandler
                0x0000000008000840                I2C1_ER_IRQHandler
                0x0000000008000840                USBWakeUp_IRQHandler
 *fill*         0x0000000008000842        0x2 
 .text.CAN1_Config
                0x0000000008000844       0x70 ./Core/can/user_can.o
                0x0000000008000844                CAN1_Config
 .text.HAL_CAN_RxFifo0MsgPendingCallback
                0x00000000080008b4       0x40 ./Core/can/user_can.o
                0x00000000080008b4                HAL_CAN_RxFifo0MsgPendingCallback
 .text.user_can_send_data
                0x00000000080008f4       0x54 ./Core/can/user_can.o
                0x00000000080008f4                user_can_send_data
 .text.getCheckSum
                0x0000000008000948       0x42 ./Core/can/user_can.o
                0x0000000008000948                getCheckSum
 *fill*         0x000000000800098a        0x2 
 .text.HAL_TIM_PeriodElapsedCallback
                0x000000000800098c       0x5c ./Core/module/timmer_model.o
                0x000000000800098c                HAL_TIM_PeriodElapsedCallback
 .text.uart_module_init
                0x00000000080009e8       0x46 ./Core/module/uart_module.o
                0x00000000080009e8                uart_module_init
 *fill*         0x0000000008000a2e        0x2 
 .text.uart_module_IRQHandler
                0x0000000008000a30       0x74 ./Core/module/uart_module.o
                0x0000000008000a30                uart_module_IRQHandler
 .text.uart_module_send_hex
                0x0000000008000aa4       0x38 ./Core/module/uart_module.o
                0x0000000008000aa4                uart_module_send_hex
 .text.uart_module_stop_receive
                0x0000000008000adc       0x1a ./Core/module/uart_module.o
                0x0000000008000adc                uart_module_stop_receive
 .text.uart_module_start_receive
                0x0000000008000af6       0x28 ./Core/module/uart_module.o
                0x0000000008000af6                uart_module_start_receive
 *fill*         0x0000000008000b1e        0x2 
 .text.bat_can_data_handler
                0x0000000008000b20      0x5fc ./Core/protocol/bat_can.o
                0x0000000008000b20                bat_can_data_handler
 .text.bat_charge_management
                0x000000000800111c      0x414 ./Core/protocol/bat_can.o
                0x000000000800111c                bat_charge_management
 .text.check_sum_head
                0x0000000008001530       0x6e ./Core/protocol/single_wire.o
                0x0000000008001530                check_sum_head
 *fill*         0x000000000800159e        0x2 
 .text.signal_wire_read_handler
                0x00000000080015a0      0x33c ./Core/protocol/single_wire.o
                0x00000000080015a0                signal_wire_read_handler
 .text.HAL_Init
                0x00000000080018dc       0x2c ./Drivers/STM32F1xx_HAL_Driver/Src/stm32f1xx_hal.o
                0x00000000080018dc                HAL_Init
 .text.HAL_InitTick
                0x0000000008001908       0x60 ./Drivers/STM32F1xx_HAL_Driver/Src/stm32f1xx_hal.o
                0x0000000008001908                HAL_InitTick
 .text.HAL_IncTick
                0x0000000008001968       0x24 ./Drivers/STM32F1xx_HAL_Driver/Src/stm32f1xx_hal.o
                0x0000000008001968                HAL_IncTick
 .text.HAL_GetTick
                0x000000000800198c       0x14 ./Drivers/STM32F1xx_HAL_Driver/Src/stm32f1xx_hal.o
                0x000000000800198c                HAL_GetTick
 .text.HAL_Delay
                0x00000000080019a0       0x48 ./Drivers/STM32F1xx_HAL_Driver/Src/stm32f1xx_hal.o
                0x00000000080019a0                HAL_Delay
 .text.HAL_CAN_Init
                0x00000000080019e8      0x1f6 ./Drivers/STM32F1xx_HAL_Driver/Src/stm32f1xx_hal_can.o
                0x00000000080019e8                HAL_CAN_Init
 .text.HAL_CAN_ConfigFilter
                0x0000000008001bde      0x192 ./Drivers/STM32F1xx_HAL_Driver/Src/stm32f1xx_hal_can.o
                0x0000000008001bde                HAL_CAN_ConfigFilter
 .text.HAL_CAN_Start
                0x0000000008001d70       0x88 ./Drivers/STM32F1xx_HAL_Driver/Src/stm32f1xx_hal_can.o
                0x0000000008001d70                HAL_CAN_Start
 .text.HAL_CAN_AddTxMessage
                0x0000000008001df8      0x1b4 ./Drivers/STM32F1xx_HAL_Driver/Src/stm32f1xx_hal_can.o
                0x0000000008001df8                HAL_CAN_AddTxMessage
 .text.HAL_CAN_GetRxMessage
                0x0000000008001fac      0x222 ./Drivers/STM32F1xx_HAL_Driver/Src/stm32f1xx_hal_can.o
                0x0000000008001fac                HAL_CAN_GetRxMessage
 .text.HAL_CAN_ActivateNotification
                0x00000000080021ce       0x4a ./Drivers/STM32F1xx_HAL_Driver/Src/stm32f1xx_hal_can.o
                0x00000000080021ce                HAL_CAN_ActivateNotification
 .text.HAL_CAN_IRQHandler
                0x0000000008002218      0x36e ./Drivers/STM32F1xx_HAL_Driver/Src/stm32f1xx_hal_can.o
                0x0000000008002218                HAL_CAN_IRQHandler
 .text.HAL_CAN_TxMailbox0CompleteCallback
                0x0000000008002586       0x12 ./Drivers/STM32F1xx_HAL_Driver/Src/stm32f1xx_hal_can.o
                0x0000000008002586                HAL_CAN_TxMailbox0CompleteCallback
 .text.HAL_CAN_TxMailbox1CompleteCallback
                0x0000000008002598       0x12 ./Drivers/STM32F1xx_HAL_Driver/Src/stm32f1xx_hal_can.o
                0x0000000008002598                HAL_CAN_TxMailbox1CompleteCallback
 .text.HAL_CAN_TxMailbox2CompleteCallback
                0x00000000080025aa       0x12 ./Drivers/STM32F1xx_HAL_Driver/Src/stm32f1xx_hal_can.o
                0x00000000080025aa                HAL_CAN_TxMailbox2CompleteCallback
 .text.HAL_CAN_TxMailbox0AbortCallback
                0x00000000080025bc       0x12 ./Drivers/STM32F1xx_HAL_Driver/Src/stm32f1xx_hal_can.o
                0x00000000080025bc                HAL_CAN_TxMailbox0AbortCallback
 .text.HAL_CAN_TxMailbox1AbortCallback
                0x00000000080025ce       0x12 ./Drivers/STM32F1xx_HAL_Driver/Src/stm32f1xx_hal_can.o
                0x00000000080025ce                HAL_CAN_TxMailbox1AbortCallback
 .text.HAL_CAN_TxMailbox2AbortCallback
                0x00000000080025e0       0x12 ./Drivers/STM32F1xx_HAL_Driver/Src/stm32f1xx_hal_can.o
                0x00000000080025e0                HAL_CAN_TxMailbox2AbortCallback
 .text.HAL_CAN_RxFifo0FullCallback
                0x00000000080025f2       0x12 ./Drivers/STM32F1xx_HAL_Driver/Src/stm32f1xx_hal_can.o
                0x00000000080025f2                HAL_CAN_RxFifo0FullCallback
 .text.HAL_CAN_RxFifo1MsgPendingCallback
                0x0000000008002604       0x12 ./Drivers/STM32F1xx_HAL_Driver/Src/stm32f1xx_hal_can.o
                0x0000000008002604                HAL_CAN_RxFifo1MsgPendingCallback
 .text.HAL_CAN_RxFifo1FullCallback
                0x0000000008002616       0x12 ./Drivers/STM32F1xx_HAL_Driver/Src/stm32f1xx_hal_can.o
                0x0000000008002616                HAL_CAN_RxFifo1FullCallback
 .text.HAL_CAN_SleepCallback
                0x0000000008002628       0x12 ./Drivers/STM32F1xx_HAL_Driver/Src/stm32f1xx_hal_can.o
                0x0000000008002628                HAL_CAN_SleepCallback
 .text.HAL_CAN_WakeUpFromRxMsgCallback
                0x000000000800263a       0x12 ./Drivers/STM32F1xx_HAL_Driver/Src/stm32f1xx_hal_can.o
                0x000000000800263a                HAL_CAN_WakeUpFromRxMsgCallback
 .text.HAL_CAN_ErrorCallback
                0x000000000800264c       0x12 ./Drivers/STM32F1xx_HAL_Driver/Src/stm32f1xx_hal_can.o
                0x000000000800264c                HAL_CAN_ErrorCallback
 *fill*         0x000000000800265e        0x2 
 .text.__NVIC_SetPriorityGrouping
                0x0000000008002660       0x48 ./Drivers/STM32F1xx_HAL_Driver/Src/stm32f1xx_hal_cortex.o
 .text.__NVIC_GetPriorityGrouping
                0x00000000080026a8       0x1c ./Drivers/STM32F1xx_HAL_Driver/Src/stm32f1xx_hal_cortex.o
 .text.__NVIC_EnableIRQ
                0x00000000080026c4       0x38 ./Drivers/STM32F1xx_HAL_Driver/Src/stm32f1xx_hal_cortex.o
 .text.__NVIC_DisableIRQ
                0x00000000080026fc       0x48 ./Drivers/STM32F1xx_HAL_Driver/Src/stm32f1xx_hal_cortex.o
 .text.__NVIC_SetPriority
                0x0000000008002744       0x54 ./Drivers/STM32F1xx_HAL_Driver/Src/stm32f1xx_hal_cortex.o
 .text.NVIC_EncodePriority
                0x0000000008002798       0x64 ./Drivers/STM32F1xx_HAL_Driver/Src/stm32f1xx_hal_cortex.o
 .text.SysTick_Config
                0x00000000080027fc       0x44 ./Drivers/STM32F1xx_HAL_Driver/Src/stm32f1xx_hal_cortex.o
 .text.HAL_NVIC_SetPriorityGrouping
                0x0000000008002840       0x16 ./Drivers/STM32F1xx_HAL_Driver/Src/stm32f1xx_hal_cortex.o
                0x0000000008002840                HAL_NVIC_SetPriorityGrouping
 .text.HAL_NVIC_SetPriority
                0x0000000008002856       0x38 ./Drivers/STM32F1xx_HAL_Driver/Src/stm32f1xx_hal_cortex.o
                0x0000000008002856                HAL_NVIC_SetPriority
 .text.HAL_NVIC_EnableIRQ
                0x000000000800288e       0x1c ./Drivers/STM32F1xx_HAL_Driver/Src/stm32f1xx_hal_cortex.o
                0x000000000800288e                HAL_NVIC_EnableIRQ
 .text.HAL_NVIC_DisableIRQ
                0x00000000080028aa       0x1c ./Drivers/STM32F1xx_HAL_Driver/Src/stm32f1xx_hal_cortex.o
                0x00000000080028aa                HAL_NVIC_DisableIRQ
 .text.HAL_SYSTICK_Config
                0x00000000080028c6       0x18 ./Drivers/STM32F1xx_HAL_Driver/Src/stm32f1xx_hal_cortex.o
                0x00000000080028c6                HAL_SYSTICK_Config
 *fill*         0x00000000080028de        0x2 
 .text.HAL_DMA_Init
                0x00000000080028e0       0xb4 ./Drivers/STM32F1xx_HAL_Driver/Src/stm32f1xx_hal_dma.o
                0x00000000080028e0                HAL_DMA_Init
 .text.HAL_DMA_Start_IT
                0x0000000008002994       0xbe ./Drivers/STM32F1xx_HAL_Driver/Src/stm32f1xx_hal_dma.o
                0x0000000008002994                HAL_DMA_Start_IT
 .text.HAL_DMA_Abort
                0x0000000008002a52       0x74 ./Drivers/STM32F1xx_HAL_Driver/Src/stm32f1xx_hal_dma.o
                0x0000000008002a52                HAL_DMA_Abort
 *fill*         0x0000000008002ac6        0x2 
 .text.HAL_DMA_Abort_IT
                0x0000000008002ac8       0xec ./Drivers/STM32F1xx_HAL_Driver/Src/stm32f1xx_hal_dma.o
                0x0000000008002ac8                HAL_DMA_Abort_IT
 .text.HAL_DMA_IRQHandler
                0x0000000008002bb4      0x20c ./Drivers/STM32F1xx_HAL_Driver/Src/stm32f1xx_hal_dma.o
                0x0000000008002bb4                HAL_DMA_IRQHandler
 .text.DMA_SetConfig
                0x0000000008002dc0       0x5a ./Drivers/STM32F1xx_HAL_Driver/Src/stm32f1xx_hal_dma.o
 *fill*         0x0000000008002e1a        0x2 
 .text.HAL_GPIO_Init
                0x0000000008002e1c      0x2f4 ./Drivers/STM32F1xx_HAL_Driver/Src/stm32f1xx_hal_gpio.o
                0x0000000008002e1c                HAL_GPIO_Init
 .text.HAL_GPIO_DeInit
                0x0000000008003110      0x168 ./Drivers/STM32F1xx_HAL_Driver/Src/stm32f1xx_hal_gpio.o
                0x0000000008003110                HAL_GPIO_DeInit
 .text.HAL_GPIO_WritePin
                0x0000000008003278       0x30 ./Drivers/STM32F1xx_HAL_Driver/Src/stm32f1xx_hal_gpio.o
                0x0000000008003278                HAL_GPIO_WritePin
 .text.HAL_GPIO_TogglePin
                0x00000000080032a8       0x32 ./Drivers/STM32F1xx_HAL_Driver/Src/stm32f1xx_hal_gpio.o
                0x00000000080032a8                HAL_GPIO_TogglePin
 .text.HAL_IWDG_Init
                0x00000000080032da       0x84 ./Drivers/STM32F1xx_HAL_Driver/Src/stm32f1xx_hal_iwdg.o
                0x00000000080032da                HAL_IWDG_Init
 .text.HAL_IWDG_Refresh
                0x000000000800335e       0x1e ./Drivers/STM32F1xx_HAL_Driver/Src/stm32f1xx_hal_iwdg.o
                0x000000000800335e                HAL_IWDG_Refresh
 .text.HAL_RCC_OscConfig
                0x000000000800337c      0x500 ./Drivers/STM32F1xx_HAL_Driver/Src/stm32f1xx_hal_rcc.o
                0x000000000800337c                HAL_RCC_OscConfig
 .text.HAL_RCC_ClockConfig
                0x000000000800387c      0x1d4 ./Drivers/STM32F1xx_HAL_Driver/Src/stm32f1xx_hal_rcc.o
                0x000000000800387c                HAL_RCC_ClockConfig
 .text.HAL_RCC_GetSysClockFreq
                0x0000000008003a50       0xc0 ./Drivers/STM32F1xx_HAL_Driver/Src/stm32f1xx_hal_rcc.o
                0x0000000008003a50                HAL_RCC_GetSysClockFreq
 .text.HAL_RCC_GetHCLKFreq
                0x0000000008003b10       0x14 ./Drivers/STM32F1xx_HAL_Driver/Src/stm32f1xx_hal_rcc.o
                0x0000000008003b10                HAL_RCC_GetHCLKFreq
 .text.HAL_RCC_GetPCLK1Freq
                0x0000000008003b24       0x28 ./Drivers/STM32F1xx_HAL_Driver/Src/stm32f1xx_hal_rcc.o
                0x0000000008003b24                HAL_RCC_GetPCLK1Freq
 .text.HAL_RCC_GetPCLK2Freq
                0x0000000008003b4c       0x28 ./Drivers/STM32F1xx_HAL_Driver/Src/stm32f1xx_hal_rcc.o
                0x0000000008003b4c                HAL_RCC_GetPCLK2Freq
 .text.RCC_Delay
                0x0000000008003b74       0x3c ./Drivers/STM32F1xx_HAL_Driver/Src/stm32f1xx_hal_rcc.o
 .text.HAL_TIM_Base_Init
                0x0000000008003bb0       0x9e ./Drivers/STM32F1xx_HAL_Driver/Src/stm32f1xx_hal_tim.o
                0x0000000008003bb0                HAL_TIM_Base_Init
 *fill*         0x0000000008003c4e        0x2 
 .text.HAL_TIM_Base_Start
                0x0000000008003c50       0x88 ./Drivers/STM32F1xx_HAL_Driver/Src/stm32f1xx_hal_tim.o
                0x0000000008003c50                HAL_TIM_Base_Start
 .text.HAL_TIM_IRQHandler
                0x0000000008003cd8      0x210 ./Drivers/STM32F1xx_HAL_Driver/Src/stm32f1xx_hal_tim.o
                0x0000000008003cd8                HAL_TIM_IRQHandler
 .text.HAL_TIM_ConfigClockSource
                0x0000000008003ee8      0x188 ./Drivers/STM32F1xx_HAL_Driver/Src/stm32f1xx_hal_tim.o
                0x0000000008003ee8                HAL_TIM_ConfigClockSource
 .text.HAL_TIM_OC_DelayElapsedCallback
                0x0000000008004070       0x12 ./Drivers/STM32F1xx_HAL_Driver/Src/stm32f1xx_hal_tim.o
                0x0000000008004070                HAL_TIM_OC_DelayElapsedCallback
 .text.HAL_TIM_IC_CaptureCallback
                0x0000000008004082       0x12 ./Drivers/STM32F1xx_HAL_Driver/Src/stm32f1xx_hal_tim.o
                0x0000000008004082                HAL_TIM_IC_CaptureCallback
 .text.HAL_TIM_PWM_PulseFinishedCallback
                0x0000000008004094       0x12 ./Drivers/STM32F1xx_HAL_Driver/Src/stm32f1xx_hal_tim.o
                0x0000000008004094                HAL_TIM_PWM_PulseFinishedCallback
 .text.HAL_TIM_TriggerCallback
                0x00000000080040a6       0x12 ./Drivers/STM32F1xx_HAL_Driver/Src/stm32f1xx_hal_tim.o
                0x00000000080040a6                HAL_TIM_TriggerCallback
 .text.TIM_Base_SetConfig
                0x00000000080040b8       0xb0 ./Drivers/STM32F1xx_HAL_Driver/Src/stm32f1xx_hal_tim.o
                0x00000000080040b8                TIM_Base_SetConfig
 .text.TIM_TI1_ConfigInputStage
                0x0000000008004168       0x5c ./Drivers/STM32F1xx_HAL_Driver/Src/stm32f1xx_hal_tim.o
 .text.TIM_TI2_ConfigInputStage
                0x00000000080041c4       0x5e ./Drivers/STM32F1xx_HAL_Driver/Src/stm32f1xx_hal_tim.o
 .text.TIM_ITRx_SetConfig
                0x0000000008004222       0x34 ./Drivers/STM32F1xx_HAL_Driver/Src/stm32f1xx_hal_tim.o
 .text.TIM_ETR_SetConfig
                0x0000000008004256       0x3e ./Drivers/STM32F1xx_HAL_Driver/Src/stm32f1xx_hal_tim.o
                0x0000000008004256                TIM_ETR_SetConfig
 .text.HAL_TIMEx_MasterConfigSynchronization
                0x0000000008004294       0xb0 ./Drivers/STM32F1xx_HAL_Driver/Src/stm32f1xx_hal_tim_ex.o
                0x0000000008004294                HAL_TIMEx_MasterConfigSynchronization
 .text.HAL_TIMEx_CommutCallback
                0x0000000008004344       0x12 ./Drivers/STM32F1xx_HAL_Driver/Src/stm32f1xx_hal_tim_ex.o
                0x0000000008004344                HAL_TIMEx_CommutCallback
 .text.HAL_TIMEx_BreakCallback
                0x0000000008004356       0x12 ./Drivers/STM32F1xx_HAL_Driver/Src/stm32f1xx_hal_tim_ex.o
                0x0000000008004356                HAL_TIMEx_BreakCallback
 .text.HAL_UART_Init
                0x0000000008004368       0x9a ./Drivers/STM32F1xx_HAL_Driver/Src/stm32f1xx_hal_uart.o
                0x0000000008004368                HAL_UART_Init
 .text.HAL_UART_Transmit
                0x0000000008004402      0x124 ./Drivers/STM32F1xx_HAL_Driver/Src/stm32f1xx_hal_uart.o
                0x0000000008004402                HAL_UART_Transmit
 .text.HAL_UART_Receive_DMA
                0x0000000008004526       0x60 ./Drivers/STM32F1xx_HAL_Driver/Src/stm32f1xx_hal_uart.o
                0x0000000008004526                HAL_UART_Receive_DMA
 .text.HAL_UART_DMAStop
                0x0000000008004586       0xb6 ./Drivers/STM32F1xx_HAL_Driver/Src/stm32f1xx_hal_uart.o
                0x0000000008004586                HAL_UART_DMAStop
 .text.HAL_UART_IRQHandler
                0x000000000800463c      0x354 ./Drivers/STM32F1xx_HAL_Driver/Src/stm32f1xx_hal_uart.o
                0x000000000800463c                HAL_UART_IRQHandler
 .text.HAL_UART_TxCpltCallback
                0x0000000008004990       0x12 ./Drivers/STM32F1xx_HAL_Driver/Src/stm32f1xx_hal_uart.o
                0x0000000008004990                HAL_UART_TxCpltCallback
 .text.HAL_UART_RxCpltCallback
                0x00000000080049a2       0x12 ./Drivers/STM32F1xx_HAL_Driver/Src/stm32f1xx_hal_uart.o
                0x00000000080049a2                HAL_UART_RxCpltCallback
 .text.HAL_UART_RxHalfCpltCallback
                0x00000000080049b4       0x12 ./Drivers/STM32F1xx_HAL_Driver/Src/stm32f1xx_hal_uart.o
                0x00000000080049b4                HAL_UART_RxHalfCpltCallback
 .text.HAL_UART_ErrorCallback
                0x00000000080049c6       0x12 ./Drivers/STM32F1xx_HAL_Driver/Src/stm32f1xx_hal_uart.o
                0x00000000080049c6                HAL_UART_ErrorCallback
 .text.HAL_UARTEx_RxEventCallback
                0x00000000080049d8       0x16 ./Drivers/STM32F1xx_HAL_Driver/Src/stm32f1xx_hal_uart.o
                0x00000000080049d8                HAL_UARTEx_RxEventCallback
 .text.UART_DMAReceiveCplt
                0x00000000080049ee       0x96 ./Drivers/STM32F1xx_HAL_Driver/Src/stm32f1xx_hal_uart.o
 .text.UART_DMARxHalfCplt
                0x0000000008004a84       0x36 ./Drivers/STM32F1xx_HAL_Driver/Src/stm32f1xx_hal_uart.o
 .text.UART_DMAError
                0x0000000008004aba       0x94 ./Drivers/STM32F1xx_HAL_Driver/Src/stm32f1xx_hal_uart.o
 .text.UART_WaitOnFlagUntilTimeout
                0x0000000008004b4e       0x94 ./Drivers/STM32F1xx_HAL_Driver/Src/stm32f1xx_hal_uart.o
 *fill*         0x0000000008004be2        0x2 
 .text.UART_Start_Receive_DMA
                0x0000000008004be4       0xc8 ./Drivers/STM32F1xx_HAL_Driver/Src/stm32f1xx_hal_uart.o
                0x0000000008004be4                UART_Start_Receive_DMA
 .text.UART_EndTxTransfer
                0x0000000008004cac       0x2a ./Drivers/STM32F1xx_HAL_Driver/Src/stm32f1xx_hal_uart.o
 .text.UART_EndRxTransfer
                0x0000000008004cd6       0x58 ./Drivers/STM32F1xx_HAL_Driver/Src/stm32f1xx_hal_uart.o
 .text.UART_DMAAbortOnError
                0x0000000008004d2e       0x28 ./Drivers/STM32F1xx_HAL_Driver/Src/stm32f1xx_hal_uart.o
 .text.UART_Transmit_IT
                0x0000000008004d56       0x9e ./Drivers/STM32F1xx_HAL_Driver/Src/stm32f1xx_hal_uart.o
 .text.UART_EndTransmit_IT
                0x0000000008004df4       0x30 ./Drivers/STM32F1xx_HAL_Driver/Src/stm32f1xx_hal_uart.o
 .text.UART_Receive_IT
                0x0000000008004e24      0x152 ./Drivers/STM32F1xx_HAL_Driver/Src/stm32f1xx_hal_uart.o
 *fill*         0x0000000008004f76        0x2 
 .text.UART_SetConfig
                0x0000000008004f78      0x11c ./Drivers/STM32F1xx_HAL_Driver/Src/stm32f1xx_hal_uart.o
 .text.__libc_init_array
                0x0000000008005094       0x48 d:/st/stm32cubeide_1.7.0/stm32cubeide/plugins/com.st.stm32cube.ide.mcu.externaltools.gnu-tools-for-stm32.9-2020-q2-update.win32_2.0.0.202105311346/tools/bin/../lib/gcc/arm-none-eabi/9.3.1/../../../../arm-none-eabi/lib/thumb/v7-m/nofp\libc_nano.a(lib_a-init.o)
                0x0000000008005094                __libc_init_array
 .text.memcpy   0x00000000080050dc       0x1c d:/st/stm32cubeide_1.7.0/stm32cubeide/plugins/com.st.stm32cube.ide.mcu.externaltools.gnu-tools-for-stm32.9-2020-q2-update.win32_2.0.0.202105311346/tools/bin/../lib/gcc/arm-none-eabi/9.3.1/../../../../arm-none-eabi/lib/thumb/v7-m/nofp\libc_nano.a(lib_a-memcpy-stub.o)
                0x00000000080050dc                memcpy
 .text.memset   0x00000000080050f8       0x10 d:/st/stm32cubeide_1.7.0/stm32cubeide/plugins/com.st.stm32cube.ide.mcu.externaltools.gnu-tools-for-stm32.9-2020-q2-update.win32_2.0.0.202105311346/tools/bin/../lib/gcc/arm-none-eabi/9.3.1/../../../../arm-none-eabi/lib/thumb/v7-m/nofp\libc_nano.a(lib_a-memset.o)
                0x00000000080050f8                memset
 *(.glue_7)
 .glue_7        0x0000000008005108        0x0 linker stubs
 *(.glue_7t)
 .glue_7t       0x0000000008005108        0x0 linker stubs
 *(.eh_frame)
 .eh_frame      0x0000000008005108        0x0 d:/st/stm32cubeide_1.7.0/stm32cubeide/plugins/com.st.stm32cube.ide.mcu.externaltools.gnu-tools-for-stm32.9-2020-q2-update.win32_2.0.0.202105311346/tools/bin/../lib/gcc/arm-none-eabi/9.3.1/thumb/v7-m/nofp/crtbegin.o
 *(.init)
 .init          0x0000000008005108        0x4 d:/st/stm32cubeide_1.7.0/stm32cubeide/plugins/com.st.stm32cube.ide.mcu.externaltools.gnu-tools-for-stm32.9-2020-q2-update.win32_2.0.0.202105311346/tools/bin/../lib/gcc/arm-none-eabi/9.3.1/thumb/v7-m/nofp/crti.o
                0x0000000008005108                _init
 .init          0x000000000800510c        0x8 d:/st/stm32cubeide_1.7.0/stm32cubeide/plugins/com.st.stm32cube.ide.mcu.externaltools.gnu-tools-for-stm32.9-2020-q2-update.win32_2.0.0.202105311346/tools/bin/../lib/gcc/arm-none-eabi/9.3.1/thumb/v7-m/nofp/crtn.o
 *(.fini)
 .fini          0x0000000008005114        0x4 d:/st/stm32cubeide_1.7.0/stm32cubeide/plugins/com.st.stm32cube.ide.mcu.externaltools.gnu-tools-for-stm32.9-2020-q2-update.win32_2.0.0.202105311346/tools/bin/../lib/gcc/arm-none-eabi/9.3.1/thumb/v7-m/nofp/crti.o
                0x0000000008005114                _fini
 .fini          0x0000000008005118        0x8 d:/st/stm32cubeide_1.7.0/stm32cubeide/plugins/com.st.stm32cube.ide.mcu.externaltools.gnu-tools-for-stm32.9-2020-q2-update.win32_2.0.0.202105311346/tools/bin/../lib/gcc/arm-none-eabi/9.3.1/thumb/v7-m/nofp/crtn.o
                0x0000000008005120                . = ALIGN (0x4)
                0x0000000008005120                _etext = .

.vfp11_veneer   0x0000000008005120        0x0
 .vfp11_veneer  0x0000000008005120        0x0 linker stubs

.v4_bx          0x0000000008005120        0x0
 .v4_bx         0x0000000008005120        0x0 linker stubs

.iplt           0x0000000008005120        0x0
 .iplt          0x0000000008005120        0x0 d:/st/stm32cubeide_1.7.0/stm32cubeide/plugins/com.st.stm32cube.ide.mcu.externaltools.gnu-tools-for-stm32.9-2020-q2-update.win32_2.0.0.202105311346/tools/bin/../lib/gcc/arm-none-eabi/9.3.1/thumb/v7-m/nofp/crtbegin.o

.rodata         0x0000000008005120       0x28
                0x0000000008005120                . = ALIGN (0x4)
 *(.rodata)
 .rodata        0x0000000008005120       0x10 ./Drivers/STM32F1xx_HAL_Driver/Src/stm32f1xx_hal_rcc.o
 *(.rodata*)
 .rodata.AHBPrescTable
                0x0000000008005130       0x10 ./Core/Src/system_stm32f1xx.o
                0x0000000008005130                AHBPrescTable
 .rodata.APBPrescTable
                0x0000000008005140        0x8 ./Core/Src/system_stm32f1xx.o
                0x0000000008005140                APBPrescTable
                0x0000000008005148                . = ALIGN (0x4)

.rel.dyn        0x0000000008005148        0x0
 .rel.iplt      0x0000000008005148        0x0 d:/st/stm32cubeide_1.7.0/stm32cubeide/plugins/com.st.stm32cube.ide.mcu.externaltools.gnu-tools-for-stm32.9-2020-q2-update.win32_2.0.0.202105311346/tools/bin/../lib/gcc/arm-none-eabi/9.3.1/thumb/v7-m/nofp/crtbegin.o

.ARM.extab      0x0000000008005148        0x0
                0x0000000008005148                . = ALIGN (0x4)
 *(.ARM.extab* .gnu.linkonce.armextab.*)
                0x0000000008005148                . = ALIGN (0x4)

.ARM            0x0000000008005148        0x0
                0x0000000008005148                . = ALIGN (0x4)
                0x0000000008005148                __exidx_start = .
 *(.ARM.exidx*)
                0x0000000008005148                __exidx_end = .
                0x0000000008005148                . = ALIGN (0x4)

.preinit_array  0x0000000008005148        0x0
                0x0000000008005148                . = ALIGN (0x4)
                0x0000000008005148                PROVIDE (__preinit_array_start = .)
 *(.preinit_array*)
                0x0000000008005148                PROVIDE (__preinit_array_end = .)
                0x0000000008005148                . = ALIGN (0x4)

.init_array     0x0000000008005148        0x4
                0x0000000008005148                . = ALIGN (0x4)
                0x0000000008005148                PROVIDE (__init_array_start = .)
 *(SORT_BY_NAME(.init_array.*))
 *(.init_array*)
 .init_array    0x0000000008005148        0x4 d:/st/stm32cubeide_1.7.0/stm32cubeide/plugins/com.st.stm32cube.ide.mcu.externaltools.gnu-tools-for-stm32.9-2020-q2-update.win32_2.0.0.202105311346/tools/bin/../lib/gcc/arm-none-eabi/9.3.1/thumb/v7-m/nofp/crtbegin.o
                0x000000000800514c                PROVIDE (__init_array_end = .)
                0x000000000800514c                . = ALIGN (0x4)

.fini_array     0x000000000800514c        0x4
                0x000000000800514c                . = ALIGN (0x4)
                [!provide]                        PROVIDE (__fini_array_start = .)
 *(SORT_BY_NAME(.fini_array.*))
 *(.fini_array*)
 .fini_array    0x000000000800514c        0x4 d:/st/stm32cubeide_1.7.0/stm32cubeide/plugins/com.st.stm32cube.ide.mcu.externaltools.gnu-tools-for-stm32.9-2020-q2-update.win32_2.0.0.202105311346/tools/bin/../lib/gcc/arm-none-eabi/9.3.1/thumb/v7-m/nofp/crtbegin.o
                [!provide]                        PROVIDE (__fini_array_end = .)
                0x0000000008005150                . = ALIGN (0x4)
                0x0000000008005150                _sidata = LOADADDR (.data)

.data           0x0000000020000000      0x1ec load address 0x0000000008005150
                0x0000000020000000                . = ALIGN (0x4)
                0x0000000020000000                _sdata = .
 *(.data)
 *(.data*)
 .data.SystemCoreClock
                0x0000000020000000        0x4 ./Core/Src/system_stm32f1xx.o
                0x0000000020000000                SystemCoreClock
 .data.signal_wire_huart_module
                0x0000000020000004      0x110 ./Core/module/uart_module.o
                0x0000000020000004                signal_wire_huart_module
 .data.cmd_00   0x0000000020000114        0xa ./Core/protocol/single_wire.o
                0x0000000020000114                cmd_00
 *fill*         0x000000002000011e        0x2 
 .data.cmd_0F   0x0000000020000120        0xe ./Core/protocol/single_wire.o
                0x0000000020000120                cmd_0F
 *fill*         0x000000002000012e        0x2 
 .data.cmd_18   0x0000000020000130       0x16 ./Core/protocol/single_wire.o
                0x0000000020000130                cmd_18
 *fill*         0x0000000020000146        0x2 
 .data.cmd_23   0x0000000020000148       0x26 ./Core/protocol/single_wire.o
                0x0000000020000148                cmd_23
 *fill*         0x000000002000016e        0x2 
 .data.cmd_24   0x0000000020000170       0x2e ./Core/protocol/single_wire.o
                0x0000000020000170                cmd_24
 *fill*         0x000000002000019e        0x2 
 .data.cmd_26   0x00000000200001a0       0x14 ./Core/protocol/single_wire.o
                0x00000000200001a0                cmd_26
 .data.cmd_A0   0x00000000200001b4       0x20 ./Core/protocol/single_wire.o
                0x00000000200001b4                cmd_A0
 .data.cmd_00_w
                0x00000000200001d4        0x6 ./Core/protocol/single_wire.o
                0x00000000200001d4                cmd_00_w
 *fill*         0x00000000200001da        0x2 
 .data.cmd_A0_1
                0x00000000200001dc        0x7 ./Core/protocol/single_wire.o
                0x00000000200001dc                cmd_A0_1
 *fill*         0x00000000200001e3        0x1 
 .data.uwTickPrio
                0x00000000200001e4        0x4 ./Drivers/STM32F1xx_HAL_Driver/Src/stm32f1xx_hal.o
                0x00000000200001e4                uwTickPrio
 .data.uwTickFreq
                0x00000000200001e8        0x1 ./Drivers/STM32F1xx_HAL_Driver/Src/stm32f1xx_hal.o
                0x00000000200001e8                uwTickFreq
 *(.RamFunc)
 *(.RamFunc*)
                0x00000000200001ec                . = ALIGN (0x4)
 *fill*         0x00000000200001e9        0x3 
                0x00000000200001ec                _edata = .

.igot.plt       0x00000000200001ec        0x0 load address 0x000000000800533c
 .igot.plt      0x00000000200001ec        0x0 d:/st/stm32cubeide_1.7.0/stm32cubeide/plugins/com.st.stm32cube.ide.mcu.externaltools.gnu-tools-for-stm32.9-2020-q2-update.win32_2.0.0.202105311346/tools/bin/../lib/gcc/arm-none-eabi/9.3.1/thumb/v7-m/nofp/crtbegin.o
                0x00000000200001ec                . = ALIGN (0x4)

.bss            0x00000000200001ec      0x610 load address 0x000000000800533c
                0x00000000200001ec                _sbss = .
                0x00000000200001ec                __bss_start__ = _sbss
 *(.bss)
 .bss           0x00000000200001ec       0x1c d:/st/stm32cubeide_1.7.0/stm32cubeide/plugins/com.st.stm32cube.ide.mcu.externaltools.gnu-tools-for-stm32.9-2020-q2-update.win32_2.0.0.202105311346/tools/bin/../lib/gcc/arm-none-eabi/9.3.1/thumb/v7-m/nofp/crtbegin.o
 *(.bss*)
 .bss.pTxMailbox
                0x0000000020000208        0x4 ./Core/can/user_can.o
                0x0000000020000208                pTxMailbox
 .bss.sec_cnt.8609
                0x000000002000020c        0x2 ./Core/module/timmer_model.o
 .bss.get_adc_flag.8610
                0x000000002000020e        0x2 ./Core/module/timmer_model.o
 .bss.uart_cnt  0x0000000020000210        0x1 ./Core/module/uart_module.o
                0x0000000020000210                uart_cnt
 .bss.chg_fsm   0x0000000020000211        0x1 ./Core/protocol/bat_can.o
                0x0000000020000211                chg_fsm
 .bss.temp16    0x0000000020000212        0x2 ./Core/protocol/bat_can.o
                0x0000000020000212                temp16
 .bss.retry_cnt.8661
                0x0000000020000214        0x2 ./Core/protocol/bat_can.o
 *(COMMON)
 *fill*         0x0000000020000216        0x2 
 COMMON         0x0000000020000218       0x28 ./Core/Src/can.o
                0x0000000020000218                hcan
 COMMON         0x0000000020000240        0xc ./Core/Src/iwdg.o
                0x0000000020000240                hiwdg
 COMMON         0x000000002000024c       0x48 ./Core/Src/tim.o
                0x000000002000024c                htim2
 COMMON         0x0000000020000294       0x88 ./Core/Src/usart.o
                0x0000000020000294                hdma_usart2_rx
                0x00000000200002d8                huart2
 COMMON         0x000000002000031c      0x448 ./Core/can/user_can.o
                0x000000002000031c                TXHeader
                0x0000000020000334                RXmessage
                0x000000002000033c                adc1
                0x0000000020000340                buffer
                0x0000000020000740                adc2
                0x0000000020000744                RXHeader
                0x0000000020000760                adc3
 COMMON         0x0000000020000764       0x94 ./Core/protocol/bat_can.o
                0x0000000020000764                chg_flags
                0x0000000020000770                can_battery
 COMMON         0x00000000200007f8        0x4 ./Drivers/STM32F1xx_HAL_Driver/Src/stm32f1xx_hal.o
                0x00000000200007f8                uwTick
                0x00000000200007fc                . = ALIGN (0x4)
                0x00000000200007fc                _ebss = .
                0x00000000200007fc                __bss_end__ = _ebss

._user_heap_stack
                0x00000000200007fc      0x604 load address 0x000000000800533c
                0x0000000020000800                . = ALIGN (0x8)
 *fill*         0x00000000200007fc        0x4 
                [!provide]                        PROVIDE (end = .)
                0x0000000020000800                PROVIDE (_end = .)
                0x0000000020000a00                . = (. + _Min_Heap_Size)
 *fill*         0x0000000020000800      0x200 
                0x0000000020000e00                . = (. + _Min_Stack_Size)
 *fill*         0x0000000020000a00      0x400 
                0x0000000020000e00                . = ALIGN (0x8)

/DISCARD/
 libc.a(*)
 libm.a(*)
 libgcc.a(*)

.ARM.attributes
                0x0000000000000000       0x29
 *(.ARM.attributes)
 .ARM.attributes
                0x0000000000000000       0x1d d:/st/stm32cubeide_1.7.0/stm32cubeide/plugins/com.st.stm32cube.ide.mcu.externaltools.gnu-tools-for-stm32.9-2020-q2-update.win32_2.0.0.202105311346/tools/bin/../lib/gcc/arm-none-eabi/9.3.1/thumb/v7-m/nofp/crti.o
 .ARM.attributes
                0x000000000000001d       0x2d d:/st/stm32cubeide_1.7.0/stm32cubeide/plugins/com.st.stm32cube.ide.mcu.externaltools.gnu-tools-for-stm32.9-2020-q2-update.win32_2.0.0.202105311346/tools/bin/../lib/gcc/arm-none-eabi/9.3.1/thumb/v7-m/nofp/crtbegin.o
 .ARM.attributes
                0x000000000000004a       0x2d ./Core/Src/can.o
 .ARM.attributes
                0x0000000000000077       0x2d ./Core/Src/dma.o
 .ARM.attributes
                0x00000000000000a4       0x2d ./Core/Src/gpio.o
 .ARM.attributes
                0x00000000000000d1       0x2d ./Core/Src/iwdg.o
 .ARM.attributes
                0x00000000000000fe       0x2d ./Core/Src/main.o
 .ARM.attributes
                0x000000000000012b       0x2d ./Core/Src/stm32f1xx_hal_msp.o
 .ARM.attributes
                0x0000000000000158       0x2d ./Core/Src/stm32f1xx_it.o
 .ARM.attributes
                0x0000000000000185       0x2d ./Core/Src/system_stm32f1xx.o
 .ARM.attributes
                0x00000000000001b2       0x2d ./Core/Src/tim.o
 .ARM.attributes
                0x00000000000001df       0x2d ./Core/Src/usart.o
 .ARM.attributes
                0x000000000000020c       0x21 ./Core/Startup/startup_stm32f103c6tx.o
 .ARM.attributes
                0x000000000000022d       0x2d ./Core/can/user_can.o
 .ARM.attributes
                0x000000000000025a       0x2d ./Core/module/timmer_model.o
 .ARM.attributes
                0x0000000000000287       0x2d ./Core/module/uart_module.o
 .ARM.attributes
                0x00000000000002b4       0x2d ./Core/protocol/bat_can.o
 .ARM.attributes
                0x00000000000002e1       0x2d ./Core/protocol/single_wire.o
 .ARM.attributes
                0x000000000000030e       0x2d ./Drivers/STM32F1xx_HAL_Driver/Src/stm32f1xx_hal.o
 .ARM.attributes
                0x000000000000033b       0x2d ./Drivers/STM32F1xx_HAL_Driver/Src/stm32f1xx_hal_can.o
 .ARM.attributes
                0x0000000000000368       0x2d ./Drivers/STM32F1xx_HAL_Driver/Src/stm32f1xx_hal_cortex.o
 .ARM.attributes
                0x0000000000000395       0x2d ./Drivers/STM32F1xx_HAL_Driver/Src/stm32f1xx_hal_dma.o
 .ARM.attributes
                0x00000000000003c2       0x2d ./Drivers/STM32F1xx_HAL_Driver/Src/stm32f1xx_hal_gpio.o
 .ARM.attributes
                0x00000000000003ef       0x2d ./Drivers/STM32F1xx_HAL_Driver/Src/stm32f1xx_hal_iwdg.o
 .ARM.attributes
                0x000000000000041c       0x2d ./Drivers/STM32F1xx_HAL_Driver/Src/stm32f1xx_hal_rcc.o
 .ARM.attributes
                0x0000000000000449       0x2d ./Drivers/STM32F1xx_HAL_Driver/Src/stm32f1xx_hal_tim.o
 .ARM.attributes
                0x0000000000000476       0x2d ./Drivers/STM32F1xx_HAL_Driver/Src/stm32f1xx_hal_tim_ex.o
 .ARM.attributes
                0x00000000000004a3       0x2d ./Drivers/STM32F1xx_HAL_Driver/Src/stm32f1xx_hal_uart.o
 .ARM.attributes
                0x00000000000004d0       0x2d d:/st/stm32cubeide_1.7.0/stm32cubeide/plugins/com.st.stm32cube.ide.mcu.externaltools.gnu-tools-for-stm32.9-2020-q2-update.win32_2.0.0.202105311346/tools/bin/../lib/gcc/arm-none-eabi/9.3.1/../../../../arm-none-eabi/lib/thumb/v7-m/nofp\libc_nano.a(lib_a-init.o)
 .ARM.attributes
                0x00000000000004fd       0x2d d:/st/stm32cubeide_1.7.0/stm32cubeide/plugins/com.st.stm32cube.ide.mcu.externaltools.gnu-tools-for-stm32.9-2020-q2-update.win32_2.0.0.202105311346/tools/bin/../lib/gcc/arm-none-eabi/9.3.1/../../../../arm-none-eabi/lib/thumb/v7-m/nofp\libc_nano.a(lib_a-memcpy-stub.o)
 .ARM.attributes
                0x000000000000052a       0x2d d:/st/stm32cubeide_1.7.0/stm32cubeide/plugins/com.st.stm32cube.ide.mcu.externaltools.gnu-tools-for-stm32.9-2020-q2-update.win32_2.0.0.202105311346/tools/bin/../lib/gcc/arm-none-eabi/9.3.1/../../../../arm-none-eabi/lib/thumb/v7-m/nofp\libc_nano.a(lib_a-memset.o)
 .ARM.attributes
                0x0000000000000557       0x1d d:/st/stm32cubeide_1.7.0/stm32cubeide/plugins/com.st.stm32cube.ide.mcu.externaltools.gnu-tools-for-stm32.9-2020-q2-update.win32_2.0.0.202105311346/tools/bin/../lib/gcc/arm-none-eabi/9.3.1/thumb/v7-m/nofp/crtn.o
OUTPUT(QDS_BRIDGE.elf elf32-littlearm)
LOAD linker stubs
LOAD d:/st/stm32cubeide_1.7.0/stm32cubeide/plugins/com.st.stm32cube.ide.mcu.externaltools.gnu-tools-for-stm32.9-2020-q2-update.win32_2.0.0.202105311346/tools/bin/../lib/gcc/arm-none-eabi/9.3.1/../../../../arm-none-eabi/lib/thumb/v7-m/nofp\libc.a
LOAD d:/st/stm32cubeide_1.7.0/stm32cubeide/plugins/com.st.stm32cube.ide.mcu.externaltools.gnu-tools-for-stm32.9-2020-q2-update.win32_2.0.0.202105311346/tools/bin/../lib/gcc/arm-none-eabi/9.3.1/../../../../arm-none-eabi/lib/thumb/v7-m/nofp\libm.a
LOAD d:/st/stm32cubeide_1.7.0/stm32cubeide/plugins/com.st.stm32cube.ide.mcu.externaltools.gnu-tools-for-stm32.9-2020-q2-update.win32_2.0.0.202105311346/tools/bin/../lib/gcc/arm-none-eabi/9.3.1/thumb/v7-m/nofp\libgcc.a

.debug_info     0x0000000000000000    0x194e1
 .debug_info    0x0000000000000000      0x913 ./Core/Src/can.o
 .debug_info    0x0000000000000913      0x378 ./Core/Src/dma.o
 .debug_info    0x0000000000000c8b      0x38f ./Core/Src/gpio.o
 .debug_info    0x000000000000101a      0x286 ./Core/Src/iwdg.o
 .debug_info    0x00000000000012a0     0x1f72 ./Core/Src/main.o
 .debug_info    0x0000000000003212      0x2fc ./Core/Src/stm32f1xx_hal_msp.o
 .debug_info    0x000000000000350e     0x1d28 ./Core/Src/stm32f1xx_it.o
 .debug_info    0x0000000000005236      0x2be ./Core/Src/system_stm32f1xx.o
 .debug_info    0x00000000000054f4      0xa17 ./Core/Src/tim.o
 .debug_info    0x0000000000005f0b      0x994 ./Core/Src/usart.o
 .debug_info    0x000000000000689f       0x22 ./Core/Startup/startup_stm32f103c6tx.o
 .debug_info    0x00000000000068c1     0x20f9 ./Core/can/user_can.o
 .debug_info    0x00000000000089ba     0x1d08 ./Core/module/timmer_model.o
 .debug_info    0x000000000000a6c2     0x1e5b ./Core/module/uart_module.o
 .debug_info    0x000000000000c51d     0x1dc7 ./Core/protocol/bat_can.o
 .debug_info    0x000000000000e2e4     0x1ecd ./Core/protocol/single_wire.o
 .debug_info    0x00000000000101b1      0x74c ./Drivers/STM32F1xx_HAL_Driver/Src/stm32f1xx_hal.o
 .debug_info    0x00000000000108fd     0x107a ./Drivers/STM32F1xx_HAL_Driver/Src/stm32f1xx_hal_can.o
 .debug_info    0x0000000000011977      0xbbe ./Drivers/STM32F1xx_HAL_Driver/Src/stm32f1xx_hal_cortex.o
 .debug_info    0x0000000000012535      0x81e ./Drivers/STM32F1xx_HAL_Driver/Src/stm32f1xx_hal_dma.o
 .debug_info    0x0000000000012d53      0x701 ./Drivers/STM32F1xx_HAL_Driver/Src/stm32f1xx_hal_gpio.o
 .debug_info    0x0000000000013454      0x2cb ./Drivers/STM32F1xx_HAL_Driver/Src/stm32f1xx_hal_iwdg.o
 .debug_info    0x000000000001371f      0x88e ./Drivers/STM32F1xx_HAL_Driver/Src/stm32f1xx_hal_rcc.o
 .debug_info    0x0000000000013fad     0x2a45 ./Drivers/STM32F1xx_HAL_Driver/Src/stm32f1xx_hal_tim.o
 .debug_info    0x00000000000169f2     0x14d5 ./Drivers/STM32F1xx_HAL_Driver/Src/stm32f1xx_hal_tim_ex.o
 .debug_info    0x0000000000017ec7     0x161a ./Drivers/STM32F1xx_HAL_Driver/Src/stm32f1xx_hal_uart.o

.debug_abbrev   0x0000000000000000     0x346f
 .debug_abbrev  0x0000000000000000      0x1f1 ./Core/Src/can.o
 .debug_abbrev  0x00000000000001f1      0x11b ./Core/Src/dma.o
 .debug_abbrev  0x000000000000030c      0x14e ./Core/Src/gpio.o
 .debug_abbrev  0x000000000000045a      0x11f ./Core/Src/iwdg.o
 .debug_abbrev  0x0000000000000579      0x2a9 ./Core/Src/main.o
 .debug_abbrev  0x0000000000000822      0x11d ./Core/Src/stm32f1xx_hal_msp.o
 .debug_abbrev  0x000000000000093f      0x256 ./Core/Src/stm32f1xx_it.o
 .debug_abbrev  0x0000000000000b95      0x14e ./Core/Src/system_stm32f1xx.o
 .debug_abbrev  0x0000000000000ce3      0x1bb ./Core/Src/tim.o
 .debug_abbrev  0x0000000000000e9e      0x1c4 ./Core/Src/usart.o
 .debug_abbrev  0x0000000000001062       0x12 ./Core/Startup/startup_stm32f103c6tx.o
 .debug_abbrev  0x0000000000001074      0x2f9 ./Core/can/user_can.o
 .debug_abbrev  0x000000000000136d      0x260 ./Core/module/timmer_model.o
 .debug_abbrev  0x00000000000015cd      0x2cd ./Core/module/uart_module.o
 .debug_abbrev  0x000000000000189a      0x2bf ./Core/protocol/bat_can.o
 .debug_abbrev  0x0000000000001b59      0x2ce ./Core/protocol/single_wire.o
 .debug_abbrev  0x0000000000001e27      0x1ed ./Drivers/STM32F1xx_HAL_Driver/Src/stm32f1xx_hal.o
 .debug_abbrev  0x0000000000002014      0x224 ./Drivers/STM32F1xx_HAL_Driver/Src/stm32f1xx_hal_can.o
 .debug_abbrev  0x0000000000002238      0x313 ./Drivers/STM32F1xx_HAL_Driver/Src/stm32f1xx_hal_cortex.o
 .debug_abbrev  0x000000000000254b      0x228 ./Drivers/STM32F1xx_HAL_Driver/Src/stm32f1xx_hal_dma.o
 .debug_abbrev  0x0000000000002773      0x1e8 ./Drivers/STM32F1xx_HAL_Driver/Src/stm32f1xx_hal_gpio.o
 .debug_abbrev  0x000000000000295b      0x152 ./Drivers/STM32F1xx_HAL_Driver/Src/stm32f1xx_hal_iwdg.o
 .debug_abbrev  0x0000000000002aad      0x273 ./Drivers/STM32F1xx_HAL_Driver/Src/stm32f1xx_hal_rcc.o
 .debug_abbrev  0x0000000000002d20      0x25e ./Drivers/STM32F1xx_HAL_Driver/Src/stm32f1xx_hal_tim.o
 .debug_abbrev  0x0000000000002f7e      0x266 ./Drivers/STM32F1xx_HAL_Driver/Src/stm32f1xx_hal_tim_ex.o
 .debug_abbrev  0x00000000000031e4      0x28b ./Drivers/STM32F1xx_HAL_Driver/Src/stm32f1xx_hal_uart.o

.debug_aranges  0x0000000000000000      0xf38
 .debug_aranges
                0x0000000000000000       0x30 ./Core/Src/can.o
 .debug_aranges
                0x0000000000000030       0x20 ./Core/Src/dma.o
 .debug_aranges
                0x0000000000000050       0x20 ./Core/Src/gpio.o
 .debug_aranges
                0x0000000000000070       0x20 ./Core/Src/iwdg.o
 .debug_aranges
                0x0000000000000090       0x30 ./Core/Src/main.o
 .debug_aranges
                0x00000000000000c0       0x20 ./Core/Src/stm32f1xx_hal_msp.o
 .debug_aranges
                0x00000000000000e0       0x80 ./Core/Src/stm32f1xx_it.o
 .debug_aranges
                0x0000000000000160       0x28 ./Core/Src/system_stm32f1xx.o
 .debug_aranges
                0x0000000000000188       0x30 ./Core/Src/tim.o
 .debug_aranges
                0x00000000000001b8       0x30 ./Core/Src/usart.o
 .debug_aranges
                0x00000000000001e8       0x28 ./Core/Startup/startup_stm32f103c6tx.o
 .debug_aranges
                0x0000000000000210       0x50 ./Core/can/user_can.o
 .debug_aranges
                0x0000000000000260       0x20 ./Core/module/timmer_model.o
 .debug_aranges
                0x0000000000000280       0x70 ./Core/module/uart_module.o
 .debug_aranges
                0x00000000000002f0       0x28 ./Core/protocol/bat_can.o
 .debug_aranges
                0x0000000000000318       0x40 ./Core/protocol/single_wire.o
 .debug_aranges
                0x0000000000000358       0xe0 ./Drivers/STM32F1xx_HAL_Driver/Src/stm32f1xx_hal.o
 .debug_aranges
                0x0000000000000438      0x138 ./Drivers/STM32F1xx_HAL_Driver/Src/stm32f1xx_hal_can.o
 .debug_aranges
                0x0000000000000570      0x100 ./Drivers/STM32F1xx_HAL_Driver/Src/stm32f1xx_hal_cortex.o
 .debug_aranges
                0x0000000000000670       0x80 ./Drivers/STM32F1xx_HAL_Driver/Src/stm32f1xx_hal_dma.o
 .debug_aranges
                0x00000000000006f0       0x58 ./Drivers/STM32F1xx_HAL_Driver/Src/stm32f1xx_hal_gpio.o
 .debug_aranges
                0x0000000000000748       0x28 ./Drivers/STM32F1xx_HAL_Driver/Src/stm32f1xx_hal_iwdg.o
 .debug_aranges
                0x0000000000000770       0x90 ./Drivers/STM32F1xx_HAL_Driver/Src/stm32f1xx_hal_rcc.o
 .debug_aranges
                0x0000000000000800      0x3d0 ./Drivers/STM32F1xx_HAL_Driver/Src/stm32f1xx_hal_tim.o
 .debug_aranges
                0x0000000000000bd0      0x168 ./Drivers/STM32F1xx_HAL_Driver/Src/stm32f1xx_hal_tim_ex.o
 .debug_aranges
                0x0000000000000d38      0x200 ./Drivers/STM32F1xx_HAL_Driver/Src/stm32f1xx_hal_uart.o

.debug_ranges   0x0000000000000000      0xdd0
 .debug_ranges  0x0000000000000000       0x20 ./Core/Src/can.o
 .debug_ranges  0x0000000000000020       0x10 ./Core/Src/dma.o
 .debug_ranges  0x0000000000000030       0x10 ./Core/Src/gpio.o
 .debug_ranges  0x0000000000000040       0x10 ./Core/Src/iwdg.o
 .debug_ranges  0x0000000000000050       0x20 ./Core/Src/main.o
 .debug_ranges  0x0000000000000070       0x10 ./Core/Src/stm32f1xx_hal_msp.o
 .debug_ranges  0x0000000000000080       0x70 ./Core/Src/stm32f1xx_it.o
 .debug_ranges  0x00000000000000f0       0x18 ./Core/Src/system_stm32f1xx.o
 .debug_ranges  0x0000000000000108       0x20 ./Core/Src/tim.o
 .debug_ranges  0x0000000000000128       0x20 ./Core/Src/usart.o
 .debug_ranges  0x0000000000000148       0x20 ./Core/Startup/startup_stm32f103c6tx.o
 .debug_ranges  0x0000000000000168       0x40 ./Core/can/user_can.o
 .debug_ranges  0x00000000000001a8       0x10 ./Core/module/timmer_model.o
 .debug_ranges  0x00000000000001b8       0x60 ./Core/module/uart_module.o
 .debug_ranges  0x0000000000000218       0x18 ./Core/protocol/bat_can.o
 .debug_ranges  0x0000000000000230       0x30 ./Core/protocol/single_wire.o
 .debug_ranges  0x0000000000000260       0xd0 ./Drivers/STM32F1xx_HAL_Driver/Src/stm32f1xx_hal.o
 .debug_ranges  0x0000000000000330      0x128 ./Drivers/STM32F1xx_HAL_Driver/Src/stm32f1xx_hal_can.o
 .debug_ranges  0x0000000000000458       0xf0 ./Drivers/STM32F1xx_HAL_Driver/Src/stm32f1xx_hal_cortex.o
 .debug_ranges  0x0000000000000548       0x70 ./Drivers/STM32F1xx_HAL_Driver/Src/stm32f1xx_hal_dma.o
 .debug_ranges  0x00000000000005b8       0x48 ./Drivers/STM32F1xx_HAL_Driver/Src/stm32f1xx_hal_gpio.o
 .debug_ranges  0x0000000000000600       0x18 ./Drivers/STM32F1xx_HAL_Driver/Src/stm32f1xx_hal_iwdg.o
 .debug_ranges  0x0000000000000618       0x80 ./Drivers/STM32F1xx_HAL_Driver/Src/stm32f1xx_hal_rcc.o
 .debug_ranges  0x0000000000000698      0x3c0 ./Drivers/STM32F1xx_HAL_Driver/Src/stm32f1xx_hal_tim.o
 .debug_ranges  0x0000000000000a58      0x158 ./Drivers/STM32F1xx_HAL_Driver/Src/stm32f1xx_hal_tim_ex.o
 .debug_ranges  0x0000000000000bb0      0x220 ./Drivers/STM32F1xx_HAL_Driver/Src/stm32f1xx_hal_uart.o

.debug_macro    0x0000000000000000    0x1a170
 .debug_macro   0x0000000000000000      0x1cf ./Core/Src/can.o
 .debug_macro   0x00000000000001cf      0xa9c ./Core/Src/can.o
 .debug_macro   0x0000000000000c6b      0x22d ./Core/Src/can.o
 .debug_macro   0x0000000000000e98       0x2e ./Core/Src/can.o
 .debug_macro   0x0000000000000ec6       0x22 ./Core/Src/can.o
 .debug_macro   0x0000000000000ee8       0x22 ./Core/Src/can.o
 .debug_macro   0x0000000000000f0a       0x8e ./Core/Src/can.o
 .debug_macro   0x0000000000000f98       0x51 ./Core/Src/can.o
 .debug_macro   0x0000000000000fe9      0x103 ./Core/Src/can.o
 .debug_macro   0x00000000000010ec       0x6a ./Core/Src/can.o
 .debug_macro   0x0000000000001156      0x1df ./Core/Src/can.o
 .debug_macro   0x0000000000001335       0x1c ./Core/Src/can.o
 .debug_macro   0x0000000000001351       0x22 ./Core/Src/can.o
 .debug_macro   0x0000000000001373       0xc3 ./Core/Src/can.o
 .debug_macro   0x0000000000001436      0xd23 ./Core/Src/can.o
 .debug_macro   0x0000000000002159     0xde75 ./Core/Src/can.o
 .debug_macro   0x000000000000ffce       0x6d ./Core/Src/can.o
 .debug_macro   0x000000000001003b     0x3468 ./Core/Src/can.o
 .debug_macro   0x00000000000134a3      0x174 ./Core/Src/can.o
 .debug_macro   0x0000000000013617       0x5c ./Core/Src/can.o
 .debug_macro   0x0000000000013673      0x5be ./Core/Src/can.o
 .debug_macro   0x0000000000013c31      0x1b7 ./Core/Src/can.o
 .debug_macro   0x0000000000013de8      0x1cb ./Core/Src/can.o
 .debug_macro   0x0000000000013fb3      0x114 ./Core/Src/can.o
 .debug_macro   0x00000000000140c7      0x1b2 ./Core/Src/can.o
 .debug_macro   0x0000000000014279       0x27 ./Core/Src/can.o
 .debug_macro   0x00000000000142a0      0x12f ./Core/Src/can.o
 .debug_macro   0x00000000000143cf      0x1bc ./Core/Src/can.o
 .debug_macro   0x000000000001458b       0x34 ./Core/Src/can.o
 .debug_macro   0x00000000000145bf       0x3c ./Core/Src/can.o
 .debug_macro   0x00000000000145fb      0x408 ./Core/Src/can.o
 .debug_macro   0x0000000000014a03       0x57 ./Core/Src/can.o
 .debug_macro   0x0000000000014a5a       0x88 ./Core/Src/can.o
 .debug_macro   0x0000000000014ae2      0x183 ./Core/Src/can.o
 .debug_macro   0x0000000000014c65       0x78 ./Core/Src/can.o
 .debug_macro   0x0000000000014cdd      0x141 ./Core/Src/can.o
 .debug_macro   0x0000000000014e1e      0x8d1 ./Core/Src/can.o
 .debug_macro   0x00000000000156ef      0x279 ./Core/Src/can.o
 .debug_macro   0x0000000000015968       0x69 ./Core/Src/can.o
 .debug_macro   0x00000000000159d1       0x10 ./Core/Src/can.o
 .debug_macro   0x00000000000159e1      0x1cf ./Core/Src/dma.o
 .debug_macro   0x0000000000015bb0      0x1cf ./Core/Src/gpio.o
 .debug_macro   0x0000000000015d7f      0x1cf ./Core/Src/iwdg.o
 .debug_macro   0x0000000000015f4e      0x419 ./Core/Src/main.o
 .debug_macro   0x0000000000016367       0x18 ./Core/Src/main.o
 .debug_macro   0x000000000001637f       0x52 ./Core/Src/main.o
 .debug_macro   0x00000000000163d1       0x3c ./Core/Src/main.o
 .debug_macro   0x000000000001640d       0x34 ./Core/Src/main.o
 .debug_macro   0x0000000000016441       0x16 ./Core/Src/main.o
 .debug_macro   0x0000000000016457       0x35 ./Core/Src/main.o
 .debug_macro   0x000000000001648c       0x16 ./Core/Src/main.o
 .debug_macro   0x00000000000164a2       0x43 ./Core/Src/main.o
 .debug_macro   0x00000000000164e5       0x34 ./Core/Src/main.o
 .debug_macro   0x0000000000016519       0x10 ./Core/Src/main.o
 .debug_macro   0x0000000000016529       0x58 ./Core/Src/main.o
 .debug_macro   0x0000000000016581       0x71 ./Core/Src/main.o
 .debug_macro   0x00000000000165f2       0x1c ./Core/Src/main.o
 .debug_macro   0x000000000001660e      0x12a ./Core/Src/main.o
 .debug_macro   0x0000000000016738      0x333 ./Core/Src/main.o
 .debug_macro   0x0000000000016a6b       0x16 ./Core/Src/main.o
 .debug_macro   0x0000000000016a81       0x29 ./Core/Src/main.o
 .debug_macro   0x0000000000016aaa       0x1c ./Core/Src/main.o
 .debug_macro   0x0000000000016ac6       0x10 ./Core/Src/main.o
 .debug_macro   0x0000000000016ad6       0x10 ./Core/Src/main.o
 .debug_macro   0x0000000000016ae6       0x1c ./Core/Src/main.o
 .debug_macro   0x0000000000016b02       0x52 ./Core/Src/main.o
 .debug_macro   0x0000000000016b54       0x22 ./Core/Src/main.o
 .debug_macro   0x0000000000016b76       0x10 ./Core/Src/main.o
 .debug_macro   0x0000000000016b86       0x40 ./Core/Src/main.o
 .debug_macro   0x0000000000016bc6       0xd5 ./Core/Src/main.o
 .debug_macro   0x0000000000016c9b       0x1c ./Core/Src/main.o
 .debug_macro   0x0000000000016cb7       0x3d ./Core/Src/main.o
 .debug_macro   0x0000000000016cf4       0x16 ./Core/Src/main.o
 .debug_macro   0x0000000000016d0a      0x145 ./Core/Src/main.o
 .debug_macro   0x0000000000016e4f       0x16 ./Core/Src/main.o
 .debug_macro   0x0000000000016e65       0x20 ./Core/Src/main.o
 .debug_macro   0x0000000000016e85      0x1a9 ./Core/Src/main.o
 .debug_macro   0x000000000001702e       0x22 ./Core/Src/main.o
 .debug_macro   0x0000000000017050       0x16 ./Core/Src/main.o
 .debug_macro   0x0000000000017066      0x1c5 ./Core/Src/stm32f1xx_hal_msp.o
 .debug_macro   0x000000000001722b      0x405 ./Core/Src/stm32f1xx_it.o
 .debug_macro   0x0000000000017630      0x1b6 ./Core/Src/system_stm32f1xx.o
 .debug_macro   0x00000000000177e6      0x1cf ./Core/Src/tim.o
 .debug_macro   0x00000000000179b5      0x1cf ./Core/Src/usart.o
 .debug_macro   0x0000000000017b84      0x405 ./Core/can/user_can.o
 .debug_macro   0x0000000000017f89       0x10 ./Core/can/user_can.o
 .debug_macro   0x0000000000017f99      0x3fb ./Core/module/timmer_model.o
 .debug_macro   0x0000000000018394      0x40b ./Core/module/uart_module.o
 .debug_macro   0x000000000001879f      0x3ff ./Core/protocol/bat_can.o
 .debug_macro   0x0000000000018b9e      0x3ff ./Core/protocol/single_wire.o
 .debug_macro   0x0000000000018f9d      0x1da ./Drivers/STM32F1xx_HAL_Driver/Src/stm32f1xx_hal.o
 .debug_macro   0x0000000000019177      0x1be ./Drivers/STM32F1xx_HAL_Driver/Src/stm32f1xx_hal_can.o
 .debug_macro   0x0000000000019335      0x1b6 ./Drivers/STM32F1xx_HAL_Driver/Src/stm32f1xx_hal_cortex.o
 .debug_macro   0x00000000000194eb      0x1b6 ./Drivers/STM32F1xx_HAL_Driver/Src/stm32f1xx_hal_dma.o
 .debug_macro   0x00000000000196a1      0x221 ./Drivers/STM32F1xx_HAL_Driver/Src/stm32f1xx_hal_gpio.o
 .debug_macro   0x00000000000198c2      0x1c2 ./Drivers/STM32F1xx_HAL_Driver/Src/stm32f1xx_hal_iwdg.o
 .debug_macro   0x0000000000019a84      0x1c8 ./Drivers/STM32F1xx_HAL_Driver/Src/stm32f1xx_hal_rcc.o
 .debug_macro   0x0000000000019c4c      0x1b7 ./Drivers/STM32F1xx_HAL_Driver/Src/stm32f1xx_hal_tim.o
 .debug_macro   0x0000000000019e03      0x1b6 ./Drivers/STM32F1xx_HAL_Driver/Src/stm32f1xx_hal_tim_ex.o
 .debug_macro   0x0000000000019fb9      0x1b7 ./Drivers/STM32F1xx_HAL_Driver/Src/stm32f1xx_hal_uart.o

.debug_line     0x0000000000000000    0x13c9c
 .debug_line    0x0000000000000000      0x723 ./Core/Src/can.o
 .debug_line    0x0000000000000723      0x6a7 ./Core/Src/dma.o
 .debug_line    0x0000000000000dca      0x6ba ./Core/Src/gpio.o
 .debug_line    0x0000000000001484      0x6b8 ./Core/Src/iwdg.o
 .debug_line    0x0000000000001b3c      0xa49 ./Core/Src/main.o
 .debug_line    0x0000000000002585      0x6ad ./Core/Src/stm32f1xx_hal_msp.o
 .debug_line    0x0000000000002c32      0xac2 ./Core/Src/stm32f1xx_it.o
 .debug_line    0x00000000000036f4      0x72a ./Core/Src/system_stm32f1xx.o
 .debug_line    0x0000000000003e1e      0x719 ./Core/Src/tim.o
 .debug_line    0x0000000000004537      0x741 ./Core/Src/usart.o
 .debug_line    0x0000000000004c78       0x87 ./Core/Startup/startup_stm32f103c6tx.o
 .debug_line    0x0000000000004cff      0xb43 ./Core/can/user_can.o
 .debug_line    0x0000000000005842      0x9a4 ./Core/module/timmer_model.o
 .debug_line    0x00000000000061e6      0xad3 ./Core/module/uart_module.o
 .debug_line    0x0000000000006cb9      0xd9c ./Core/protocol/bat_can.o
 .debug_line    0x0000000000007a55      0xb77 ./Core/protocol/single_wire.o
 .debug_line    0x00000000000085cc      0x957 ./Drivers/STM32F1xx_HAL_Driver/Src/stm32f1xx_hal.o
 .debug_line    0x0000000000008f23     0x10f8 ./Drivers/STM32F1xx_HAL_Driver/Src/stm32f1xx_hal_can.o
 .debug_line    0x000000000000a01b      0xb3f ./Drivers/STM32F1xx_HAL_Driver/Src/stm32f1xx_hal_cortex.o
 .debug_line    0x000000000000ab5a      0xdaf ./Drivers/STM32F1xx_HAL_Driver/Src/stm32f1xx_hal_dma.o
 .debug_line    0x000000000000b909      0x9d8 ./Drivers/STM32F1xx_HAL_Driver/Src/stm32f1xx_hal_gpio.o
 .debug_line    0x000000000000c2e1      0x722 ./Drivers/STM32F1xx_HAL_Driver/Src/stm32f1xx_hal_iwdg.o
 .debug_line    0x000000000000ca03      0xd65 ./Drivers/STM32F1xx_HAL_Driver/Src/stm32f1xx_hal_rcc.o
 .debug_line    0x000000000000d768     0x32b5 ./Drivers/STM32F1xx_HAL_Driver/Src/stm32f1xx_hal_tim.o
 .debug_line    0x0000000000010a1d     0x184d ./Drivers/STM32F1xx_HAL_Driver/Src/stm32f1xx_hal_tim_ex.o
 .debug_line    0x000000000001226a     0x1a32 ./Drivers/STM32F1xx_HAL_Driver/Src/stm32f1xx_hal_uart.o

.debug_str      0x0000000000000000    0x8c423
 .debug_str     0x0000000000000000    0x83930 ./Core/Src/can.o
                                      0x83d29 (size before relaxing)
 .debug_str     0x0000000000083930       0x29 ./Core/Src/dma.o
                                      0x839ce (size before relaxing)
 .debug_str     0x0000000000083959       0x48 ./Core/Src/gpio.o
                                      0x837ae (size before relaxing)
 .debug_str     0x00000000000839a1       0x63 ./Core/Src/iwdg.o
                                      0x8376c (size before relaxing)
 .debug_str     0x0000000000083a04     0x56e1 ./Core/Src/main.o
                                      0x892ae (size before relaxing)
 .debug_str     0x00000000000890e5       0x50 ./Core/Src/stm32f1xx_hal_msp.o
                                      0x83764 (size before relaxing)
 .debug_str     0x0000000000089135       0xf8 ./Core/Src/stm32f1xx_it.o
                                      0x891c2 (size before relaxing)
 .debug_str     0x000000000008922d       0x52 ./Core/Src/system_stm32f1xx.o
                                      0x8372a (size before relaxing)
 .debug_str     0x000000000008927f       0xf7 ./Core/Src/tim.o
                                      0x83f93 (size before relaxing)
 .debug_str     0x0000000000089376       0x57 ./Core/Src/usart.o
                                      0x83e48 (size before relaxing)
 .debug_str     0x00000000000893cd       0x36 ./Core/Startup/startup_stm32f103c6tx.o
                                         0x7d (size before relaxing)
 .debug_str     0x0000000000089403      0x21e ./Core/can/user_can.o
                                      0x8932e (size before relaxing)
 .debug_str     0x0000000000089621       0x56 ./Core/module/timmer_model.o
                                      0x8911c (size before relaxing)
 .debug_str     0x0000000000089677      0x13b ./Core/module/uart_module.o
                                      0x89217 (size before relaxing)
 .debug_str     0x00000000000897b2       0x78 ./Core/protocol/bat_can.o
                                      0x8915a (size before relaxing)
 .debug_str     0x000000000008982a       0xaf ./Core/protocol/single_wire.o
                                      0x89173 (size before relaxing)
 .debug_str     0x00000000000898d9      0x2f2 ./Drivers/STM32F1xx_HAL_Driver/Src/stm32f1xx_hal.o
                                      0x83d81 (size before relaxing)
 .debug_str     0x0000000000089bcb      0x44b ./Drivers/STM32F1xx_HAL_Driver/Src/stm32f1xx_hal_can.o
                                      0x83f4a (size before relaxing)
 .debug_str     0x000000000008a016      0x2d8 ./Drivers/STM32F1xx_HAL_Driver/Src/stm32f1xx_hal_cortex.o
                                      0x83d89 (size before relaxing)
 .debug_str     0x000000000008a2ee      0x230 ./Drivers/STM32F1xx_HAL_Driver/Src/stm32f1xx_hal_dma.o
                                      0x83b05 (size before relaxing)
 .debug_str     0x000000000008a51e      0x31f ./Drivers/STM32F1xx_HAL_Driver/Src/stm32f1xx_hal_gpio.o
                                      0x83aee (size before relaxing)
 .debug_str     0x000000000008a83d       0xf3 ./Drivers/STM32F1xx_HAL_Driver/Src/stm32f1xx_hal_iwdg.o
                                      0x8381e (size before relaxing)
 .debug_str     0x000000000008a930      0x24f ./Drivers/STM32F1xx_HAL_Driver/Src/stm32f1xx_hal_rcc.o
                                      0x83b27 (size before relaxing)
 .debug_str     0x000000000008ab7f      0xdc3 ./Drivers/STM32F1xx_HAL_Driver/Src/stm32f1xx_hal_tim.o
                                      0x84af9 (size before relaxing)
 .debug_str     0x000000000008b942      0x4ee ./Drivers/STM32F1xx_HAL_Driver/Src/stm32f1xx_hal_tim_ex.o
                                      0x842aa (size before relaxing)
 .debug_str     0x000000000008be30      0x5f3 ./Drivers/STM32F1xx_HAL_Driver/Src/stm32f1xx_hal_uart.o
                                      0x84119 (size before relaxing)

.comment        0x0000000000000000       0x53
 .comment       0x0000000000000000       0x53 ./Core/Src/can.o
                                         0x54 (size before relaxing)
 .comment       0x0000000000000053       0x54 ./Core/Src/dma.o
 .comment       0x0000000000000053       0x54 ./Core/Src/gpio.o
 .comment       0x0000000000000053       0x54 ./Core/Src/iwdg.o
 .comment       0x0000000000000053       0x54 ./Core/Src/main.o
 .comment       0x0000000000000053       0x54 ./Core/Src/stm32f1xx_hal_msp.o
 .comment       0x0000000000000053       0x54 ./Core/Src/stm32f1xx_it.o
 .comment       0x0000000000000053       0x54 ./Core/Src/system_stm32f1xx.o
 .comment       0x0000000000000053       0x54 ./Core/Src/tim.o
 .comment       0x0000000000000053       0x54 ./Core/Src/usart.o
 .comment       0x0000000000000053       0x54 ./Core/can/user_can.o
 .comment       0x0000000000000053       0x54 ./Core/module/timmer_model.o
 .comment       0x0000000000000053       0x54 ./Core/module/uart_module.o
 .comment       0x0000000000000053       0x54 ./Core/protocol/bat_can.o
 .comment       0x0000000000000053       0x54 ./Core/protocol/single_wire.o
 .comment       0x0000000000000053       0x54 ./Drivers/STM32F1xx_HAL_Driver/Src/stm32f1xx_hal.o
 .comment       0x0000000000000053       0x54 ./Drivers/STM32F1xx_HAL_Driver/Src/stm32f1xx_hal_can.o
 .comment       0x0000000000000053       0x54 ./Drivers/STM32F1xx_HAL_Driver/Src/stm32f1xx_hal_cortex.o
 .comment       0x0000000000000053       0x54 ./Drivers/STM32F1xx_HAL_Driver/Src/stm32f1xx_hal_dma.o
 .comment       0x0000000000000053       0x54 ./Drivers/STM32F1xx_HAL_Driver/Src/stm32f1xx_hal_gpio.o
 .comment       0x0000000000000053       0x54 ./Drivers/STM32F1xx_HAL_Driver/Src/stm32f1xx_hal_iwdg.o
 .comment       0x0000000000000053       0x54 ./Drivers/STM32F1xx_HAL_Driver/Src/stm32f1xx_hal_rcc.o
 .comment       0x0000000000000053       0x54 ./Drivers/STM32F1xx_HAL_Driver/Src/stm32f1xx_hal_tim.o
 .comment       0x0000000000000053       0x54 ./Drivers/STM32F1xx_HAL_Driver/Src/stm32f1xx_hal_tim_ex.o
 .comment       0x0000000000000053       0x54 ./Drivers/STM32F1xx_HAL_Driver/Src/stm32f1xx_hal_uart.o

.debug_frame    0x0000000000000000     0x3cb0
 .debug_frame   0x0000000000000000       0x74 ./Core/Src/can.o
 .debug_frame   0x0000000000000074       0x34 ./Core/Src/dma.o
 .debug_frame   0x00000000000000a8       0x34 ./Core/Src/gpio.o
 .debug_frame   0x00000000000000dc       0x2c ./Core/Src/iwdg.o
 .debug_frame   0x0000000000000108       0x68 ./Core/Src/main.o
 .debug_frame   0x0000000000000170       0x38 ./Core/Src/stm32f1xx_hal_msp.o
 .debug_frame   0x00000000000001a8      0x174 ./Core/Src/stm32f1xx_it.o
 .debug_frame   0x000000000000031c       0x58 ./Core/Src/system_stm32f1xx.o
 .debug_frame   0x0000000000000374       0x7c ./Core/Src/tim.o
 .debug_frame   0x00000000000003f0       0x74 ./Core/Src/usart.o
 .debug_frame   0x0000000000000464      0x114 ./Core/can/user_can.o
 .debug_frame   0x0000000000000578       0x34 ./Core/module/timmer_model.o
 .debug_frame   0x00000000000005ac      0x194 ./Core/module/uart_module.o
 .debug_frame   0x0000000000000740       0x60 ./Core/protocol/bat_can.o
 .debug_frame   0x00000000000007a0       0xd0 ./Core/protocol/single_wire.o
 .debug_frame   0x0000000000000870      0x334 ./Drivers/STM32F1xx_HAL_Driver/Src/stm32f1xx_hal.o
 .debug_frame   0x0000000000000ba4      0x5a0 ./Drivers/STM32F1xx_HAL_Driver/Src/stm32f1xx_hal_can.o
 .debug_frame   0x0000000000001144      0x428 ./Drivers/STM32F1xx_HAL_Driver/Src/stm32f1xx_hal_cortex.o
 .debug_frame   0x000000000000156c      0x208 ./Drivers/STM32F1xx_HAL_Driver/Src/stm32f1xx_hal_dma.o
 .debug_frame   0x0000000000001774      0x14c ./Drivers/STM32F1xx_HAL_Driver/Src/stm32f1xx_hal_gpio.o
 .debug_frame   0x00000000000018c0       0x5c ./Drivers/STM32F1xx_HAL_Driver/Src/stm32f1xx_hal_iwdg.o
 .debug_frame   0x000000000000191c      0x21c ./Drivers/STM32F1xx_HAL_Driver/Src/stm32f1xx_hal_rcc.o
 .debug_frame   0x0000000000001b38     0x11b8 ./Drivers/STM32F1xx_HAL_Driver/Src/stm32f1xx_hal_tim.o
 .debug_frame   0x0000000000002cf0      0x638 ./Drivers/STM32F1xx_HAL_Driver/Src/stm32f1xx_hal_tim_ex.o
 .debug_frame   0x0000000000003328      0x914 ./Drivers/STM32F1xx_HAL_Driver/Src/stm32f1xx_hal_uart.o
 .debug_frame   0x0000000000003c3c       0x2c d:/st/stm32cubeide_1.7.0/stm32cubeide/plugins/com.st.stm32cube.ide.mcu.externaltools.gnu-tools-for-stm32.9-2020-q2-update.win32_2.0.0.202105311346/tools/bin/../lib/gcc/arm-none-eabi/9.3.1/../../../../arm-none-eabi/lib/thumb/v7-m/nofp\libc_nano.a(lib_a-init.o)
 .debug_frame   0x0000000000003c68       0x28 d:/st/stm32cubeide_1.7.0/stm32cubeide/plugins/com.st.stm32cube.ide.mcu.externaltools.gnu-tools-for-stm32.9-2020-q2-update.win32_2.0.0.202105311346/tools/bin/../lib/gcc/arm-none-eabi/9.3.1/../../../../arm-none-eabi/lib/thumb/v7-m/nofp\libc_nano.a(lib_a-memcpy-stub.o)
 .debug_frame   0x0000000000003c90       0x20 d:/st/stm32cubeide_1.7.0/stm32cubeide/plugins/com.st.stm32cube.ide.mcu.externaltools.gnu-tools-for-stm32.9-2020-q2-update.win32_2.0.0.202105311346/tools/bin/../lib/gcc/arm-none-eabi/9.3.1/../../../../arm-none-eabi/lib/thumb/v7-m/nofp\libc_nano.a(lib_a-memset.o)
