Archive member included to satisfy reference by file (symbol)

c:/st/stm32cubeide_1.6.1/stm32cubeide/plugins/com.st.stm32cube.ide.mcu.externaltools.gnu-tools-for-stm32.9-2020-q2-update.win32_1.5.0.202011040924/tools/bin/../lib/gcc/arm-none-eabi/9.3.1/../../../../arm-none-eabi/lib/thumb/v7-m/nofp\libc_nano.a(lib_a-errno.o)
                              Core/Src/syscalls.o (__errno)
c:/st/stm32cubeide_1.6.1/stm32cubeide/plugins/com.st.stm32cube.ide.mcu.externaltools.gnu-tools-for-stm32.9-2020-q2-update.win32_1.5.0.202011040924/tools/bin/../lib/gcc/arm-none-eabi/9.3.1/../../../../arm-none-eabi/lib/thumb/v7-m/nofp\libc_nano.a(lib_a-exit.o)
                              c:/st/stm32cubeide_1.6.1/stm32cubeide/plugins/com.st.stm32cube.ide.mcu.externaltools.gnu-tools-for-stm32.9-2020-q2-update.win32_1.5.0.202011040924/tools/bin/../lib/gcc/arm-none-eabi/9.3.1/../../../../arm-none-eabi/lib/thumb/v7-m/nofp/crt0.o (exit)
c:/st/stm32cubeide_1.6.1/stm32cubeide/plugins/com.st.stm32cube.ide.mcu.externaltools.gnu-tools-for-stm32.9-2020-q2-update.win32_1.5.0.202011040924/tools/bin/../lib/gcc/arm-none-eabi/9.3.1/../../../../arm-none-eabi/lib/thumb/v7-m/nofp\libc_nano.a(lib_a-impure.o)
                              c:/st/stm32cubeide_1.6.1/stm32cubeide/plugins/com.st.stm32cube.ide.mcu.externaltools.gnu-tools-for-stm32.9-2020-q2-update.win32_1.5.0.202011040924/tools/bin/../lib/gcc/arm-none-eabi/9.3.1/../../../../arm-none-eabi/lib/thumb/v7-m/nofp\libc_nano.a(lib_a-exit.o) (_global_impure_ptr)
c:/st/stm32cubeide_1.6.1/stm32cubeide/plugins/com.st.stm32cube.ide.mcu.externaltools.gnu-tools-for-stm32.9-2020-q2-update.win32_1.5.0.202011040924/tools/bin/../lib/gcc/arm-none-eabi/9.3.1/../../../../arm-none-eabi/lib/thumb/v7-m/nofp\libc_nano.a(lib_a-init.o)
                              c:/st/stm32cubeide_1.6.1/stm32cubeide/plugins/com.st.stm32cube.ide.mcu.externaltools.gnu-tools-for-stm32.9-2020-q2-update.win32_1.5.0.202011040924/tools/bin/../lib/gcc/arm-none-eabi/9.3.1/../../../../arm-none-eabi/lib/thumb/v7-m/nofp/crt0.o (__libc_init_array)
c:/st/stm32cubeide_1.6.1/stm32cubeide/plugins/com.st.stm32cube.ide.mcu.externaltools.gnu-tools-for-stm32.9-2020-q2-update.win32_1.5.0.202011040924/tools/bin/../lib/gcc/arm-none-eabi/9.3.1/../../../../arm-none-eabi/lib/thumb/v7-m/nofp\libc_nano.a(lib_a-memcpy-stub.o)
                              Core/can/user_can.o (memcpy)
c:/st/stm32cubeide_1.6.1/stm32cubeide/plugins/com.st.stm32cube.ide.mcu.externaltools.gnu-tools-for-stm32.9-2020-q2-update.win32_1.5.0.202011040924/tools/bin/../lib/gcc/arm-none-eabi/9.3.1/../../../../arm-none-eabi/lib/thumb/v7-m/nofp\libc_nano.a(lib_a-memset.o)
                              c:/st/stm32cubeide_1.6.1/stm32cubeide/plugins/com.st.stm32cube.ide.mcu.externaltools.gnu-tools-for-stm32.9-2020-q2-update.win32_1.5.0.202011040924/tools/bin/../lib/gcc/arm-none-eabi/9.3.1/../../../../arm-none-eabi/lib/thumb/v7-m/nofp/crt0.o (memset)
c:/st/stm32cubeide_1.6.1/stm32cubeide/plugins/com.st.stm32cube.ide.mcu.externaltools.gnu-tools-for-stm32.9-2020-q2-update.win32_1.5.0.202011040924/tools/bin/../lib/gcc/arm-none-eabi/9.3.1/../../../../arm-none-eabi/lib/thumb/v7-m/nofp\libc_nano.a(lib_a-printf.o)
                              Core/module/uart_module.o (printf)
c:/st/stm32cubeide_1.6.1/stm32cubeide/plugins/com.st.stm32cube.ide.mcu.externaltools.gnu-tools-for-stm32.9-2020-q2-update.win32_1.5.0.202011040924/tools/bin/../lib/gcc/arm-none-eabi/9.3.1/../../../../arm-none-eabi/lib/thumb/v7-m/nofp\libc_nano.a(lib_a-findfp.o)
                              c:/st/stm32cubeide_1.6.1/stm32cubeide/plugins/com.st.stm32cube.ide.mcu.externaltools.gnu-tools-for-stm32.9-2020-q2-update.win32_1.5.0.202011040924/tools/bin/../lib/gcc/arm-none-eabi/9.3.1/../../../../arm-none-eabi/lib/thumb/v7-m/nofp\libc_nano.a(lib_a-printf.o) (__sinit)
c:/st/stm32cubeide_1.6.1/stm32cubeide/plugins/com.st.stm32cube.ide.mcu.externaltools.gnu-tools-for-stm32.9-2020-q2-update.win32_1.5.0.202011040924/tools/bin/../lib/gcc/arm-none-eabi/9.3.1/../../../../arm-none-eabi/lib/thumb/v7-m/nofp\libc_nano.a(lib_a-fwalk.o)
                              c:/st/stm32cubeide_1.6.1/stm32cubeide/plugins/com.st.stm32cube.ide.mcu.externaltools.gnu-tools-for-stm32.9-2020-q2-update.win32_1.5.0.202011040924/tools/bin/../lib/gcc/arm-none-eabi/9.3.1/../../../../arm-none-eabi/lib/thumb/v7-m/nofp\libc_nano.a(lib_a-findfp.o) (_fwalk)
c:/st/stm32cubeide_1.6.1/stm32cubeide/plugins/com.st.stm32cube.ide.mcu.externaltools.gnu-tools-for-stm32.9-2020-q2-update.win32_1.5.0.202011040924/tools/bin/../lib/gcc/arm-none-eabi/9.3.1/../../../../arm-none-eabi/lib/thumb/v7-m/nofp\libc_nano.a(lib_a-lock.o)
                              c:/st/stm32cubeide_1.6.1/stm32cubeide/plugins/com.st.stm32cube.ide.mcu.externaltools.gnu-tools-for-stm32.9-2020-q2-update.win32_1.5.0.202011040924/tools/bin/../lib/gcc/arm-none-eabi/9.3.1/../../../../arm-none-eabi/lib/thumb/v7-m/nofp\libc_nano.a(lib_a-findfp.o) (__retarget_lock_init_recursive)
[...]
Memory Configuration

Name             Origin             Length             Attributes
RAM              0x0000000020000000 0x0000000000002800 xrw
FLASH            0x0000000008000000 0x0000000000008000 xr
*default*        0x0000000000000000 0xffffffffffffffff

Linker script and memory map

LOAD c:/st/stm32cubeide_1.6.1/stm32cubeide/plugins/com.st.stm32cube.ide.mcu.externaltools.gnu-tools-for-stm32.9-2020-q2-update.win32_1.5.0.202011040924/tools/bin/../lib/gcc/arm-none-eabi/9.3.1/thumb/v7-m/nofp/crti.o
LOAD c:/st/stm32cubeide_1.6.1/stm32cubeide/plugins/com.st.stm32cube.ide.mcu.externaltools.gnu-tools-for-stm32.9-2020-q2-update.win32_1.5.0.202011040924/tools/bin/../lib/gcc/arm-none-eabi/9.3.1/thumb/v7-m/nofp/crtbegin.o
LOAD c:/st/stm32cubeide_1.6.1/stm32cubeide/plugins/com.st.stm32cube.ide.mcu.externaltools.gnu-tools-for-stm32.9-2020-q2-update.win32_1.5.0.202011040924/tools/bin/../lib/gcc/arm-none-eabi/9.3.1/../../../../arm-none-eabi/lib/thumb/v7-m/nofp/crt0.o
LOAD Core/Src/can.o
LOAD Core/Src/dma.o
LOAD Core/Src/gpio.o
LOAD Core/Src/iwdg.o
LOAD Core/Src/main.o
LOAD Core/Src/stm32f1xx_hal_msp.o
LOAD Core/Src/stm32f1xx_it.o
LOAD Core/Src/syscalls.o
LOAD Core/Src/sysmem.o
LOAD Core/Src/system_stm32f1xx.o
LOAD Core/Src/tim.o
LOAD Core/Src/usart.o
LOAD Core/Startup/startup_stm32f103c6tx.o
LOAD Core/can/user_can.o
LOAD Core/module/timmer_model.o
LOAD Core/module/uart_module.o
LOAD Core/protocol/bat_can.o
LOAD Core/protocol/single_wire.o
LOAD Drivers/STM32F1xx_HAL_Driver/Src/stm32f1xx_hal.o
LOAD Drivers/STM32F1xx_HAL_Driver/Src/stm32f1xx_hal_can.o
LOAD Drivers/STM32F1xx_HAL_Driver/Src/stm32f1xx_hal_cortex.o
LOAD Drivers/STM32F1xx_HAL_Driver/Src/stm32f1xx_hal_dma.o
LOAD Drivers/STM32F1xx_HAL_Driver/Src/stm32f1xx_hal_exti.o
LOAD Drivers/STM32F1xx_HAL_Driver/Src/stm32f1xx_hal_flash.o
LOAD Drivers/STM32F1xx_HAL_Driver/Src/stm32f1xx_hal_flash_ex.o
LOAD Drivers/STM32F1xx_HAL_Driver/Src/stm32f1xx_hal_gpio.o
LOAD Drivers/STM32F1xx_HAL_Driver/Src/stm32f1xx_hal_gpio_ex.o
LOAD Drivers/STM32F1xx_HAL_Driver/Src/stm32f1xx_hal_iwdg.o
LOAD Drivers/STM32F1xx_HAL_Driver/Src/stm32f1xx_hal_pwr.o
LOAD Drivers/STM32F1xx_HAL_Driver/Src/stm32f1xx_hal_rcc.o
LOAD Drivers/STM32F1xx_HAL_Driver/Src/stm32f1xx_hal_rcc_ex.o
LOAD Drivers/STM32F1xx_HAL_Driver/Src/stm32f1xx_hal_tim.o
LOAD Drivers/STM32F1xx_HAL_Driver/Src/stm32f1xx_hal_tim_ex.o
LOAD Drivers/STM32F1xx_HAL_Driver/Src/stm32f1xx_hal_uart.o
START GROUP
LOAD c:/st/stm32cubeide_1.6.1/stm32cubeide/plugins/com.st.stm32cube.ide.mcu.externaltools.gnu-tools-for-stm32.9-2020-q2-update.win32_1.5.0.202011040924/tools/bin/../lib/gcc/arm-none-eabi/9.3.1/../../../../arm-none-eabi/lib/thumb/v7-m/nofp\libc_nano.a
LOAD c:/st/stm32cubeide_1.6.1/stm32cubeide/plugins/com.st.stm32cube.ide.mcu.externaltools.gnu-tools-for-stm32.9-2020-q2-update.win32_1.5.0.202011040924/tools/bin/../lib/gcc/arm-none-eabi/9.3.1/../../../../arm-none-eabi/lib/thumb/v7-m/nofp\libm.a
END GROUP
START GROUP
LOAD c:/st/stm32cubeide_1.6.1/stm32cubeide/plugins/com.st.stm32cube.ide.mcu.externaltools.gnu-tools-for-stm32.9-2020-q2-update.win32_1.5.0.202011040924/tools/bin/../lib/gcc/arm-none-eabi/9.3.1/thumb/v7-m/nofp\libgcc.a
LOAD c:/st/stm32cubeide_1.6.1/stm32cubeide/plugins/com.st.stm32cube.ide.mcu.externaltools.gnu-tools-for-stm32.9-2020-q2-update.win32_1.5.0.202011040924/tools/bin/../lib/gcc/arm-none-eabi/9.3.1/../../../../arm-none-eabi/lib/thumb/v7-m/nofp\libc_nano.a
END GROUP
START GROUP
LOAD c:/st/stm32cubeide_1.6.1/stm32cubeide/plugins/com.st.stm32cube.ide.mcu.externaltools.gnu-tools-for-stm32.9-2020-q2-update.win32_1.5.0.202011040924/tools/bin/../lib/gcc/arm-none-eabi/9.3.1/thumb/v7-m/nofp\libgcc.a
LOAD c:/st/stm32cubeide_1.6.1/stm32cubeide/plugins/com.st.stm32cube.ide.mcu.externaltools.gnu-tools-for-stm32.9-2020-q2-update.win32_1.5.0.202011040924/tools/bin/../lib/gcc/arm-none-eabi/9.3.1/../../../../arm-none-eabi/lib/thumb/v7-m/nofp\libc_nano.a
LOAD c:/st/stm32cubeide_1.6.1/stm32cubeide/plugins/com.st.stm32cube.ide.mcu.externaltools.gnu-tools-for-stm32.9-2020-q2-update.win32_1.5.0.202011040924/tools/bin/../lib/gcc/arm-none-eabi/9.3.1/../../../../arm-none-eabi/lib/thumb/v7-m/nofp\libnosys.a
END GROUP
START GROUP
LOAD c:/st/stm32cubeide_1.6.1/stm32cubeide/plugins/com.st.stm32cube.ide.mcu.externaltools.gnu-tools-for-stm32.9-2020-q2-update.win32_1.5.0.202011040924/tools/bin/../lib/gcc/arm-none-eabi/9.3.1/thumb/v7-m/nofp\libgcc.a
LOAD c:/st/stm32cubeide_1.6.1/stm32cubeide/plugins/com.st.stm32cube.ide.mcu.externaltools.gnu-tools-for-stm32.9-2020-q2-update.win32_1.5.0.202011040924/tools/bin/../lib/gcc/arm-none-eabi/9.3.1/../../../../arm-none-eabi/lib/thumb/v7-m/nofp\libc_nano.a
LOAD c:/st/stm32cubeide_1.6.1/stm32cubeide/plugins/com.st.stm32cube.ide.mcu.externaltools.gnu-tools-for-stm32.9-2020-q2-update.win32_1.5.0.202011040924/tools/bin/../lib/gcc/arm-none-eabi/9.3.1/../../../../arm-none-eabi/lib/thumb/v7-m/nofp\libnosys.a
END GROUP
LOAD c:/st/stm32cubeide_1.6.1/stm32cubeide/plugins/com.st.stm32cube.ide.mcu.externaltools.gnu-tools-for-stm32.9-2020-q2-update.win32_1.5.0.202011040924/tools/bin/../lib/gcc/arm-none-eabi/9.3.1/thumb/v7-m/nofp/crtend.o
LOAD c:/st/stm32cubeide_1.6.1/stm32cubeide/plugins/com.st.stm32cube.ide.mcu.externaltools.gnu-tools-for-stm32.9-2020-q2-update.win32_1.5.0.202011040924/tools/bin/../lib/gcc/arm-none-eabi/9.3.1/thumb/v7-m/nofp/crtn.o
                0x0000000020002800                _estack = (ORIGIN (RAM) + LENGTH (RAM))
                0x0000000000000200                _Min_Heap_Size = 0x200
                0x0000000000000400                _Min_Stack_Size = 0x400

.isr_vector     0x0000000008000000      0x10c
                0x0000000008000000                . = ALIGN (0x4)
 *(.isr_vector)
 .isr_vector    0x0000000008000000      0x10c Core/Startup/startup_stm32f103c6tx.o
                0x0000000008000000                g_pfnVectors
                0x000000000800010c                . = ALIGN (0x4)

.text           0x000000000800010c     0x4d90
                0x000000000800010c                . = ALIGN (0x4)
 *(.text)
 .text          0x000000000800010c       0x40 c:/st/stm32cubeide_1.6.1/stm32cubeide/plugins/com.st.stm32cube.ide.mcu.externaltools.gnu-tools-for-stm32.9-2020-q2-update.win32_1.5.0.202011040924/tools/bin/../lib/gcc/arm-none-eabi/9.3.1/thumb/v7-m/nofp/crtbegin.o
 *(.text*)
 .text.MX_CAN_Init
                0x000000000800014c       0x6c Core/Src/can.o
                0x000000000800014c                MX_CAN_Init
 .text.HAL_CAN_MspInit
                0x00000000080001b8       0xa8 Core/Src/can.o
                0x00000000080001b8                HAL_CAN_MspInit
 .text.MX_DMA_Init
                0x0000000008000260       0x3c Core/Src/dma.o
                0x0000000008000260                MX_DMA_Init
 .text.MX_GPIO_Init
                0x000000000800029c       0x98 Core/Src/gpio.o
                0x000000000800029c                MX_GPIO_Init
 .text.MX_IWDG_Init
                0x0000000008000334       0x34 Core/Src/iwdg.o
                0x0000000008000334                MX_IWDG_Init
 .text.main     0x0000000008000368       0x6c Core/Src/main.o
                0x0000000008000368                main
 .text.SystemClock_Config
                0x00000000080003d4       0x8e Core/Src/main.o
                0x00000000080003d4                SystemClock_Config
 .text.Error_Handler
                0x0000000008000462        0xa Core/Src/main.o
                0x0000000008000462                Error_Handler
 .text.HAL_MspInit
                0x000000000800046c       0x64 Core/Src/stm32f1xx_hal_msp.o
                0x000000000800046c                HAL_MspInit
 .text.NMI_Handler
                0x00000000080004d0        0x6 Core/Src/stm32f1xx_it.o
                0x00000000080004d0                NMI_Handler
 .text.HardFault_Handler
                0x00000000080004d6        0x6 Core/Src/stm32f1xx_it.o
                0x00000000080004d6                HardFault_Handler
 .text.MemManage_Handler
                0x00000000080004dc        0x6 Core/Src/stm32f1xx_it.o
                0x00000000080004dc                MemManage_Handler
 .text.BusFault_Handler
                0x00000000080004e2        0x6 Core/Src/stm32f1xx_it.o
                0x00000000080004e2                BusFault_Handler
 .text.UsageFault_Handler
                0x00000000080004e8        0x6 Core/Src/stm32f1xx_it.o
                0x00000000080004e8                UsageFault_Handler
 .text.SVC_Handler
                0x00000000080004ee        0xc Core/Src/stm32f1xx_it.o
                0x00000000080004ee                SVC_Handler
 .text.DebugMon_Handler
                0x00000000080004fa        0xc Core/Src/stm32f1xx_it.o
                0x00000000080004fa                DebugMon_Handler
 .text.PendSV_Handler
                0x0000000008000506        0xc Core/Src/stm32f1xx_it.o
                0x0000000008000506                PendSV_Handler
 .text.SysTick_Handler
                0x0000000008000512        0xc Core/Src/stm32f1xx_it.o
                0x0000000008000512                SysTick_Handler
 *fill*         0x000000000800051e        0x2 
 .text.DMA1_Channel6_IRQHandler
                0x0000000008000520       0x14 Core/Src/stm32f1xx_it.o
                0x0000000008000520                DMA1_Channel6_IRQHandler
 .text.USB_LP_CAN1_RX0_IRQHandler
                0x0000000008000534       0x14 Core/Src/stm32f1xx_it.o
                0x0000000008000534                USB_LP_CAN1_RX0_IRQHandler
 .text.TIM2_IRQHandler
                0x0000000008000548       0x14 Core/Src/stm32f1xx_it.o
                0x0000000008000548                TIM2_IRQHandler
 .text.USART2_IRQHandler
                0x000000000800055c       0x1c Core/Src/stm32f1xx_it.o
                0x000000000800055c                USART2_IRQHandler
 .text.SystemInit
                0x0000000008000578        0xc Core/Src/system_stm32f1xx.o
                0x0000000008000578                SystemInit
 .text.MX_TIM2_Init
                0x0000000008000584       0x9c Core/Src/tim.o
                0x0000000008000584                MX_TIM2_Init
 .text.HAL_TIM_Base_MspInit
                0x0000000008000620       0x48 Core/Src/tim.o
                0x0000000008000620                HAL_TIM_Base_MspInit
 .text.MX_USART2_UART_Init
                0x0000000008000668       0x54 Core/Src/usart.o
                0x0000000008000668                MX_USART2_UART_Init
 .text.HAL_UART_MspInit
                0x00000000080006bc       0xf8 Core/Src/usart.o
                0x00000000080006bc                HAL_UART_MspInit
 .text.Reset_Handler
                0x00000000080007b4       0x48 Core/Startup/startup_stm32f103c6tx.o
                0x00000000080007b4                Reset_Handler
 .text.Default_Handler
                0x00000000080007fc        0x2 Core/Startup/startup_stm32f103c6tx.o
                0x00000000080007fc                RTC_Alarm_IRQHandler
                0x00000000080007fc                EXTI2_IRQHandler
                0x00000000080007fc                TIM1_CC_IRQHandler
                0x00000000080007fc                PVD_IRQHandler
                0x00000000080007fc                EXTI3_IRQHandler
                0x00000000080007fc                EXTI0_IRQHandler
                0x00000000080007fc                ADC1_2_IRQHandler
                0x00000000080007fc                SPI1_IRQHandler
                0x00000000080007fc                TAMPER_IRQHandler
                0x00000000080007fc                DMA1_Channel4_IRQHandler
                0x00000000080007fc                RTC_IRQHandler
                0x00000000080007fc                DMA1_Channel7_IRQHandler
                0x00000000080007fc                CAN1_RX1_IRQHandler
                0x00000000080007fc                I2C1_EV_IRQHandler
                0x00000000080007fc                TIM3_IRQHandler
                0x00000000080007fc                RCC_IRQHandler
                0x00000000080007fc                TIM1_TRG_COM_IRQHandler
                0x00000000080007fc                DMA1_Channel1_IRQHandler
                0x00000000080007fc                Default_Handler
                0x00000000080007fc                EXTI15_10_IRQHandler
                0x00000000080007fc                EXTI9_5_IRQHandler
                0x00000000080007fc                DMA1_Channel5_IRQHandler
                0x00000000080007fc                EXTI4_IRQHandler
                0x00000000080007fc                USB_HP_CAN1_TX_IRQHandler
                0x00000000080007fc                DMA1_Channel3_IRQHandler
                0x00000000080007fc                TIM1_UP_IRQHandler
                0x00000000080007fc                WWDG_IRQHandler
                0x00000000080007fc                TIM1_BRK_IRQHandler
                0x00000000080007fc                EXTI1_IRQHandler
                0x00000000080007fc                DMA1_Channel2_IRQHandler
                0x00000000080007fc                CAN1_SCE_IRQHandler
                0x00000000080007fc                FLASH_IRQHandler
                0x00000000080007fc                USART1_IRQHandler
                0x00000000080007fc                I2C1_ER_IRQHandler
                0x00000000080007fc                USBWakeUp_IRQHandler
 *fill*         0x00000000080007fe        0x2 
 .text.CAN1_Config
                0x0000000008000800       0x70 Core/can/user_can.o
                0x0000000008000800                CAN1_Config
 .text.HAL_CAN_RxFifo0MsgPendingCallback
                0x0000000008000870       0x40 Core/can/user_can.o
                0x0000000008000870                HAL_CAN_RxFifo0MsgPendingCallback
 .text.user_can_send_data
                0x00000000080008b0       0x50 Core/can/user_can.o
                0x00000000080008b0                user_can_send_data
 .text.getCheckSum
                0x0000000008000900       0x42 Core/can/user_can.o
                0x0000000008000900                getCheckSum
 *fill*         0x0000000008000942        0x2 
 .text.HAL_TIM_PeriodElapsedCallback
                0x0000000008000944       0x5c Core/module/timmer_model.o
                0x0000000008000944                HAL_TIM_PeriodElapsedCallback
 .text.uart_module_init
                0x00000000080009a0       0x46 Core/module/uart_module.o
                0x00000000080009a0                uart_module_init
 *fill*         0x00000000080009e6        0x2 
 .text.uart_module_IRQHandler
                0x00000000080009e8       0x74 Core/module/uart_module.o
                0x00000000080009e8                uart_module_IRQHandler
 .text.uart_module_send_hex
                0x0000000008000a5c       0x38 Core/module/uart_module.o
                0x0000000008000a5c                uart_module_send_hex
 .text.uart_module_stop_receive
                0x0000000008000a94       0x1a Core/module/uart_module.o
                0x0000000008000a94                uart_module_stop_receive
 .text.uart_module_start_receive
                0x0000000008000aae       0x28 Core/module/uart_module.o
                0x0000000008000aae                uart_module_start_receive
 *fill*         0x0000000008000ad6        0x2 
 .text.bat_can_data_handler
                0x0000000008000ad8      0x5fc Core/protocol/bat_can.o
                0x0000000008000ad8                bat_can_data_handler
 .text.bat_charge_management
                0x00000000080010d4      0x3a4 Core/protocol/bat_can.o
                0x00000000080010d4                bat_charge_management
 .text.check_sum_head
                0x0000000008001478       0x6e Core/protocol/single_wire.o
                0x0000000008001478                check_sum_head
 *fill*         0x00000000080014e6        0x2 
 .text.signal_wire_read_handler
                0x00000000080014e8      0x33c Core/protocol/single_wire.o
                0x00000000080014e8                signal_wire_read_handler
 .text.HAL_Init
                0x0000000008001824       0x2c Drivers/STM32F1xx_HAL_Driver/Src/stm32f1xx_hal.o
                0x0000000008001824                HAL_Init
 .text.HAL_InitTick
                0x0000000008001850       0x60 Drivers/STM32F1xx_HAL_Driver/Src/stm32f1xx_hal.o
                0x0000000008001850                HAL_InitTick
 .text.HAL_IncTick
                0x00000000080018b0       0x24 Drivers/STM32F1xx_HAL_Driver/Src/stm32f1xx_hal.o
                0x00000000080018b0                HAL_IncTick
 .text.HAL_GetTick
                0x00000000080018d4       0x14 Drivers/STM32F1xx_HAL_Driver/Src/stm32f1xx_hal.o
                0x00000000080018d4                HAL_GetTick
 .text.HAL_Delay
                0x00000000080018e8       0x48 Drivers/STM32F1xx_HAL_Driver/Src/stm32f1xx_hal.o
                0x00000000080018e8                HAL_Delay
 .text.HAL_CAN_Init
                0x0000000008001930      0x1f6 Drivers/STM32F1xx_HAL_Driver/Src/stm32f1xx_hal_can.o
                0x0000000008001930                HAL_CAN_Init
 .text.HAL_CAN_ConfigFilter
                0x0000000008001b26      0x192 Drivers/STM32F1xx_HAL_Driver/Src/stm32f1xx_hal_can.o
                0x0000000008001b26                HAL_CAN_ConfigFilter
 .text.HAL_CAN_Start
                0x0000000008001cb8       0x88 Drivers/STM32F1xx_HAL_Driver/Src/stm32f1xx_hal_can.o
                0x0000000008001cb8                HAL_CAN_Start
 .text.HAL_CAN_AddTxMessage
                0x0000000008001d40      0x1b4 Drivers/STM32F1xx_HAL_Driver/Src/stm32f1xx_hal_can.o
                0x0000000008001d40                HAL_CAN_AddTxMessage
 .text.HAL_CAN_GetRxMessage
                0x0000000008001ef4      0x222 Drivers/STM32F1xx_HAL_Driver/Src/stm32f1xx_hal_can.o
                0x0000000008001ef4                HAL_CAN_GetRxMessage
 .text.HAL_CAN_ActivateNotification
                0x0000000008002116       0x4a Drivers/STM32F1xx_HAL_Driver/Src/stm32f1xx_hal_can.o
                0x0000000008002116                HAL_CAN_ActivateNotification
 .text.HAL_CAN_IRQHandler
                0x0000000008002160      0x36e Drivers/STM32F1xx_HAL_Driver/Src/stm32f1xx_hal_can.o
                0x0000000008002160                HAL_CAN_IRQHandler
 .text.HAL_CAN_TxMailbox0CompleteCallback
                0x00000000080024ce       0x12 Drivers/STM32F1xx_HAL_Driver/Src/stm32f1xx_hal_can.o
                0x00000000080024ce                HAL_CAN_TxMailbox0CompleteCallback
 .text.HAL_CAN_TxMailbox1CompleteCallback
                0x00000000080024e0       0x12 Drivers/STM32F1xx_HAL_Driver/Src/stm32f1xx_hal_can.o
                0x00000000080024e0                HAL_CAN_TxMailbox1CompleteCallback
 .text.HAL_CAN_TxMailbox2CompleteCallback
                0x00000000080024f2       0x12 Drivers/STM32F1xx_HAL_Driver/Src/stm32f1xx_hal_can.o
                0x00000000080024f2                HAL_CAN_TxMailbox2CompleteCallback
 .text.HAL_CAN_TxMailbox0AbortCallback
                0x0000000008002504       0x12 Drivers/STM32F1xx_HAL_Driver/Src/stm32f1xx_hal_can.o
                0x0000000008002504                HAL_CAN_TxMailbox0AbortCallback
 .text.HAL_CAN_TxMailbox1AbortCallback
                0x0000000008002516       0x12 Drivers/STM32F1xx_HAL_Driver/Src/stm32f1xx_hal_can.o
                0x0000000008002516                HAL_CAN_TxMailbox1AbortCallback
 .text.HAL_CAN_TxMailbox2AbortCallback
                0x0000000008002528       0x12 Drivers/STM32F1xx_HAL_Driver/Src/stm32f1xx_hal_can.o
                0x0000000008002528                HAL_CAN_TxMailbox2AbortCallback
 .text.HAL_CAN_RxFifo0FullCallback
                0x000000000800253a       0x12 Drivers/STM32F1xx_HAL_Driver/Src/stm32f1xx_hal_can.o
                0x000000000800253a                HAL_CAN_RxFifo0FullCallback
 .text.HAL_CAN_RxFifo1MsgPendingCallback
                0x000000000800254c       0x12 Drivers/STM32F1xx_HAL_Driver/Src/stm32f1xx_hal_can.o
                0x000000000800254c                HAL_CAN_RxFifo1MsgPendingCallback
 .text.HAL_CAN_RxFifo1FullCallback
                0x000000000800255e       0x12 Drivers/STM32F1xx_HAL_Driver/Src/stm32f1xx_hal_can.o
                0x000000000800255e                HAL_CAN_RxFifo1FullCallback
 .text.HAL_CAN_SleepCallback
                0x0000000008002570       0x12 Drivers/STM32F1xx_HAL_Driver/Src/stm32f1xx_hal_can.o
                0x0000000008002570                HAL_CAN_SleepCallback
 .text.HAL_CAN_WakeUpFromRxMsgCallback
                0x0000000008002582       0x12 Drivers/STM32F1xx_HAL_Driver/Src/stm32f1xx_hal_can.o
                0x0000000008002582                HAL_CAN_WakeUpFromRxMsgCallback
 .text.HAL_CAN_ErrorCallback
                0x0000000008002594       0x12 Drivers/STM32F1xx_HAL_Driver/Src/stm32f1xx_hal_can.o
                0x0000000008002594                HAL_CAN_ErrorCallback
 *fill*         0x00000000080025a6        0x2 
 .text.__NVIC_SetPriorityGrouping
                0x00000000080025a8       0x48 Drivers/STM32F1xx_HAL_Driver/Src/stm32f1xx_hal_cortex.o
 .text.__NVIC_GetPriorityGrouping
                0x00000000080025f0       0x1c Drivers/STM32F1xx_HAL_Driver/Src/stm32f1xx_hal_cortex.o
 .text.__NVIC_EnableIRQ
                0x000000000800260c       0x38 Drivers/STM32F1xx_HAL_Driver/Src/stm32f1xx_hal_cortex.o
 .text.__NVIC_SetPriority
                0x0000000008002644       0x54 Drivers/STM32F1xx_HAL_Driver/Src/stm32f1xx_hal_cortex.o
 .text.NVIC_EncodePriority
                0x0000000008002698       0x64 Drivers/STM32F1xx_HAL_Driver/Src/stm32f1xx_hal_cortex.o
 .text.SysTick_Config
                0x00000000080026fc       0x44 Drivers/STM32F1xx_HAL_Driver/Src/stm32f1xx_hal_cortex.o
 .text.HAL_NVIC_SetPriorityGrouping
                0x0000000008002740       0x16 Drivers/STM32F1xx_HAL_Driver/Src/stm32f1xx_hal_cortex.o
                0x0000000008002740                HAL_NVIC_SetPriorityGrouping
 .text.HAL_NVIC_SetPriority
                0x0000000008002756       0x38 Drivers/STM32F1xx_HAL_Driver/Src/stm32f1xx_hal_cortex.o
                0x0000000008002756                HAL_NVIC_SetPriority
 .text.HAL_NVIC_EnableIRQ
                0x000000000800278e       0x1c Drivers/STM32F1xx_HAL_Driver/Src/stm32f1xx_hal_cortex.o
                0x000000000800278e                HAL_NVIC_EnableIRQ
 .text.HAL_SYSTICK_Config
                0x00000000080027aa       0x18 Drivers/STM32F1xx_HAL_Driver/Src/stm32f1xx_hal_cortex.o
                0x00000000080027aa                HAL_SYSTICK_Config
 *fill*         0x00000000080027c2        0x2 
 .text.HAL_DMA_Init
                0x00000000080027c4       0xb4 Drivers/STM32F1xx_HAL_Driver/Src/stm32f1xx_hal_dma.o
                0x00000000080027c4                HAL_DMA_Init
 .text.HAL_DMA_Start_IT
                0x0000000008002878       0xbe Drivers/STM32F1xx_HAL_Driver/Src/stm32f1xx_hal_dma.o
                0x0000000008002878                HAL_DMA_Start_IT
 .text.HAL_DMA_Abort
                0x0000000008002936       0x74 Drivers/STM32F1xx_HAL_Driver/Src/stm32f1xx_hal_dma.o
                0x0000000008002936                HAL_DMA_Abort
 *fill*         0x00000000080029aa        0x2 
 .text.HAL_DMA_Abort_IT
                0x00000000080029ac       0xec Drivers/STM32F1xx_HAL_Driver/Src/stm32f1xx_hal_dma.o
                0x00000000080029ac                HAL_DMA_Abort_IT
 .text.HAL_DMA_IRQHandler
                0x0000000008002a98      0x20c Drivers/STM32F1xx_HAL_Driver/Src/stm32f1xx_hal_dma.o
                0x0000000008002a98                HAL_DMA_IRQHandler
 .text.DMA_SetConfig
                0x0000000008002ca4       0x5a Drivers/STM32F1xx_HAL_Driver/Src/stm32f1xx_hal_dma.o
 *fill*         0x0000000008002cfe        0x2 
 .text.HAL_GPIO_Init
                0x0000000008002d00      0x2f4 Drivers/STM32F1xx_HAL_Driver/Src/stm32f1xx_hal_gpio.o
                0x0000000008002d00                HAL_GPIO_Init
 .text.HAL_GPIO_WritePin
                0x0000000008002ff4       0x30 Drivers/STM32F1xx_HAL_Driver/Src/stm32f1xx_hal_gpio.o
                0x0000000008002ff4                HAL_GPIO_WritePin
 .text.HAL_GPIO_TogglePin
                0x0000000008003024       0x32 Drivers/STM32F1xx_HAL_Driver/Src/stm32f1xx_hal_gpio.o
                0x0000000008003024                HAL_GPIO_TogglePin
 .text.HAL_IWDG_Init
                0x0000000008003056       0x84 Drivers/STM32F1xx_HAL_Driver/Src/stm32f1xx_hal_iwdg.o
                0x0000000008003056                HAL_IWDG_Init
 .text.HAL_IWDG_Refresh
                0x00000000080030da       0x1e Drivers/STM32F1xx_HAL_Driver/Src/stm32f1xx_hal_iwdg.o
                0x00000000080030da                HAL_IWDG_Refresh
 .text.HAL_RCC_OscConfig
                0x00000000080030f8      0x500 Drivers/STM32F1xx_HAL_Driver/Src/stm32f1xx_hal_rcc.o
                0x00000000080030f8                HAL_RCC_OscConfig
 .text.HAL_RCC_ClockConfig
                0x00000000080035f8      0x1d4 Drivers/STM32F1xx_HAL_Driver/Src/stm32f1xx_hal_rcc.o
                0x00000000080035f8                HAL_RCC_ClockConfig
 .text.HAL_RCC_GetSysClockFreq
                0x00000000080037cc       0xc0 Drivers/STM32F1xx_HAL_Driver/Src/stm32f1xx_hal_rcc.o
                0x00000000080037cc                HAL_RCC_GetSysClockFreq
 .text.HAL_RCC_GetHCLKFreq
                0x000000000800388c       0x14 Drivers/STM32F1xx_HAL_Driver/Src/stm32f1xx_hal_rcc.o
                0x000000000800388c                HAL_RCC_GetHCLKFreq
 .text.HAL_RCC_GetPCLK1Freq
                0x00000000080038a0       0x28 Drivers/STM32F1xx_HAL_Driver/Src/stm32f1xx_hal_rcc.o
                0x00000000080038a0                HAL_RCC_GetPCLK1Freq
 .text.HAL_RCC_GetPCLK2Freq
                0x00000000080038c8       0x28 Drivers/STM32F1xx_HAL_Driver/Src/stm32f1xx_hal_rcc.o
                0x00000000080038c8                HAL_RCC_GetPCLK2Freq
 .text.RCC_Delay
                0x00000000080038f0       0x3c Drivers/STM32F1xx_HAL_Driver/Src/stm32f1xx_hal_rcc.o
 .text.HAL_TIM_Base_Init
                0x000000000800392c       0x9e Drivers/STM32F1xx_HAL_Driver/Src/stm32f1xx_hal_tim.o
                0x000000000800392c                HAL_TIM_Base_Init
 *fill*         0x00000000080039ca        0x2 
 .text.HAL_TIM_Base_Start
                0x00000000080039cc       0x88 Drivers/STM32F1xx_HAL_Driver/Src/stm32f1xx_hal_tim.o
                0x00000000080039cc                HAL_TIM_Base_Start
 .text.HAL_TIM_IRQHandler
                0x0000000008003a54      0x210 Drivers/STM32F1xx_HAL_Driver/Src/stm32f1xx_hal_tim.o
                0x0000000008003a54                HAL_TIM_IRQHandler
 .text.HAL_TIM_ConfigClockSource
                0x0000000008003c64      0x188 Drivers/STM32F1xx_HAL_Driver/Src/stm32f1xx_hal_tim.o
                0x0000000008003c64                HAL_TIM_ConfigClockSource
 .text.HAL_TIM_OC_DelayElapsedCallback
                0x0000000008003dec       0x12 Drivers/STM32F1xx_HAL_Driver/Src/stm32f1xx_hal_tim.o
                0x0000000008003dec                HAL_TIM_OC_DelayElapsedCallback
 .text.HAL_TIM_IC_CaptureCallback
                0x0000000008003dfe       0x12 Drivers/STM32F1xx_HAL_Driver/Src/stm32f1xx_hal_tim.o
                0x0000000008003dfe                HAL_TIM_IC_CaptureCallback
 .text.HAL_TIM_PWM_PulseFinishedCallback
                0x0000000008003e10       0x12 Drivers/STM32F1xx_HAL_Driver/Src/stm32f1xx_hal_tim.o
                0x0000000008003e10                HAL_TIM_PWM_PulseFinishedCallback
 .text.HAL_TIM_TriggerCallback
                0x0000000008003e22       0x12 Drivers/STM32F1xx_HAL_Driver/Src/stm32f1xx_hal_tim.o
                0x0000000008003e22                HAL_TIM_TriggerCallback
 .text.TIM_Base_SetConfig
                0x0000000008003e34       0xb0 Drivers/STM32F1xx_HAL_Driver/Src/stm32f1xx_hal_tim.o
                0x0000000008003e34                TIM_Base_SetConfig
 .text.TIM_TI1_ConfigInputStage
                0x0000000008003ee4       0x5c Drivers/STM32F1xx_HAL_Driver/Src/stm32f1xx_hal_tim.o
 .text.TIM_TI2_ConfigInputStage
                0x0000000008003f40       0x5e Drivers/STM32F1xx_HAL_Driver/Src/stm32f1xx_hal_tim.o
 .text.TIM_ITRx_SetConfig
                0x0000000008003f9e       0x34 Drivers/STM32F1xx_HAL_Driver/Src/stm32f1xx_hal_tim.o
 .text.TIM_ETR_SetConfig
                0x0000000008003fd2       0x3e Drivers/STM32F1xx_HAL_Driver/Src/stm32f1xx_hal_tim.o
                0x0000000008003fd2                TIM_ETR_SetConfig
 .text.HAL_TIMEx_MasterConfigSynchronization
                0x0000000008004010       0xb0 Drivers/STM32F1xx_HAL_Driver/Src/stm32f1xx_hal_tim_ex.o
                0x0000000008004010                HAL_TIMEx_MasterConfigSynchronization
 .text.HAL_TIMEx_CommutCallback
                0x00000000080040c0       0x12 Drivers/STM32F1xx_HAL_Driver/Src/stm32f1xx_hal_tim_ex.o
                0x00000000080040c0                HAL_TIMEx_CommutCallback
 .text.HAL_TIMEx_BreakCallback
                0x00000000080040d2       0x12 Drivers/STM32F1xx_HAL_Driver/Src/stm32f1xx_hal_tim_ex.o
                0x00000000080040d2                HAL_TIMEx_BreakCallback
 .text.HAL_UART_Init
                0x00000000080040e4       0x9a Drivers/STM32F1xx_HAL_Driver/Src/stm32f1xx_hal_uart.o
                0x00000000080040e4                HAL_UART_Init
 .text.HAL_UART_Transmit
                0x000000000800417e      0x124 Drivers/STM32F1xx_HAL_Driver/Src/stm32f1xx_hal_uart.o
                0x000000000800417e                HAL_UART_Transmit
 .text.HAL_UART_Receive_DMA
                0x00000000080042a2       0x60 Drivers/STM32F1xx_HAL_Driver/Src/stm32f1xx_hal_uart.o
                0x00000000080042a2                HAL_UART_Receive_DMA
 .text.HAL_UART_DMAStop
                0x0000000008004302       0xb6 Drivers/STM32F1xx_HAL_Driver/Src/stm32f1xx_hal_uart.o
                0x0000000008004302                HAL_UART_DMAStop
 .text.HAL_UART_IRQHandler
                0x00000000080043b8      0x354 Drivers/STM32F1xx_HAL_Driver/Src/stm32f1xx_hal_uart.o
                0x00000000080043b8                HAL_UART_IRQHandler
 .text.HAL_UART_TxCpltCallback
                0x000000000800470c       0x12 Drivers/STM32F1xx_HAL_Driver/Src/stm32f1xx_hal_uart.o
                0x000000000800470c                HAL_UART_TxCpltCallback
 .text.HAL_UART_RxCpltCallback
                0x000000000800471e       0x12 Drivers/STM32F1xx_HAL_Driver/Src/stm32f1xx_hal_uart.o
                0x000000000800471e                HAL_UART_RxCpltCallback
 .text.HAL_UART_RxHalfCpltCallback
                0x0000000008004730       0x12 Drivers/STM32F1xx_HAL_Driver/Src/stm32f1xx_hal_uart.o
                0x0000000008004730                HAL_UART_RxHalfCpltCallback
 .text.HAL_UART_ErrorCallback
                0x0000000008004742       0x12 Drivers/STM32F1xx_HAL_Driver/Src/stm32f1xx_hal_uart.o
                0x0000000008004742                HAL_UART_ErrorCallback
 .text.HAL_UARTEx_RxEventCallback
                0x0000000008004754       0x16 Drivers/STM32F1xx_HAL_Driver/Src/stm32f1xx_hal_uart.o
                0x0000000008004754                HAL_UARTEx_RxEventCallback
 .text.UART_DMAReceiveCplt
                0x000000000800476a       0x96 Drivers/STM32F1xx_HAL_Driver/Src/stm32f1xx_hal_uart.o
 .text.UART_DMARxHalfCplt
                0x0000000008004800       0x36 Drivers/STM32F1xx_HAL_Driver/Src/stm32f1xx_hal_uart.o
 .text.UART_DMAError
                0x0000000008004836       0x94 Drivers/STM32F1xx_HAL_Driver/Src/stm32f1xx_hal_uart.o
 .text.UART_WaitOnFlagUntilTimeout
                0x00000000080048ca       0x94 Drivers/STM32F1xx_HAL_Driver/Src/stm32f1xx_hal_uart.o
 *fill*         0x000000000800495e        0x2 
 .text.UART_Start_Receive_DMA
                0x0000000008004960       0xc8 Drivers/STM32F1xx_HAL_Driver/Src/stm32f1xx_hal_uart.o
                0x0000000008004960                UART_Start_Receive_DMA
 .text.UART_EndTxTransfer
                0x0000000008004a28       0x2a Drivers/STM32F1xx_HAL_Driver/Src/stm32f1xx_hal_uart.o
 .text.UART_EndRxTransfer
                0x0000000008004a52       0x58 Drivers/STM32F1xx_HAL_Driver/Src/stm32f1xx_hal_uart.o
 .text.UART_DMAAbortOnError
                0x0000000008004aaa       0x28 Drivers/STM32F1xx_HAL_Driver/Src/stm32f1xx_hal_uart.o
 .text.UART_Transmit_IT
                0x0000000008004ad2       0x9e Drivers/STM32F1xx_HAL_Driver/Src/stm32f1xx_hal_uart.o
 .text.UART_EndTransmit_IT
                0x0000000008004b70       0x30 Drivers/STM32F1xx_HAL_Driver/Src/stm32f1xx_hal_uart.o
 .text.UART_Receive_IT
                0x0000000008004ba0      0x152 Drivers/STM32F1xx_HAL_Driver/Src/stm32f1xx_hal_uart.o
 *fill*         0x0000000008004cf2        0x2 
 .text.UART_SetConfig
                0x0000000008004cf4      0x11c Drivers/STM32F1xx_HAL_Driver/Src/stm32f1xx_hal_uart.o
 .text.__libc_init_array
                0x0000000008004e10       0x48 c:/st/stm32cubeide_1.6.1/stm32cubeide/plugins/com.st.stm32cube.ide.mcu.externaltools.gnu-tools-for-stm32.9-2020-q2-update.win32_1.5.0.202011040924/tools/bin/../lib/gcc/arm-none-eabi/9.3.1/../../../../arm-none-eabi/lib/thumb/v7-m/nofp\libc_nano.a(lib_a-init.o)
                0x0000000008004e10                __libc_init_array
 .text.memcpy   0x0000000008004e58       0x1c c:/st/stm32cubeide_1.6.1/stm32cubeide/plugins/com.st.stm32cube.ide.mcu.externaltools.gnu-tools-for-stm32.9-2020-q2-update.win32_1.5.0.202011040924/tools/bin/../lib/gcc/arm-none-eabi/9.3.1/../../../../arm-none-eabi/lib/thumb/v7-m/nofp\libc_nano.a(lib_a-memcpy-stub.o)
                0x0000000008004e58                memcpy
 .text.memset   0x0000000008004e74       0x10 c:/st/stm32cubeide_1.6.1/stm32cubeide/plugins/com.st.stm32cube.ide.mcu.externaltools.gnu-tools-for-stm32.9-2020-q2-update.win32_1.5.0.202011040924/tools/bin/../lib/gcc/arm-none-eabi/9.3.1/../../../../arm-none-eabi/lib/thumb/v7-m/nofp\libc_nano.a(lib_a-memset.o)
                0x0000000008004e74                memset
 *(.glue_7)
 .glue_7        0x0000000008004e84        0x0 linker stubs
 *(.glue_7t)
 .glue_7t       0x0000000008004e84        0x0 linker stubs
 *(.eh_frame)
 .eh_frame      0x0000000008004e84        0x0 c:/st/stm32cubeide_1.6.1/stm32cubeide/plugins/com.st.stm32cube.ide.mcu.externaltools.gnu-tools-for-stm32.9-2020-q2-update.win32_1.5.0.202011040924/tools/bin/../lib/gcc/arm-none-eabi/9.3.1/thumb/v7-m/nofp/crtbegin.o
 *(.init)
 .init          0x0000000008004e84        0x4 c:/st/stm32cubeide_1.6.1/stm32cubeide/plugins/com.st.stm32cube.ide.mcu.externaltools.gnu-tools-for-stm32.9-2020-q2-update.win32_1.5.0.202011040924/tools/bin/../lib/gcc/arm-none-eabi/9.3.1/thumb/v7-m/nofp/crti.o
                0x0000000008004e84                _init
 .init          0x0000000008004e88        0x8 c:/st/stm32cubeide_1.6.1/stm32cubeide/plugins/com.st.stm32cube.ide.mcu.externaltools.gnu-tools-for-stm32.9-2020-q2-update.win32_1.5.0.202011040924/tools/bin/../lib/gcc/arm-none-eabi/9.3.1/thumb/v7-m/nofp/crtn.o
 *(.fini)
 .fini          0x0000000008004e90        0x4 c:/st/stm32cubeide_1.6.1/stm32cubeide/plugins/com.st.stm32cube.ide.mcu.externaltools.gnu-tools-for-stm32.9-2020-q2-update.win32_1.5.0.202011040924/tools/bin/../lib/gcc/arm-none-eabi/9.3.1/thumb/v7-m/nofp/crti.o
                0x0000000008004e90                _fini
 .fini          0x0000000008004e94        0x8 c:/st/stm32cubeide_1.6.1/stm32cubeide/plugins/com.st.stm32cube.ide.mcu.externaltools.gnu-tools-for-stm32.9-2020-q2-update.win32_1.5.0.202011040924/tools/bin/../lib/gcc/arm-none-eabi/9.3.1/thumb/v7-m/nofp/crtn.o
                0x0000000008004e9c                . = ALIGN (0x4)
                0x0000000008004e9c                _etext = .

.vfp11_veneer   0x0000000008004e9c        0x0
 .vfp11_veneer  0x0000000008004e9c        0x0 linker stubs

.v4_bx          0x0000000008004e9c        0x0
 .v4_bx         0x0000000008004e9c        0x0 linker stubs

.iplt           0x0000000008004e9c        0x0
 .iplt          0x0000000008004e9c        0x0 c:/st/stm32cubeide_1.6.1/stm32cubeide/plugins/com.st.stm32cube.ide.mcu.externaltools.gnu-tools-for-stm32.9-2020-q2-update.win32_1.5.0.202011040924/tools/bin/../lib/gcc/arm-none-eabi/9.3.1/thumb/v7-m/nofp/crtbegin.o

.rodata         0x0000000008004e9c       0x28
                0x0000000008004e9c                . = ALIGN (0x4)
 *(.rodata)
 .rodata        0x0000000008004e9c       0x10 Drivers/STM32F1xx_HAL_Driver/Src/stm32f1xx_hal_rcc.o
 *(.rodata*)
 .rodata.AHBPrescTable
                0x0000000008004eac       0x10 Core/Src/system_stm32f1xx.o
                0x0000000008004eac                AHBPrescTable
 .rodata.APBPrescTable
                0x0000000008004ebc        0x8 Core/Src/system_stm32f1xx.o
                0x0000000008004ebc                APBPrescTable
                0x0000000008004ec4                . = ALIGN (0x4)

.rel.dyn        0x0000000008004ec4        0x0
 .rel.iplt      0x0000000008004ec4        0x0 c:/st/stm32cubeide_1.6.1/stm32cubeide/plugins/com.st.stm32cube.ide.mcu.externaltools.gnu-tools-for-stm32.9-2020-q2-update.win32_1.5.0.202011040924/tools/bin/../lib/gcc/arm-none-eabi/9.3.1/thumb/v7-m/nofp/crtbegin.o

.ARM.extab      0x0000000008004ec4        0x0
                0x0000000008004ec4                . = ALIGN (0x4)
 *(.ARM.extab* .gnu.linkonce.armextab.*)
                0x0000000008004ec4                . = ALIGN (0x4)

.ARM            0x0000000008004ec4        0x0
                0x0000000008004ec4                . = ALIGN (0x4)
                0x0000000008004ec4                __exidx_start = .
 *(.ARM.exidx*)
                0x0000000008004ec4                __exidx_end = .
                0x0000000008004ec4                . = ALIGN (0x4)

.preinit_array  0x0000000008004ec4        0x0
                0x0000000008004ec4                . = ALIGN (0x4)
                0x0000000008004ec4                PROVIDE (__preinit_array_start = .)
 *(.preinit_array*)
                0x0000000008004ec4                PROVIDE (__preinit_array_end = .)
                0x0000000008004ec4                . = ALIGN (0x4)

.init_array     0x0000000008004ec4        0x4
                0x0000000008004ec4                . = ALIGN (0x4)
                0x0000000008004ec4                PROVIDE (__init_array_start = .)
 *(SORT_BY_NAME(.init_array.*))
 *(.init_array*)
 .init_array    0x0000000008004ec4        0x4 c:/st/stm32cubeide_1.6.1/stm32cubeide/plugins/com.st.stm32cube.ide.mcu.externaltools.gnu-tools-for-stm32.9-2020-q2-update.win32_1.5.0.202011040924/tools/bin/../lib/gcc/arm-none-eabi/9.3.1/thumb/v7-m/nofp/crtbegin.o
                0x0000000008004ec8                PROVIDE (__init_array_end = .)
                0x0000000008004ec8                . = ALIGN (0x4)

.fini_array     0x0000000008004ec8        0x4
                0x0000000008004ec8                . = ALIGN (0x4)
                [!provide]                        PROVIDE (__fini_array_start = .)
 *(SORT_BY_NAME(.fini_array.*))
 *(.fini_array*)
 .fini_array    0x0000000008004ec8        0x4 c:/st/stm32cubeide_1.6.1/stm32cubeide/plugins/com.st.stm32cube.ide.mcu.externaltools.gnu-tools-for-stm32.9-2020-q2-update.win32_1.5.0.202011040924/tools/bin/../lib/gcc/arm-none-eabi/9.3.1/thumb/v7-m/nofp/crtbegin.o
                [!provide]                        PROVIDE (__fini_array_end = .)
                0x0000000008004ecc                . = ALIGN (0x4)
                0x0000000008004ecc                _sidata = LOADADDR (.data)

.data           0x0000000020000000      0x1ec load address 0x0000000008004ecc
                0x0000000020000000                . = ALIGN (0x4)
                0x0000000020000000                _sdata = .
 *(.data)
 *(.data*)
 .data.SystemCoreClock
                0x0000000020000000        0x4 Core/Src/system_stm32f1xx.o
                0x0000000020000000                SystemCoreClock
 .data.signal_wire_huart_module
                0x0000000020000004      0x110 Core/module/uart_module.o
                0x0000000020000004                signal_wire_huart_module
 .data.cmd_00   0x0000000020000114        0xa Core/protocol/single_wire.o
                0x0000000020000114                cmd_00
 *fill*         0x000000002000011e        0x2 
 .data.cmd_0F   0x0000000020000120        0xe Core/protocol/single_wire.o
                0x0000000020000120                cmd_0F
 *fill*         0x000000002000012e        0x2 
 .data.cmd_18   0x0000000020000130       0x16 Core/protocol/single_wire.o
                0x0000000020000130                cmd_18
 *fill*         0x0000000020000146        0x2 
 .data.cmd_23   0x0000000020000148       0x26 Core/protocol/single_wire.o
                0x0000000020000148                cmd_23
 *fill*         0x000000002000016e        0x2 
 .data.cmd_24   0x0000000020000170       0x2e Core/protocol/single_wire.o
                0x0000000020000170                cmd_24
 *fill*         0x000000002000019e        0x2 
 .data.cmd_26   0x00000000200001a0       0x14 Core/protocol/single_wire.o
                0x00000000200001a0                cmd_26
 .data.cmd_A0   0x00000000200001b4       0x20 Core/protocol/single_wire.o
                0x00000000200001b4                cmd_A0
 .data.cmd_00_w
                0x00000000200001d4        0x6 Core/protocol/single_wire.o
                0x00000000200001d4                cmd_00_w
 *fill*         0x00000000200001da        0x2 
 .data.cmd_A0_1
                0x00000000200001dc        0x7 Core/protocol/single_wire.o
                0x00000000200001dc                cmd_A0_1
 *fill*         0x00000000200001e3        0x1 
 .data.uwTickPrio
                0x00000000200001e4        0x4 Drivers/STM32F1xx_HAL_Driver/Src/stm32f1xx_hal.o
                0x00000000200001e4                uwTickPrio
 .data.uwTickFreq
                0x00000000200001e8        0x1 Drivers/STM32F1xx_HAL_Driver/Src/stm32f1xx_hal.o
                0x00000000200001e8                uwTickFreq
 *(.RamFunc)
 *(.RamFunc*)
                0x00000000200001ec                . = ALIGN (0x4)
 *fill*         0x00000000200001e9        0x3 
                0x00000000200001ec                _edata = .

.igot.plt       0x00000000200001ec        0x0 load address 0x00000000080050b8
 .igot.plt      0x00000000200001ec        0x0 c:/st/stm32cubeide_1.6.1/stm32cubeide/plugins/com.st.stm32cube.ide.mcu.externaltools.gnu-tools-for-stm32.9-2020-q2-update.win32_1.5.0.202011040924/tools/bin/../lib/gcc/arm-none-eabi/9.3.1/thumb/v7-m/nofp/crtbegin.o
                0x00000000200001ec                . = ALIGN (0x4)

.bss            0x00000000200001ec      0x610 load address 0x00000000080050b8
                0x00000000200001ec                _sbss = .
                0x00000000200001ec                __bss_start__ = _sbss
 *(.bss)
 .bss           0x00000000200001ec       0x1c c:/st/stm32cubeide_1.6.1/stm32cubeide/plugins/com.st.stm32cube.ide.mcu.externaltools.gnu-tools-for-stm32.9-2020-q2-update.win32_1.5.0.202011040924/tools/bin/../lib/gcc/arm-none-eabi/9.3.1/thumb/v7-m/nofp/crtbegin.o
 *(.bss*)
 .bss.pTxMailbox
                0x0000000020000208        0x4 Core/can/user_can.o
                0x0000000020000208                pTxMailbox
 .bss.sec_cnt.8608
                0x000000002000020c        0x2 Core/module/timmer_model.o
 .bss.get_adc_flag.8609
                0x000000002000020e        0x2 Core/module/timmer_model.o
 .bss.uart_cnt  0x0000000020000210        0x1 Core/module/uart_module.o
                0x0000000020000210                uart_cnt
 .bss.chg_fsm   0x0000000020000211        0x1 Core/protocol/bat_can.o
                0x0000000020000211                chg_fsm
 .bss.temp16    0x0000000020000212        0x2 Core/protocol/bat_can.o
                0x0000000020000212                temp16
 .bss.retry_cnt.8660
                0x0000000020000214        0x2 Core/protocol/bat_can.o
 *(COMMON)
 *fill*         0x0000000020000216        0x2 
 COMMON         0x0000000020000218       0x28 Core/Src/can.o
                0x0000000020000218                hcan
 COMMON         0x0000000020000240        0xc Core/Src/iwdg.o
                0x0000000020000240                hiwdg
 COMMON         0x000000002000024c       0x48 Core/Src/tim.o
                0x000000002000024c                htim2
 COMMON         0x0000000020000294       0x88 Core/Src/usart.o
                0x0000000020000294                hdma_usart2_rx
                0x00000000200002d8                huart2
 COMMON         0x000000002000031c      0x448 Core/can/user_can.o
                0x000000002000031c                TXHeader
                0x0000000020000334                RXmessage
                0x000000002000033c                adc1
                0x0000000020000340                buffer
                0x0000000020000740                adc2
                0x0000000020000744                RXHeader
                0x0000000020000760                adc3
 COMMON         0x0000000020000764       0x94 Core/protocol/bat_can.o
                0x0000000020000764                chg_flags
                0x0000000020000770                can_battery
 COMMON         0x00000000200007f8        0x4 Drivers/STM32F1xx_HAL_Driver/Src/stm32f1xx_hal.o
                0x00000000200007f8                uwTick
                0x00000000200007fc                . = ALIGN (0x4)
                0x00000000200007fc                _ebss = .
                0x00000000200007fc                __bss_end__ = _ebss

._user_heap_stack
                0x00000000200007fc      0x604 load address 0x00000000080050b8
                0x0000000020000800                . = ALIGN (0x8)
 *fill*         0x00000000200007fc        0x4 
                [!provide]                        PROVIDE (end = .)
                0x0000000020000800                PROVIDE (_end = .)
                0x0000000020000a00                . = (. + _Min_Heap_Size)
 *fill*         0x0000000020000800      0x200 
                0x0000000020000e00                . = (. + _Min_Stack_Size)
 *fill*         0x0000000020000a00      0x400 
                0x0000000020000e00                . = ALIGN (0x8)

/DISCARD/
 libc.a(*)
 libm.a(*)
 libgcc.a(*)

.ARM.attributes
                0x0000000000000000       0x29
 *(.ARM.attributes)
 .ARM.attributes
                0x0000000000000000       0x1d c:/st/stm32cubeide_1.6.1/stm32cubeide/plugins/com.st.stm32cube.ide.mcu.externaltools.gnu-tools-for-stm32.9-2020-q2-update.win32_1.5.0.202011040924/tools/bin/../lib/gcc/arm-none-eabi/9.3.1/thumb/v7-m/nofp/crti.o
 .ARM.attributes
                0x000000000000001d       0x2d c:/st/stm32cubeide_1.6.1/stm32cubeide/plugins/com.st.stm32cube.ide.mcu.externaltools.gnu-tools-for-stm32.9-2020-q2-update.win32_1.5.0.202011040924/tools/bin/../lib/gcc/arm-none-eabi/9.3.1/thumb/v7-m/nofp/crtbegin.o
 .ARM.attributes
                0x000000000000004a       0x2d Core/Src/can.o
 .ARM.attributes
                0x0000000000000077       0x2d Core/Src/dma.o
 .ARM.attributes
                0x00000000000000a4       0x2d Core/Src/gpio.o
 .ARM.attributes
                0x00000000000000d1       0x2d Core/Src/iwdg.o
 .ARM.attributes
                0x00000000000000fe       0x2d Core/Src/main.o
 .ARM.attributes
                0x000000000000012b       0x2d Core/Src/stm32f1xx_hal_msp.o
 .ARM.attributes
                0x0000000000000158       0x2d Core/Src/stm32f1xx_it.o
 .ARM.attributes
                0x0000000000000185       0x2d Core/Src/system_stm32f1xx.o
 .ARM.attributes
                0x00000000000001b2       0x2d Core/Src/tim.o
 .ARM.attributes
                0x00000000000001df       0x2d Core/Src/usart.o
 .ARM.attributes
                0x000000000000020c       0x21 Core/Startup/startup_stm32f103c6tx.o
 .ARM.attributes
                0x000000000000022d       0x2d Core/can/user_can.o
 .ARM.attributes
                0x000000000000025a       0x2d Core/module/timmer_model.o
 .ARM.attributes
                0x0000000000000287       0x2d Core/module/uart_module.o
 .ARM.attributes
                0x00000000000002b4       0x2d Core/protocol/bat_can.o
 .ARM.attributes
                0x00000000000002e1       0x2d Core/protocol/single_wire.o
 .ARM.attributes
                0x000000000000030e       0x2d Drivers/STM32F1xx_HAL_Driver/Src/stm32f1xx_hal.o
 .ARM.attributes
                0x000000000000033b       0x2d Drivers/STM32F1xx_HAL_Driver/Src/stm32f1xx_hal_can.o
 .ARM.attributes
                0x0000000000000368       0x2d Drivers/STM32F1xx_HAL_Driver/Src/stm32f1xx_hal_cortex.o
 .ARM.attributes
                0x0000000000000395       0x2d Drivers/STM32F1xx_HAL_Driver/Src/stm32f1xx_hal_dma.o
 .ARM.attributes
                0x00000000000003c2       0x2d Drivers/STM32F1xx_HAL_Driver/Src/stm32f1xx_hal_gpio.o
 .ARM.attributes
                0x00000000000003ef       0x2d Drivers/STM32F1xx_HAL_Driver/Src/stm32f1xx_hal_iwdg.o
 .ARM.attributes
                0x000000000000041c       0x2d Drivers/STM32F1xx_HAL_Driver/Src/stm32f1xx_hal_rcc.o
 .ARM.attributes
                0x0000000000000449       0x2d Drivers/STM32F1xx_HAL_Driver/Src/stm32f1xx_hal_tim.o
 .ARM.attributes
                0x0000000000000476       0x2d Drivers/STM32F1xx_HAL_Driver/Src/stm32f1xx_hal_tim_ex.o
 .ARM.attributes
                0x00000000000004a3       0x2d Drivers/STM32F1xx_HAL_Driver/Src/stm32f1xx_hal_uart.o
 .ARM.attributes
                0x00000000000004d0       0x2d c:/st/stm32cubeide_1.6.1/stm32cubeide/plugins/com.st.stm32cube.ide.mcu.externaltools.gnu-tools-for-stm32.9-2020-q2-update.win32_1.5.0.202011040924/tools/bin/../lib/gcc/arm-none-eabi/9.3.1/../../../../arm-none-eabi/lib/thumb/v7-m/nofp\libc_nano.a(lib_a-init.o)
 .ARM.attributes
                0x00000000000004fd       0x2d c:/st/stm32cubeide_1.6.1/stm32cubeide/plugins/com.st.stm32cube.ide.mcu.externaltools.gnu-tools-for-stm32.9-2020-q2-update.win32_1.5.0.202011040924/tools/bin/../lib/gcc/arm-none-eabi/9.3.1/../../../../arm-none-eabi/lib/thumb/v7-m/nofp\libc_nano.a(lib_a-memcpy-stub.o)
 .ARM.attributes
                0x000000000000052a       0x2d c:/st/stm32cubeide_1.6.1/stm32cubeide/plugins/com.st.stm32cube.ide.mcu.externaltools.gnu-tools-for-stm32.9-2020-q2-update.win32_1.5.0.202011040924/tools/bin/../lib/gcc/arm-none-eabi/9.3.1/../../../../arm-none-eabi/lib/thumb/v7-m/nofp\libc_nano.a(lib_a-memset.o)
 .ARM.attributes
                0x0000000000000557       0x1d c:/st/stm32cubeide_1.6.1/stm32cubeide/plugins/com.st.stm32cube.ide.mcu.externaltools.gnu-tools-for-stm32.9-2020-q2-update.win32_1.5.0.202011040924/tools/bin/../lib/gcc/arm-none-eabi/9.3.1/thumb/v7-m/nofp/crtn.o
OUTPUT(QDS_BRIDGE.elf elf32-littlearm)
LOAD linker stubs
LOAD c:/st/stm32cubeide_1.6.1/stm32cubeide/plugins/com.st.stm32cube.ide.mcu.externaltools.gnu-tools-for-stm32.9-2020-q2-update.win32_1.5.0.202011040924/tools/bin/../lib/gcc/arm-none-eabi/9.3.1/../../../../arm-none-eabi/lib/thumb/v7-m/nofp\libc.a
LOAD c:/st/stm32cubeide_1.6.1/stm32cubeide/plugins/com.st.stm32cube.ide.mcu.externaltools.gnu-tools-for-stm32.9-2020-q2-update.win32_1.5.0.202011040924/tools/bin/../lib/gcc/arm-none-eabi/9.3.1/../../../../arm-none-eabi/lib/thumb/v7-m/nofp\libm.a
LOAD c:/st/stm32cubeide_1.6.1/stm32cubeide/plugins/com.st.stm32cube.ide.mcu.externaltools.gnu-tools-for-stm32.9-2020-q2-update.win32_1.5.0.202011040924/tools/bin/../lib/gcc/arm-none-eabi/9.3.1/thumb/v7-m/nofp\libgcc.a

.debug_info     0x0000000000000000    0x1947d
 .debug_info    0x0000000000000000      0x913 Core/Src/can.o
 .debug_info    0x0000000000000913      0x378 Core/Src/dma.o
 .debug_info    0x0000000000000c8b      0x38f Core/Src/gpio.o
 .debug_info    0x000000000000101a      0x286 Core/Src/iwdg.o
 .debug_info    0x00000000000012a0     0x1f6c Core/Src/main.o
 .debug_info    0x000000000000320c      0x2fc Core/Src/stm32f1xx_hal_msp.o
 .debug_info    0x0000000000003508     0x1d22 Core/Src/stm32f1xx_it.o
 .debug_info    0x000000000000522a      0x2be Core/Src/system_stm32f1xx.o
 .debug_info    0x00000000000054e8      0xa17 Core/Src/tim.o
 .debug_info    0x0000000000005eff      0x994 Core/Src/usart.o
 .debug_info    0x0000000000006893       0x22 Core/Startup/startup_stm32f103c6tx.o
 .debug_info    0x00000000000068b5     0x20e0 Core/can/user_can.o
 .debug_info    0x0000000000008995     0x1d02 Core/module/timmer_model.o
 .debug_info    0x000000000000a697     0x1e55 Core/module/uart_module.o
 .debug_info    0x000000000000c4ec     0x1d9a Core/protocol/bat_can.o
 .debug_info    0x000000000000e286     0x1ec7 Core/protocol/single_wire.o
 .debug_info    0x000000000001014d      0x74c Drivers/STM32F1xx_HAL_Driver/Src/stm32f1xx_hal.o
 .debug_info    0x0000000000010899     0x107a Drivers/STM32F1xx_HAL_Driver/Src/stm32f1xx_hal_can.o
 .debug_info    0x0000000000011913      0xbbe Drivers/STM32F1xx_HAL_Driver/Src/stm32f1xx_hal_cortex.o
 .debug_info    0x00000000000124d1      0x81e Drivers/STM32F1xx_HAL_Driver/Src/stm32f1xx_hal_dma.o
 .debug_info    0x0000000000012cef      0x701 Drivers/STM32F1xx_HAL_Driver/Src/stm32f1xx_hal_gpio.o
 .debug_info    0x00000000000133f0      0x2cb Drivers/STM32F1xx_HAL_Driver/Src/stm32f1xx_hal_iwdg.o
 .debug_info    0x00000000000136bb      0x88e Drivers/STM32F1xx_HAL_Driver/Src/stm32f1xx_hal_rcc.o
 .debug_info    0x0000000000013f49     0x2a45 Drivers/STM32F1xx_HAL_Driver/Src/stm32f1xx_hal_tim.o
 .debug_info    0x000000000001698e     0x14d5 Drivers/STM32F1xx_HAL_Driver/Src/stm32f1xx_hal_tim_ex.o
 .debug_info    0x0000000000017e63     0x161a Drivers/STM32F1xx_HAL_Driver/Src/stm32f1xx_hal_uart.o

.debug_abbrev   0x0000000000000000     0x346f
 .debug_abbrev  0x0000000000000000      0x1f1 Core/Src/can.o
 .debug_abbrev  0x00000000000001f1      0x11b Core/Src/dma.o
 .debug_abbrev  0x000000000000030c      0x14e Core/Src/gpio.o
 .debug_abbrev  0x000000000000045a      0x11f Core/Src/iwdg.o
 .debug_abbrev  0x0000000000000579      0x2a9 Core/Src/main.o
 .debug_abbrev  0x0000000000000822      0x11d Core/Src/stm32f1xx_hal_msp.o
 .debug_abbrev  0x000000000000093f      0x256 Core/Src/stm32f1xx_it.o
 .debug_abbrev  0x0000000000000b95      0x14e Core/Src/system_stm32f1xx.o
 .debug_abbrev  0x0000000000000ce3      0x1bb Core/Src/tim.o
 .debug_abbrev  0x0000000000000e9e      0x1c4 Core/Src/usart.o
 .debug_abbrev  0x0000000000001062       0x12 Core/Startup/startup_stm32f103c6tx.o
 .debug_abbrev  0x0000000000001074      0x2f9 Core/can/user_can.o
 .debug_abbrev  0x000000000000136d      0x260 Core/module/timmer_model.o
 .debug_abbrev  0x00000000000015cd      0x2cd Core/module/uart_module.o
 .debug_abbrev  0x000000000000189a      0x2bf Core/protocol/bat_can.o
 .debug_abbrev  0x0000000000001b59      0x2ce Core/protocol/single_wire.o
 .debug_abbrev  0x0000000000001e27      0x1ed Drivers/STM32F1xx_HAL_Driver/Src/stm32f1xx_hal.o
 .debug_abbrev  0x0000000000002014      0x224 Drivers/STM32F1xx_HAL_Driver/Src/stm32f1xx_hal_can.o
 .debug_abbrev  0x0000000000002238      0x313 Drivers/STM32F1xx_HAL_Driver/Src/stm32f1xx_hal_cortex.o
 .debug_abbrev  0x000000000000254b      0x228 Drivers/STM32F1xx_HAL_Driver/Src/stm32f1xx_hal_dma.o
 .debug_abbrev  0x0000000000002773      0x1e8 Drivers/STM32F1xx_HAL_Driver/Src/stm32f1xx_hal_gpio.o
 .debug_abbrev  0x000000000000295b      0x152 Drivers/STM32F1xx_HAL_Driver/Src/stm32f1xx_hal_iwdg.o
 .debug_abbrev  0x0000000000002aad      0x273 Drivers/STM32F1xx_HAL_Driver/Src/stm32f1xx_hal_rcc.o
 .debug_abbrev  0x0000000000002d20      0x25e Drivers/STM32F1xx_HAL_Driver/Src/stm32f1xx_hal_tim.o
 .debug_abbrev  0x0000000000002f7e      0x266 Drivers/STM32F1xx_HAL_Driver/Src/stm32f1xx_hal_tim_ex.o
 .debug_abbrev  0x00000000000031e4      0x28b Drivers/STM32F1xx_HAL_Driver/Src/stm32f1xx_hal_uart.o

.debug_aranges  0x0000000000000000      0xf38
 .debug_aranges
                0x0000000000000000       0x30 Core/Src/can.o
 .debug_aranges
                0x0000000000000030       0x20 Core/Src/dma.o
 .debug_aranges
                0x0000000000000050       0x20 Core/Src/gpio.o
 .debug_aranges
                0x0000000000000070       0x20 Core/Src/iwdg.o
 .debug_aranges
                0x0000000000000090       0x30 Core/Src/main.o
 .debug_aranges
                0x00000000000000c0       0x20 Core/Src/stm32f1xx_hal_msp.o
 .debug_aranges
                0x00000000000000e0       0x80 Core/Src/stm32f1xx_it.o
 .debug_aranges
                0x0000000000000160       0x28 Core/Src/system_stm32f1xx.o
 .debug_aranges
                0x0000000000000188       0x30 Core/Src/tim.o
 .debug_aranges
                0x00000000000001b8       0x30 Core/Src/usart.o
 .debug_aranges
                0x00000000000001e8       0x28 Core/Startup/startup_stm32f103c6tx.o
 .debug_aranges
                0x0000000000000210       0x50 Core/can/user_can.o
 .debug_aranges
                0x0000000000000260       0x20 Core/module/timmer_model.o
 .debug_aranges
                0x0000000000000280       0x70 Core/module/uart_module.o
 .debug_aranges
                0x00000000000002f0       0x28 Core/protocol/bat_can.o
 .debug_aranges
                0x0000000000000318       0x40 Core/protocol/single_wire.o
 .debug_aranges
                0x0000000000000358       0xe0 Drivers/STM32F1xx_HAL_Driver/Src/stm32f1xx_hal.o
 .debug_aranges
                0x0000000000000438      0x138 Drivers/STM32F1xx_HAL_Driver/Src/stm32f1xx_hal_can.o
 .debug_aranges
                0x0000000000000570      0x100 Drivers/STM32F1xx_HAL_Driver/Src/stm32f1xx_hal_cortex.o
 .debug_aranges
                0x0000000000000670       0x80 Drivers/STM32F1xx_HAL_Driver/Src/stm32f1xx_hal_dma.o
 .debug_aranges
                0x00000000000006f0       0x58 Drivers/STM32F1xx_HAL_Driver/Src/stm32f1xx_hal_gpio.o
 .debug_aranges
                0x0000000000000748       0x28 Drivers/STM32F1xx_HAL_Driver/Src/stm32f1xx_hal_iwdg.o
 .debug_aranges
                0x0000000000000770       0x90 Drivers/STM32F1xx_HAL_Driver/Src/stm32f1xx_hal_rcc.o
 .debug_aranges
                0x0000000000000800      0x3d0 Drivers/STM32F1xx_HAL_Driver/Src/stm32f1xx_hal_tim.o
 .debug_aranges
                0x0000000000000bd0      0x168 Drivers/STM32F1xx_HAL_Driver/Src/stm32f1xx_hal_tim_ex.o
 .debug_aranges
                0x0000000000000d38      0x200 Drivers/STM32F1xx_HAL_Driver/Src/stm32f1xx_hal_uart.o

.debug_ranges   0x0000000000000000      0xdd0
 .debug_ranges  0x0000000000000000       0x20 Core/Src/can.o
 .debug_ranges  0x0000000000000020       0x10 Core/Src/dma.o
 .debug_ranges  0x0000000000000030       0x10 Core/Src/gpio.o
 .debug_ranges  0x0000000000000040       0x10 Core/Src/iwdg.o
 .debug_ranges  0x0000000000000050       0x20 Core/Src/main.o
 .debug_ranges  0x0000000000000070       0x10 Core/Src/stm32f1xx_hal_msp.o
 .debug_ranges  0x0000000000000080       0x70 Core/Src/stm32f1xx_it.o
 .debug_ranges  0x00000000000000f0       0x18 Core/Src/system_stm32f1xx.o
 .debug_ranges  0x0000000000000108       0x20 Core/Src/tim.o
 .debug_ranges  0x0000000000000128       0x20 Core/Src/usart.o
 .debug_ranges  0x0000000000000148       0x20 Core/Startup/startup_stm32f103c6tx.o
 .debug_ranges  0x0000000000000168       0x40 Core/can/user_can.o
 .debug_ranges  0x00000000000001a8       0x10 Core/module/timmer_model.o
 .debug_ranges  0x00000000000001b8       0x60 Core/module/uart_module.o
 .debug_ranges  0x0000000000000218       0x18 Core/protocol/bat_can.o
 .debug_ranges  0x0000000000000230       0x30 Core/protocol/single_wire.o
 .debug_ranges  0x0000000000000260       0xd0 Drivers/STM32F1xx_HAL_Driver/Src/stm32f1xx_hal.o
 .debug_ranges  0x0000000000000330      0x128 Drivers/STM32F1xx_HAL_Driver/Src/stm32f1xx_hal_can.o
 .debug_ranges  0x0000000000000458       0xf0 Drivers/STM32F1xx_HAL_Driver/Src/stm32f1xx_hal_cortex.o
 .debug_ranges  0x0000000000000548       0x70 Drivers/STM32F1xx_HAL_Driver/Src/stm32f1xx_hal_dma.o
 .debug_ranges  0x00000000000005b8       0x48 Drivers/STM32F1xx_HAL_Driver/Src/stm32f1xx_hal_gpio.o
 .debug_ranges  0x0000000000000600       0x18 Drivers/STM32F1xx_HAL_Driver/Src/stm32f1xx_hal_iwdg.o
 .debug_ranges  0x0000000000000618       0x80 Drivers/STM32F1xx_HAL_Driver/Src/stm32f1xx_hal_rcc.o
 .debug_ranges  0x0000000000000698      0x3c0 Drivers/STM32F1xx_HAL_Driver/Src/stm32f1xx_hal_tim.o
 .debug_ranges  0x0000000000000a58      0x158 Drivers/STM32F1xx_HAL_Driver/Src/stm32f1xx_hal_tim_ex.o
 .debug_ranges  0x0000000000000bb0      0x220 Drivers/STM32F1xx_HAL_Driver/Src/stm32f1xx_hal_uart.o

.debug_macro    0x0000000000000000    0x1a170
 .debug_macro   0x0000000000000000      0x1cf Core/Src/can.o
 .debug_macro   0x00000000000001cf      0xa9c Core/Src/can.o
 .debug_macro   0x0000000000000c6b      0x22d Core/Src/can.o
 .debug_macro   0x0000000000000e98       0x2e Core/Src/can.o
 .debug_macro   0x0000000000000ec6       0x22 Core/Src/can.o
 .debug_macro   0x0000000000000ee8       0x22 Core/Src/can.o
 .debug_macro   0x0000000000000f0a       0x8e Core/Src/can.o
 .debug_macro   0x0000000000000f98       0x51 Core/Src/can.o
 .debug_macro   0x0000000000000fe9      0x103 Core/Src/can.o
 .debug_macro   0x00000000000010ec       0x6a Core/Src/can.o
 .debug_macro   0x0000000000001156      0x1df Core/Src/can.o
 .debug_macro   0x0000000000001335       0x1c Core/Src/can.o
 .debug_macro   0x0000000000001351       0x22 Core/Src/can.o
 .debug_macro   0x0000000000001373       0xc3 Core/Src/can.o
 .debug_macro   0x0000000000001436      0xd23 Core/Src/can.o
 .debug_macro   0x0000000000002159     0xde75 Core/Src/can.o
 .debug_macro   0x000000000000ffce       0x6d Core/Src/can.o
 .debug_macro   0x000000000001003b     0x3468 Core/Src/can.o
 .debug_macro   0x00000000000134a3      0x174 Core/Src/can.o
 .debug_macro   0x0000000000013617       0x5c Core/Src/can.o
 .debug_macro   0x0000000000013673      0x5be Core/Src/can.o
 .debug_macro   0x0000000000013c31      0x1b7 Core/Src/can.o
 .debug_macro   0x0000000000013de8      0x1cb Core/Src/can.o
 .debug_macro   0x0000000000013fb3      0x114 Core/Src/can.o
 .debug_macro   0x00000000000140c7      0x1b2 Core/Src/can.o
 .debug_macro   0x0000000000014279       0x27 Core/Src/can.o
 .debug_macro   0x00000000000142a0      0x12f Core/Src/can.o
 .debug_macro   0x00000000000143cf      0x1bc Core/Src/can.o
 .debug_macro   0x000000000001458b       0x34 Core/Src/can.o
 .debug_macro   0x00000000000145bf       0x3c Core/Src/can.o
 .debug_macro   0x00000000000145fb      0x408 Core/Src/can.o
 .debug_macro   0x0000000000014a03       0x57 Core/Src/can.o
 .debug_macro   0x0000000000014a5a       0x88 Core/Src/can.o
 .debug_macro   0x0000000000014ae2      0x183 Core/Src/can.o
 .debug_macro   0x0000000000014c65       0x78 Core/Src/can.o
 .debug_macro   0x0000000000014cdd      0x141 Core/Src/can.o
 .debug_macro   0x0000000000014e1e      0x8d1 Core/Src/can.o
 .debug_macro   0x00000000000156ef      0x279 Core/Src/can.o
 .debug_macro   0x0000000000015968       0x69 Core/Src/can.o
 .debug_macro   0x00000000000159d1       0x10 Core/Src/can.o
 .debug_macro   0x00000000000159e1      0x1cf Core/Src/dma.o
 .debug_macro   0x0000000000015bb0      0x1cf Core/Src/gpio.o
 .debug_macro   0x0000000000015d7f      0x1cf Core/Src/iwdg.o
 .debug_macro   0x0000000000015f4e      0x419 Core/Src/main.o
 .debug_macro   0x0000000000016367       0x18 Core/Src/main.o
 .debug_macro   0x000000000001637f       0x52 Core/Src/main.o
 .debug_macro   0x00000000000163d1       0x3c Core/Src/main.o
 .debug_macro   0x000000000001640d       0x34 Core/Src/main.o
 .debug_macro   0x0000000000016441       0x16 Core/Src/main.o
 .debug_macro   0x0000000000016457       0x35 Core/Src/main.o
 .debug_macro   0x000000000001648c       0x16 Core/Src/main.o
 .debug_macro   0x00000000000164a2       0x43 Core/Src/main.o
 .debug_macro   0x00000000000164e5       0x34 Core/Src/main.o
 .debug_macro   0x0000000000016519       0x10 Core/Src/main.o
 .debug_macro   0x0000000000016529       0x58 Core/Src/main.o
 .debug_macro   0x0000000000016581       0x71 Core/Src/main.o
 .debug_macro   0x00000000000165f2       0x1c Core/Src/main.o
 .debug_macro   0x000000000001660e      0x12a Core/Src/main.o
 .debug_macro   0x0000000000016738      0x333 Core/Src/main.o
 .debug_macro   0x0000000000016a6b       0x16 Core/Src/main.o
 .debug_macro   0x0000000000016a81       0x29 Core/Src/main.o
 .debug_macro   0x0000000000016aaa       0x1c Core/Src/main.o
 .debug_macro   0x0000000000016ac6       0x10 Core/Src/main.o
 .debug_macro   0x0000000000016ad6       0x10 Core/Src/main.o
 .debug_macro   0x0000000000016ae6       0x1c Core/Src/main.o
 .debug_macro   0x0000000000016b02       0x52 Core/Src/main.o
 .debug_macro   0x0000000000016b54       0x22 Core/Src/main.o
 .debug_macro   0x0000000000016b76       0x10 Core/Src/main.o
 .debug_macro   0x0000000000016b86       0x40 Core/Src/main.o
 .debug_macro   0x0000000000016bc6       0xd5 Core/Src/main.o
 .debug_macro   0x0000000000016c9b       0x1c Core/Src/main.o
 .debug_macro   0x0000000000016cb7       0x3d Core/Src/main.o
 .debug_macro   0x0000000000016cf4       0x16 Core/Src/main.o
 .debug_macro   0x0000000000016d0a      0x145 Core/Src/main.o
 .debug_macro   0x0000000000016e4f       0x16 Core/Src/main.o
 .debug_macro   0x0000000000016e65       0x20 Core/Src/main.o
 .debug_macro   0x0000000000016e85      0x1a9 Core/Src/main.o
 .debug_macro   0x000000000001702e       0x22 Core/Src/main.o
 .debug_macro   0x0000000000017050       0x16 Core/Src/main.o
 .debug_macro   0x0000000000017066      0x1c5 Core/Src/stm32f1xx_hal_msp.o
 .debug_macro   0x000000000001722b      0x405 Core/Src/stm32f1xx_it.o
 .debug_macro   0x0000000000017630      0x1b6 Core/Src/system_stm32f1xx.o
 .debug_macro   0x00000000000177e6      0x1cf Core/Src/tim.o
 .debug_macro   0x00000000000179b5      0x1cf Core/Src/usart.o
 .debug_macro   0x0000000000017b84      0x405 Core/can/user_can.o
 .debug_macro   0x0000000000017f89       0x10 Core/can/user_can.o
 .debug_macro   0x0000000000017f99      0x3fb Core/module/timmer_model.o
 .debug_macro   0x0000000000018394      0x40b Core/module/uart_module.o
 .debug_macro   0x000000000001879f      0x3ff Core/protocol/bat_can.o
 .debug_macro   0x0000000000018b9e      0x3ff Core/protocol/single_wire.o
 .debug_macro   0x0000000000018f9d      0x1da Drivers/STM32F1xx_HAL_Driver/Src/stm32f1xx_hal.o
 .debug_macro   0x0000000000019177      0x1be Drivers/STM32F1xx_HAL_Driver/Src/stm32f1xx_hal_can.o
 .debug_macro   0x0000000000019335      0x1b6 Drivers/STM32F1xx_HAL_Driver/Src/stm32f1xx_hal_cortex.o
 .debug_macro   0x00000000000194eb      0x1b6 Drivers/STM32F1xx_HAL_Driver/Src/stm32f1xx_hal_dma.o
 .debug_macro   0x00000000000196a1      0x221 Drivers/STM32F1xx_HAL_Driver/Src/stm32f1xx_hal_gpio.o
 .debug_macro   0x00000000000198c2      0x1c2 Drivers/STM32F1xx_HAL_Driver/Src/stm32f1xx_hal_iwdg.o
 .debug_macro   0x0000000000019a84      0x1c8 Drivers/STM32F1xx_HAL_Driver/Src/stm32f1xx_hal_rcc.o
 .debug_macro   0x0000000000019c4c      0x1b7 Drivers/STM32F1xx_HAL_Driver/Src/stm32f1xx_hal_tim.o
 .debug_macro   0x0000000000019e03      0x1b6 Drivers/STM32F1xx_HAL_Driver/Src/stm32f1xx_hal_tim_ex.o
 .debug_macro   0x0000000000019fb9      0x1b7 Drivers/STM32F1xx_HAL_Driver/Src/stm32f1xx_hal_uart.o

.debug_line     0x0000000000000000    0x13c5d
 .debug_line    0x0000000000000000      0x723 Core/Src/can.o
 .debug_line    0x0000000000000723      0x6a7 Core/Src/dma.o
 .debug_line    0x0000000000000dca      0x6ba Core/Src/gpio.o
 .debug_line    0x0000000000001484      0x6b8 Core/Src/iwdg.o
 .debug_line    0x0000000000001b3c      0xa49 Core/Src/main.o
 .debug_line    0x0000000000002585      0x6ad Core/Src/stm32f1xx_hal_msp.o
 .debug_line    0x0000000000002c32      0xac2 Core/Src/stm32f1xx_it.o
 .debug_line    0x00000000000036f4      0x72a Core/Src/system_stm32f1xx.o
 .debug_line    0x0000000000003e1e      0x719 Core/Src/tim.o
 .debug_line    0x0000000000004537      0x741 Core/Src/usart.o
 .debug_line    0x0000000000004c78       0x87 Core/Startup/startup_stm32f103c6tx.o
 .debug_line    0x0000000000004cff      0xb40 Core/can/user_can.o
 .debug_line    0x000000000000583f      0x9a4 Core/module/timmer_model.o
 .debug_line    0x00000000000061e3      0xad3 Core/module/uart_module.o
 .debug_line    0x0000000000006cb6      0xd60 Core/protocol/bat_can.o
 .debug_line    0x0000000000007a16      0xb77 Core/protocol/single_wire.o
 .debug_line    0x000000000000858d      0x957 Drivers/STM32F1xx_HAL_Driver/Src/stm32f1xx_hal.o
 .debug_line    0x0000000000008ee4     0x10f8 Drivers/STM32F1xx_HAL_Driver/Src/stm32f1xx_hal_can.o
 .debug_line    0x0000000000009fdc      0xb3f Drivers/STM32F1xx_HAL_Driver/Src/stm32f1xx_hal_cortex.o
 .debug_line    0x000000000000ab1b      0xdaf Drivers/STM32F1xx_HAL_Driver/Src/stm32f1xx_hal_dma.o
 .debug_line    0x000000000000b8ca      0x9d8 Drivers/STM32F1xx_HAL_Driver/Src/stm32f1xx_hal_gpio.o
 .debug_line    0x000000000000c2a2      0x722 Drivers/STM32F1xx_HAL_Driver/Src/stm32f1xx_hal_iwdg.o
 .debug_line    0x000000000000c9c4      0xd65 Drivers/STM32F1xx_HAL_Driver/Src/stm32f1xx_hal_rcc.o
 .debug_line    0x000000000000d729     0x32b5 Drivers/STM32F1xx_HAL_Driver/Src/stm32f1xx_hal_tim.o
 .debug_line    0x00000000000109de     0x184d Drivers/STM32F1xx_HAL_Driver/Src/stm32f1xx_hal_tim_ex.o
 .debug_line    0x000000000001222b     0x1a32 Drivers/STM32F1xx_HAL_Driver/Src/stm32f1xx_hal_uart.o

.debug_str      0x0000000000000000    0x8c401
 .debug_str     0x0000000000000000    0x83919 Core/Src/can.o
                                      0x83d12 (size before relaxing)
 .debug_str     0x0000000000083919       0x29 Core/Src/dma.o
                                      0x839b7 (size before relaxing)
 .debug_str     0x0000000000083942       0x48 Core/Src/gpio.o
                                      0x83797 (size before relaxing)
 .debug_str     0x000000000008398a       0x63 Core/Src/iwdg.o
                                      0x83755 (size before relaxing)
 .debug_str     0x00000000000839ed     0x56d6 Core/Src/main.o
                                      0x8928c (size before relaxing)
 .debug_str     0x00000000000890c3       0x50 Core/Src/stm32f1xx_hal_msp.o
                                      0x8374d (size before relaxing)
 .debug_str     0x0000000000089113       0xf8 Core/Src/stm32f1xx_it.o
                                      0x891a0 (size before relaxing)
 .debug_str     0x000000000008920b       0x52 Core/Src/system_stm32f1xx.o
                                      0x83713 (size before relaxing)
 .debug_str     0x000000000008925d       0xf7 Core/Src/tim.o
                                      0x83f7c (size before relaxing)
 .debug_str     0x0000000000089354       0x57 Core/Src/usart.o
                                      0x83e31 (size before relaxing)
 .debug_str     0x00000000000893ab       0x36 Core/Startup/startup_stm32f103c6tx.o
                                         0x66 (size before relaxing)
 .debug_str     0x00000000000893e1      0x21e Core/can/user_can.o
                                      0x8930c (size before relaxing)
 .debug_str     0x00000000000895ff       0x56 Core/module/timmer_model.o
                                      0x890fa (size before relaxing)
 .debug_str     0x0000000000089655      0x13b Core/module/uart_module.o
                                      0x891f5 (size before relaxing)
 .debug_str     0x0000000000089790       0x78 Core/protocol/bat_can.o
                                      0x89112 (size before relaxing)
 .debug_str     0x0000000000089808       0xaf Core/protocol/single_wire.o
                                      0x89151 (size before relaxing)
 .debug_str     0x00000000000898b7      0x2f2 Drivers/STM32F1xx_HAL_Driver/Src/stm32f1xx_hal.o
                                      0x83d6a (size before relaxing)
 .debug_str     0x0000000000089ba9      0x44b Drivers/STM32F1xx_HAL_Driver/Src/stm32f1xx_hal_can.o
                                      0x83f33 (size before relaxing)
 .debug_str     0x0000000000089ff4      0x2d8 Drivers/STM32F1xx_HAL_Driver/Src/stm32f1xx_hal_cortex.o
                                      0x83d72 (size before relaxing)
 .debug_str     0x000000000008a2cc      0x230 Drivers/STM32F1xx_HAL_Driver/Src/stm32f1xx_hal_dma.o
                                      0x83aee (size before relaxing)
 .debug_str     0x000000000008a4fc      0x31f Drivers/STM32F1xx_HAL_Driver/Src/stm32f1xx_hal_gpio.o
                                      0x83ad7 (size before relaxing)
 .debug_str     0x000000000008a81b       0xf3 Drivers/STM32F1xx_HAL_Driver/Src/stm32f1xx_hal_iwdg.o
                                      0x83807 (size before relaxing)
 .debug_str     0x000000000008a90e      0x24f Drivers/STM32F1xx_HAL_Driver/Src/stm32f1xx_hal_rcc.o
                                      0x83b10 (size before relaxing)
 .debug_str     0x000000000008ab5d      0xdc3 Drivers/STM32F1xx_HAL_Driver/Src/stm32f1xx_hal_tim.o
                                      0x84ae2 (size before relaxing)
 .debug_str     0x000000000008b920      0x4ee Drivers/STM32F1xx_HAL_Driver/Src/stm32f1xx_hal_tim_ex.o
                                      0x84293 (size before relaxing)
 .debug_str     0x000000000008be0e      0x5f3 Drivers/STM32F1xx_HAL_Driver/Src/stm32f1xx_hal_uart.o
                                      0x84102 (size before relaxing)

.comment        0x0000000000000000       0x53
 .comment       0x0000000000000000       0x53 Core/Src/can.o
                                         0x54 (size before relaxing)
 .comment       0x0000000000000053       0x54 Core/Src/dma.o
 .comment       0x0000000000000053       0x54 Core/Src/gpio.o
 .comment       0x0000000000000053       0x54 Core/Src/iwdg.o
 .comment       0x0000000000000053       0x54 Core/Src/main.o
 .comment       0x0000000000000053       0x54 Core/Src/stm32f1xx_hal_msp.o
 .comment       0x0000000000000053       0x54 Core/Src/stm32f1xx_it.o
 .comment       0x0000000000000053       0x54 Core/Src/system_stm32f1xx.o
 .comment       0x0000000000000053       0x54 Core/Src/tim.o
 .comment       0x0000000000000053       0x54 Core/Src/usart.o
 .comment       0x0000000000000053       0x54 Core/can/user_can.o
 .comment       0x0000000000000053       0x54 Core/module/timmer_model.o
 .comment       0x0000000000000053       0x54 Core/module/uart_module.o
 .comment       0x0000000000000053       0x54 Core/protocol/bat_can.o
 .comment       0x0000000000000053       0x54 Core/protocol/single_wire.o
 .comment       0x0000000000000053       0x54 Drivers/STM32F1xx_HAL_Driver/Src/stm32f1xx_hal.o
 .comment       0x0000000000000053       0x54 Drivers/STM32F1xx_HAL_Driver/Src/stm32f1xx_hal_can.o
 .comment       0x0000000000000053       0x54 Drivers/STM32F1xx_HAL_Driver/Src/stm32f1xx_hal_cortex.o
 .comment       0x0000000000000053       0x54 Drivers/STM32F1xx_HAL_Driver/Src/stm32f1xx_hal_dma.o
 .comment       0x0000000000000053       0x54 Drivers/STM32F1xx_HAL_Driver/Src/stm32f1xx_hal_gpio.o
 .comment       0x0000000000000053       0x54 Drivers/STM32F1xx_HAL_Driver/Src/stm32f1xx_hal_iwdg.o
 .comment       0x0000000000000053       0x54 Drivers/STM32F1xx_HAL_Driver/Src/stm32f1xx_hal_rcc.o
 .comment       0x0000000000000053       0x54 Drivers/STM32F1xx_HAL_Driver/Src/stm32f1xx_hal_tim.o
 .comment       0x0000000000000053       0x54 Drivers/STM32F1xx_HAL_Driver/Src/stm32f1xx_hal_tim_ex.o
 .comment       0x0000000000000053       0x54 Drivers/STM32F1xx_HAL_Driver/Src/stm32f1xx_hal_uart.o

.debug_frame    0x0000000000000000     0x3cb0
 .debug_frame   0x0000000000000000       0x74 Core/Src/can.o
 .debug_frame   0x0000000000000074       0x34 Core/Src/dma.o
 .debug_frame   0x00000000000000a8       0x34 Core/Src/gpio.o
 .debug_frame   0x00000000000000dc       0x2c Core/Src/iwdg.o
 .debug_frame   0x0000000000000108       0x68 Core/Src/main.o
 .debug_frame   0x0000000000000170       0x38 Core/Src/stm32f1xx_hal_msp.o
 .debug_frame   0x00000000000001a8      0x174 Core/Src/stm32f1xx_it.o
 .debug_frame   0x000000000000031c       0x58 Core/Src/system_stm32f1xx.o
 .debug_frame   0x0000000000000374       0x7c Core/Src/tim.o
 .debug_frame   0x00000000000003f0       0x74 Core/Src/usart.o
 .debug_frame   0x0000000000000464      0x114 Core/can/user_can.o
 .debug_frame   0x0000000000000578       0x34 Core/module/timmer_model.o
 .debug_frame   0x00000000000005ac      0x194 Core/module/uart_module.o
 .debug_frame   0x0000000000000740       0x60 Core/protocol/bat_can.o
 .debug_frame   0x00000000000007a0       0xd0 Core/protocol/single_wire.o
 .debug_frame   0x0000000000000870      0x334 Drivers/STM32F1xx_HAL_Driver/Src/stm32f1xx_hal.o
 .debug_frame   0x0000000000000ba4      0x5a0 Drivers/STM32F1xx_HAL_Driver/Src/stm32f1xx_hal_can.o
 .debug_frame   0x0000000000001144      0x428 Drivers/STM32F1xx_HAL_Driver/Src/stm32f1xx_hal_cortex.o
 .debug_frame   0x000000000000156c      0x208 Drivers/STM32F1xx_HAL_Driver/Src/stm32f1xx_hal_dma.o
 .debug_frame   0x0000000000001774      0x14c Drivers/STM32F1xx_HAL_Driver/Src/stm32f1xx_hal_gpio.o
 .debug_frame   0x00000000000018c0       0x5c Drivers/STM32F1xx_HAL_Driver/Src/stm32f1xx_hal_iwdg.o
 .debug_frame   0x000000000000191c      0x21c Drivers/STM32F1xx_HAL_Driver/Src/stm32f1xx_hal_rcc.o
 .debug_frame   0x0000000000001b38     0x11b8 Drivers/STM32F1xx_HAL_Driver/Src/stm32f1xx_hal_tim.o
 .debug_frame   0x0000000000002cf0      0x638 Drivers/STM32F1xx_HAL_Driver/Src/stm32f1xx_hal_tim_ex.o
 .debug_frame   0x0000000000003328      0x914 Drivers/STM32F1xx_HAL_Driver/Src/stm32f1xx_hal_uart.o
 .debug_frame   0x0000000000003c3c       0x2c c:/st/stm32cubeide_1.6.1/stm32cubeide/plugins/com.st.stm32cube.ide.mcu.externaltools.gnu-tools-for-stm32.9-2020-q2-update.win32_1.5.0.202011040924/tools/bin/../lib/gcc/arm-none-eabi/9.3.1/../../../../arm-none-eabi/lib/thumb/v7-m/nofp\libc_nano.a(lib_a-init.o)
 .debug_frame   0x0000000000003c68       0x28 c:/st/stm32cubeide_1.6.1/stm32cubeide/plugins/com.st.stm32cube.ide.mcu.externaltools.gnu-tools-for-stm32.9-2020-q2-update.win32_1.5.0.202011040924/tools/bin/../lib/gcc/arm-none-eabi/9.3.1/../../../../arm-none-eabi/lib/thumb/v7-m/nofp\libc_nano.a(lib_a-memcpy-stub.o)
 .debug_frame   0x0000000000003c90       0x20 c:/st/stm32cubeide_1.6.1/stm32cubeide/plugins/com.st.stm32cube.ide.mcu.externaltools.gnu-tools-for-stm32.9-2020-q2-update.win32_1.5.0.202011040924/tools/bin/../lib/gcc/arm-none-eabi/9.3.1/../../../../arm-none-eabi/lib/thumb/v7-m/nofp\libc_nano.a(lib_a-memset.o)
